Component: ARM Compiler 5.06 update 7 (build 960) Tool: armlink [4d3601]

==============================================================================

Section Cross References

    main.o(.text) refers to _printf_percent.o(.ARM.Collect$$_printf_percent$$00000000) for _printf_percent
    main.o(.text) refers to _printf_d.o(.ARM.Collect$$_printf_percent$$00000009) for _printf_d
    main.o(.text) refers to _printf_dec.o(.text) for _printf_int_dec
    main.o(.text) refers to misc.o(.text) for NVIC_PriorityGroupConfig
    main.o(.text) refers to delay.o(.text) for delay_init
    main.o(.text) refers to led.o(.text) for LED_Init
    main.o(.text) refers to key.o(.text) for KEY_Init
    main.o(.text) refers to malloc.o(.text) for my_mem_init
    main.o(.text) refers to ringbuffer.o(.text) for RingBuffer_Malloc
    main.o(.text) refers to usart.o(.text) for uart_init
    main.o(.text) refers to uart2.o(.text) for uart2_init
    main.o(.text) refers to __2printf.o(.text) for __2printf
    main.o(.text) refers to atk_d43.o(.text) for dtu_config_init
    main.o(.text) refers to rt_memclr.o(.text) for __aeabi_memclr
    main.o(.text) refers to strlen.o(.text) for strlen
    main.o(.text) refers to main.o(.data) for .data
    main.o(.text) refers to main.o(.conststring) for .conststring
    main.o(.text) refers to main.o(.bss) for .bss
    system_stm32f10x.o(.text) refers to system_stm32f10x.o(.data) for .data
    led.o(.text) refers to stm32f10x_rcc.o(.text) for RCC_APB2PeriphClockCmd
    led.o(.text) refers to stm32f10x_gpio.o(.text) for GPIO_Init
    led.o(.text) refers to led.o(.data) for .data
    key.o(.text) refers to stm32f10x_rcc.o(.text) for RCC_APB2PeriphClockCmd
    key.o(.text) refers to stm32f10x_gpio.o(.text) for GPIO_Init
    key.o(.text) refers to delay.o(.text) for delay_ms
    key.o(.text) refers to key.o(.data) for .data
    lcd.o(.text) refers to _printf_percent.o(.ARM.Collect$$_printf_percent$$00000000) for _printf_percent
    lcd.o(.text) refers to _printf_x.o(.ARM.Collect$$_printf_percent$$0000000C) for _printf_x
    lcd.o(.text) refers to _printf_hex_int.o(.text) for _printf_longlong_hex
    lcd.o(.text) refers to delay.o(.text) for delay_us
    lcd.o(.text) refers to lcd.o(.bss) for .bss
    lcd.o(.text) refers to dflt_clz.o(x$fpl$dfltu) for __aeabi_ui2d
    lcd.o(.text) refers to dmul.o(x$fpl$dmul) for __aeabi_dmul
    lcd.o(.text) refers to dfixu.o(x$fpl$dfixu) for __aeabi_d2uiz
    lcd.o(.text) refers to lcd.o(.data) for .data
    lcd.o(.text) refers to stm32f10x_rcc.o(.text) for RCC_AHBPeriphClockCmd
    lcd.o(.text) refers to stm32f10x_gpio.o(.text) for GPIO_Init
    lcd.o(.text) refers to stm32f10x_fsmc.o(.text) for FSMC_NORSRAMInit
    lcd.o(.text) refers to __2printf.o(.text) for __2printf
    lcd.o(.text) refers to lcd.o(.constdata) for .constdata
    ringbuffer.o(.text) refers to malloc.o(.text) for mymalloc
    ringbuffer.o(.text) refers to rt_memcpy_v6.o(.text) for __aeabi_memcpy
    atk_d43.o(.text) refers to uart2.o(.text) for usart2_send_data
    atk_d43.o(.text) refers to _printf_percent.o(.ARM.Collect$$_printf_percent$$00000000) for _printf_percent
    atk_d43.o(.text) refers to _printf_s.o(.ARM.Collect$$_printf_percent$$00000014) for _printf_s
    atk_d43.o(.text) refers to _printf_str.o(.text) for _printf_str
    atk_d43.o(.text) refers to _printf_d.o(.ARM.Collect$$_printf_percent$$00000009) for _printf_d
    atk_d43.o(.text) refers to _printf_dec.o(.text) for _printf_int_dec
    atk_d43.o(.text) refers to _scanf_str.o(.text) for _scanf_string
    atk_d43.o(.text) refers to rt_memclr.o(.text) for __aeabi_memclr
    atk_d43.o(.text) refers to strlen.o(.text) for strlen
    atk_d43.o(.text) refers to strstr.o(.text) for strstr
    atk_d43.o(.text) refers to ringbuffer.o(.text) for RingBuffer_Out
    atk_d43.o(.text) refers to delay.o(.text) for delay_ms
    atk_d43.o(.text) refers to __2printf.o(.text) for __2printf
    atk_d43.o(.text) refers to __2snprintf.o(.text) for __2snprintf
    atk_d43.o(.text) refers to rt_memcpy_v6.o(.text) for __aeabi_memcpy
    atk_d43.o(.text) refers to atk_d43.o(.bss) for .bss
    atk_d43.o(.text) refers to main.o(.data) for p_uart2_rxbuf
    atk_d43.o(.text) refers to atk_d43.o(.data) for .data
    atk_d43.o(.text) refers to atk_d43.o(.constdata) for .constdata
    atk_d43.o(.text) refers to strcpy.o(.text) for strcpy
    atk_d43.o(.text) refers to strcmpv7m.o(.text) for strcmp
    atk_d43.o(.text) refers to __2sprintf.o(.text) for __2sprintf
    atk_d43.o(.text) refers to strncpy.o(.text) for strncpy
    atk_d43.o(.text) refers to strchr.o(.text) for strchr
    atk_d43.o(.text) refers to __0sscanf.o(.text) for __0sscanf
    atk_d43.o(.text) refers to atk_d43.o(.conststring) for .conststring
    atk_d43.o(.constdata) refers to atk_d43.o(.conststring) for .conststring
    atk_d43.o(.data) refers to atk_d43.o(.conststring) for .conststring
    atk_d43.o(.data) refers to atk_d43.o(.text) for dtu_urc_atk_error
[...]
    libshutdown.o(.ARM.Collect$$libshutdown$$00000000) refers (Special) to libshutdown2.o(.ARM.Collect$$libshutdown$$0000000E) for __rt_lib_shutdown_user_alloc_1
    sys_command.o(.text) refers (Special) to use_no_semi.o(.text) for __I$use$semihosting
    sys_command.o(.text) refers (Special) to indicate_semi.o(.text) for __semihosting_library_function
    defsig_rtmem_outer.o(.text) refers to defsig_rtmem_inner.o(.text) for __rt_SIGRTMEM_inner
    defsig_rtmem_outer.o(.text) refers to defsig_exit.o(.text) for __sig_exit
    defsig_rtmem_formal.o(.text) refers to rt_raise.o(.text) for __rt_raise
    rt_raise.o(.text) refers to __raise.o(.text) for __raise
    rt_raise.o(.text) refers to usart.o(.text) for _sys_exit
    defsig_exit.o(.text) refers to usart.o(.text) for _sys_exit
    defsig_rtmem_inner.o(.text) refers to defsig_general.o(.text) for __default_signal_display
    __raise.o(.text) refers to defsig.o(CL$$defsig) for __default_signal_handler
    defsig_general.o(.text) refers to sys_wrch.o(.text) for _ttywrch
    sys_wrch.o(.text) refers (Special) to use_no_semi.o(.text) for __I$use$semihosting
    sys_wrch.o(.text) refers (Special) to indicate_semi.o(.text) for __semihosting_library_function
    defsig.o(CL$$defsig) refers to defsig_rtmem_inner.o(.text) for __rt_SIGRTMEM_inner
    defsig_abrt_inner.o(.text) refers to defsig_general.o(.text) for __default_signal_display
    defsig_fpe_inner.o(.text) refers to defsig_general.o(.text) for __default_signal_display
    defsig_rtred_inner.o(.text) refers to defsig_general.o(.text) for __default_signal_display
    defsig_stak_inner.o(.text) refers to defsig_general.o(.text) for __default_signal_display
    defsig_pvfn_inner.o(.text) refers to defsig_general.o(.text) for __default_signal_display
    defsig_cppl_inner.o(.text) refers to defsig_general.o(.text) for __default_signal_display
    defsig_segv_inner.o(.text) refers to defsig_general.o(.text) for __default_signal_display
    defsig_other.o(.text) refers to defsig_general.o(.text) for __default_signal_display


==============================================================================

Removing Unused input sections from the image.

    Removing lcd.o(.text), (15344 bytes).
    Removing lcd.o(.bss), (14 bytes).
    Removing lcd.o(.constdata), (6080 bytes).
    Removing lcd.o(.data), (4 bytes).
    Removing sys.o(.emb_text), (6 bytes).
    Removing sys.o(.text), (12 bytes).
    Removing core_cm3.o(.emb_text), (32 bytes).
    Removing stm32f10x_fsmc.o(.text), (1148 bytes).

8 unused section(s) (total 22640 bytes) removed from the image.

==============================================================================

Image Symbol Table

    Local Symbols

    Symbol Name                              Value     Ov Type        Size  Object(Section)

    ../clib/angel/boardlib.s                 0x00000000   Number         0  boardinit3.o ABSOLUTE
    ../clib/angel/boardlib.s                 0x00000000   Number         0  boardshut.o ABSOLUTE
    ../clib/angel/boardlib.s                 0x00000000   Number         0  boardinit1.o ABSOLUTE
    ../clib/angel/boardlib.s                 0x00000000   Number         0  boardinit2.o ABSOLUTE
    ../clib/angel/handlers.s                 0x00000000   Number         0  __scatter_copy.o ABSOLUTE
    ../clib/angel/handlers.s                 0x00000000   Number         0  __scatter_zi.o ABSOLUTE
    ../clib/angel/kernel.s                   0x00000000   Number         0  __rtentry2.o ABSOLUTE
    ../clib/angel/kernel.s                   0x00000000   Number         0  rtexit.o ABSOLUTE
    ../clib/angel/kernel.s                   0x00000000   Number         0  rtexit2.o ABSOLUTE
    ../clib/angel/kernel.s                   0x00000000   Number         0  __rtentry.o ABSOLUTE
    ../clib/angel/kernel.s                   0x00000000   Number         0  __rtentry4.o ABSOLUTE
    ../clib/angel/rt.s                       0x00000000   Number         0  rt_raise.o ABSOLUTE
    ../clib/angel/rt.s                       0x00000000   Number         0  rt_locale.o ABSOLUTE
    ../clib/angel/rt.s                       0x00000000   Number         0  rt_ctype_table.o ABSOLUTE
    ../clib/angel/rt.s                       0x00000000   Number         0  rt_locale_intlibspace.o ABSOLUTE
    ../clib/angel/scatter.s                  0x00000000   Number         0  __scatter.o ABSOLUTE
    ../clib/angel/startup.s                  0x00000000   Number         0  __main.o ABSOLUTE
    ../clib/angel/sys.s                      0x00000000   Number         0  use_no_semi.o ABSOLUTE
    ../clib/angel/sys.s                      0x00000000   Number         0  indicate_semi.o ABSOLUTE
    ../clib/angel/sys.s                      0x00000000   Number         0  use_no_semi_2.o ABSOLUTE
    ../clib/angel/sys.s                      0x00000000   Number         0  libspace.o ABSOLUTE
    ../clib/angel/sys.s                      0x00000000   Number         0  sys_stackheap_outer.o ABSOLUTE
    ../clib/angel/sysapp.c                   0x00000000   Number         0  sys_wrch.o ABSOLUTE
    ../clib/angel/sysapp.c                   0x00000000   Number         0  sys_command.o ABSOLUTE
    ../clib/armsys.c                         0x00000000   Number         0  argv_veneer.o ABSOLUTE
    ../clib/armsys.c                         0x00000000   Number         0  argv_veneer.o ABSOLUTE
    ../clib/armsys.c                         0x00000000   Number         0  _get_argv_nomalloc.o ABSOLUTE
    ../clib/armsys.c                         0x00000000   Number         0  no_argv.o ABSOLUTE
    ../clib/ctype.c                          0x00000000   Number         0  isspace.o ABSOLUTE
    ../clib/heapalloc.c                      0x00000000   Number         0  hrguard.o ABSOLUTE
    ../clib/heapaux.c                        0x00000000   Number         0  heapauxi.o ABSOLUTE
    ../clib/libinit.s                        0x00000000   Number         0  libshutdown2.o ABSOLUTE
    ../clib/libinit.s                        0x00000000   Number         0  libinit2.o ABSOLUTE
    ../clib/libinit.s                        0x00000000   Number         0  libinit.o ABSOLUTE
    ../clib/libinit.s                        0x00000000   Number         0  libshutdown.o ABSOLUTE
    ../clib/locale.s                         0x00000000   Number         0  lc_ctype_c.o ABSOLUTE
    ../clib/memcpset.s                       0x00000000   Number         0  rt_memclr_w.o ABSOLUTE
    ../clib/memcpset.s                       0x00000000   Number         0  rt_memcpy_w.o ABSOLUTE
    ../clib/memcpset.s                       0x00000000   Number         0  strcmpv7m.o ABSOLUTE
    ../clib/memcpset.s                       0x00000000   Number         0  strncpy.o ABSOLUTE
    ../clib/memcpset.s                       0x00000000   Number         0  rt_memclr.o ABSOLUTE
    ../clib/memcpset.s                       0x00000000   Number         0  rt_memcpy_v6.o ABSOLUTE
    ../clib/misc.s                           0x00000000   Number         0  printf_stubs.o ABSOLUTE
    ../clib/printf.c                         0x00000000   Number         0  _printf_char.o ABSOLUTE
    ../clib/printf.c                         0x00000000   Number         0  _printf_char_file.o ABSOLUTE
    ../clib/printf.c                         0x00000000   Number         0  __printf_nopercent.o ABSOLUTE
    ../clib/printf.c                         0x00000000   Number         0  __2printf.o ABSOLUTE
    ../clib/printf.c                         0x00000000   Number         0  __2sprintf.o ABSOLUTE
    ../clib/printf.c                         0x00000000   Number         0  __2snprintf.o ABSOLUTE
    ../clib/printf.c                         0x00000000   Number         0  noretval__2printf.o ABSOLUTE
    ../clib/printf.c                         0x00000000   Number         0  noretval__2sprintf.o ABSOLUTE
    ../clib/printf.c                         0x00000000   Number         0  noretval__2snprintf.o ABSOLUTE
    ../clib/printf.c                         0x00000000   Number         0  _printf_str.o ABSOLUTE
    ../clib/printf.c                         0x00000000   Number         0  _printf_dec.o ABSOLUTE
    ../clib/printf.c                         0x00000000   Number         0  _printf_hex_ll.o ABSOLUTE
    ../clib/printf.c                         0x00000000   Number         0  _printf_hex_int.o ABSOLUTE
    ../clib/printf.c                         0x00000000   Number         0  _printf_hex_int_ll.o ABSOLUTE
    ../clib/printf.c                         0x00000000   Number         0  _printf_hex_ptr.o ABSOLUTE
    ../clib/printf.c                         0x00000000   Number         0  _printf_hex_int_ptr.o ABSOLUTE
    ../clib/printf.c                         0x00000000   Number         0  _printf_hex_ll_ptr.o ABSOLUTE
    ../clib/printf.c                         0x00000000   Number         0  _printf_hex_int_ll_ptr.o ABSOLUTE
    ../clib/printf.c                         0x00000000   Number         0  __printf_flags.o ABSOLUTE
    ../clib/printf.c                         0x00000000   Number         0  __printf_ss.o ABSOLUTE
    ../clib/printf.c                         0x00000000   Number         0  __printf_flags_ss.o ABSOLUTE
    ../clib/printf.c                         0x00000000   Number         0  __printf_wp.o ABSOLUTE
    ../clib/printf.c                         0x00000000   Number         0  __printf_flags_wp.o ABSOLUTE
    ../clib/printf.c                         0x00000000   Number         0  __printf_ss_wp.o ABSOLUTE
    ../clib/printf.c                         0x00000000   Number         0  __printf_flags_ss_wp.o ABSOLUTE
    ../clib/printf.c                         0x00000000   Number         0  __printf.o ABSOLUTE
    ../clib/printf.c                         0x00000000   Number         0  _printf_intcommon.o ABSOLUTE
    ../clib/printf.c                         0x00000000   Number         0  _printf_char_common.o ABSOLUTE
    ../clib/printf.c                         0x00000000   Number         0  _sputc.o ABSOLUTE
    ../clib/printf.c                         0x00000000   Number         0  _snputc.o ABSOLUTE
    ../clib/printf_percent.s                 0x00000000   Number         0  _printf_s.o ABSOLUTE
    ../clib/printf_percent.s                 0x00000000   Number         0  _printf_x.o ABSOLUTE
    ../clib/printf_percent.s                 0x00000000   Number         0  _printf_percent.o ABSOLUTE
    ../clib/printf_percent.s                 0x00000000   Number         0  _printf_d.o ABSOLUTE
    ../clib/printf_percent.s                 0x00000000   Number         0  _printf_percent_end.o ABSOLUTE
    ../clib/scanf.c                          0x00000000   Number         0  _scanf.o ABSOLUTE
    ../clib/scanf.c                          0x00000000   Number         0  _sgetc.o ABSOLUTE
    ../clib/scanf.c                          0x00000000   Number         0  scanf_char.o ABSOLUTE
    ../clib/scanf.c                          0x00000000   Number         0  _scanf_str.o ABSOLUTE
    ../clib/scanf.c                          0x00000000   Number         0  __0sscanf.o ABSOLUTE
    ../clib/signal.c                         0x00000000   Number         0  defsig_cppl_inner.o ABSOLUTE
    ../clib/signal.c                         0x00000000   Number         0  defsig_general.o ABSOLUTE
    ../clib/signal.c                         0x00000000   Number         0  defsig_segv_inner.o ABSOLUTE
    ../clib/signal.c                         0x00000000   Number         0  __raise.o ABSOLUTE
    ../clib/signal.c                         0x00000000   Number         0  defsig_other.o ABSOLUTE
    ../clib/signal.c                         0x00000000   Number         0  defsig_rtmem_formal.o ABSOLUTE
    ../clib/signal.c                         0x00000000   Number         0  defsig_exit.o ABSOLUTE
    ../clib/signal.c                         0x00000000   Number         0  defsig_pvfn_inner.o ABSOLUTE
    ../clib/signal.c                         0x00000000   Number         0  defsig_rtmem_outer.o ABSOLUTE
    ../clib/signal.c                         0x00000000   Number         0  defsig_stak_inner.o ABSOLUTE
    ../clib/signal.c                         0x00000000   Number         0  defsig_rtred_inner.o ABSOLUTE
    ../clib/signal.c                         0x00000000   Number         0  defsig_fpe_inner.o ABSOLUTE
    ../clib/signal.c                         0x00000000   Number         0  defsig_abrt_inner.o ABSOLUTE
    ../clib/signal.c                         0x00000000   Number         0  defsig_rtmem_inner.o ABSOLUTE
    ../clib/signal.s                         0x00000000   Number         0  defsig.o ABSOLUTE
    ../clib/stdio.c                          0x00000000   Number         0  ferror_locked.o ABSOLUTE
    ../clib/stdio.c                          0x00000000   Number         0  ferror.o ABSOLUTE
    ../clib/stdlib.c                         0x00000000   Number         0  exit.o ABSOLUTE
    ../clib/string.c                         0x00000000   Number         0  strstr.o ABSOLUTE
    ../clib/string.c                         0x00000000   Number         0  strchr.o ABSOLUTE
    ../clib/string.c                         0x00000000   Number         0  strlen.o ABSOLUTE
    ../clib/string.c                         0x00000000   Number         0  strcpy.o ABSOLUTE
    ../fplib/dfixu.s                         0x00000000   Number         0  dfixu.o ABSOLUTE
    ../fplib/dflt.s                          0x00000000   Number         0  dflt_clz.o ABSOLUTE
    ../fplib/dmul.s                          0x00000000   Number         0  dmul.o ABSOLUTE
    ../fplib/dnaninf.s                       0x00000000   Number         0  dnaninf.o ABSOLUTE
    ../fplib/dretinf.s                       0x00000000   Number         0  dretinf.o ABSOLUTE
    ../fplib/fpinit.s                        0x00000000   Number         0  fpinit.o ABSOLUTE
    ../fplib/usenofp.s                       0x00000000   Number         0  usenofp.o ABSOLUTE
    ..\CORE\core_cm3.c                       0x00000000   Number         0  core_cm3.o ABSOLUTE
    ..\CORE\startup_stm32f10x_md.s           0x00000000   Number         0  startup_stm32f10x_md.o ABSOLUTE
    ..\HARDWARE\ATK-D4X\atk_d43.c            0x00000000   Number         0  atk_d43.o ABSOLUTE
    ..\HARDWARE\KEY\key.c                    0x00000000   Number         0  key.o ABSOLUTE
    ..\HARDWARE\LCD\lcd.c                    0x00000000   Number         0  lcd.o ABSOLUTE
    ..\HARDWARE\LED\led.c                    0x00000000   Number         0  led.o ABSOLUTE
    ..\HARDWARE\RingBuffer\RingBuffer.c      0x00000000   Number         0  ringbuffer.o ABSOLUTE
    ..\HARDWARE\UART2\uart2.c                0x00000000   Number         0  uart2.o ABSOLUTE
    ..\MALLOC\malloc.c                       0x00000000   Number         0  malloc.o ABSOLUTE
    ..\STM32F10x_FWLib\src\misc.c            0x00000000   Number         0  misc.o ABSOLUTE
    ..\STM32F10x_FWLib\src\stm32f10x_fsmc.c  0x00000000   Number         0  stm32f10x_fsmc.o ABSOLUTE
    ..\STM32F10x_FWLib\src\stm32f10x_gpio.c  0x00000000   Number         0  stm32f10x_gpio.o ABSOLUTE
    ..\STM32F10x_FWLib\src\stm32f10x_rcc.c   0x00000000   Number         0  stm32f10x_rcc.o ABSOLUTE
    ..\STM32F10x_FWLib\src\stm32f10x_usart.c 0x00000000   Number         0  stm32f10x_usart.o ABSOLUTE
    ..\SYSTEM\delay\delay.c                  0x00000000   Number         0  delay.o ABSOLUTE
    ..\SYSTEM\sys\sys.c                      0x00000000   Number         0  sys.o ABSOLUTE
    ..\SYSTEM\usart\usart.c                  0x00000000   Number         0  usart.o ABSOLUTE
    ..\\CORE\\core_cm3.c                     0x00000000   Number         0  core_cm3.o ABSOLUTE
    ..\\SYSTEM\\sys\\sys.c                   0x00000000   Number         0  sys.o ABSOLUTE
    dc.s                                     0x00000000   Number         0  dc.o ABSOLUTE
    main.c                                   0x00000000   Number         0  main.o ABSOLUTE
    stm32f10x_it.c                           0x00000000   Number         0  stm32f10x_it.o ABSOLUTE
    system_stm32f10x.c                       0x00000000   Number         0  system_stm32f10x.o ABSOLUTE
    RESET                                    0x08000000   Section      236  startup_stm32f10x_md.o(RESET)
    !!!main                                  0x080000ec   Section        8  __main.o(!!!main)
    !!!scatter                               0x080000f4   Section       52  __scatter.o(!!!scatter)
    !!handler_copy                           0x08000128   Section       26  __scatter_copy.o(!!handler_copy)
    !!handler_zi                             0x08000144   Section       28  __scatter_zi.o(!!handler_zi)
    .ARM.Collect$$_printf_percent$$00000000  0x08000160   Section        0  _printf_percent.o(.ARM.Collect$$_printf_percent$$00000000)
    .ARM.Collect$$_printf_percent$$00000009  0x08000160   Section        6  _printf_d.o(.ARM.Collect$$_printf_percent$$00000009)
    .ARM.Collect$$_printf_percent$$00000014  0x08000166   Section        6  _printf_s.o(.ARM.Collect$$_printf_percent$$00000014)
    .ARM.Collect$$_printf_percent$$00000017  0x0800016c   Section        4  _printf_percent_end.o(.ARM.Collect$$_printf_percent$$00000017)
    .ARM.Collect$$libinit$$00000000          0x08000170   Section        2  libinit.o(.ARM.Collect$$libinit$$00000000)
    .ARM.Collect$$libinit$$00000002          0x08000172   Section        0  libinit2.o(.ARM.Collect$$libinit$$00000002)
    .ARM.Collect$$libinit$$00000004          0x08000172   Section        0  libinit2.o(.ARM.Collect$$libinit$$00000004)
    .ARM.Collect$$libinit$$0000000A          0x08000172   Section        0  libinit2.o(.ARM.Collect$$libinit$$0000000A)
    .ARM.Collect$$libinit$$0000000C          0x08000172   Section        0  libinit2.o(.ARM.Collect$$libinit$$0000000C)
    .ARM.Collect$$libinit$$0000000E          0x08000172   Section        0  libinit2.o(.ARM.Collect$$libinit$$0000000E)
    .ARM.Collect$$libinit$$0000000F          0x08000172   Section        6  libinit2.o(.ARM.Collect$$libinit$$0000000F)
    .ARM.Collect$$libinit$$00000011          0x08000178   Section        0  libinit2.o(.ARM.Collect$$libinit$$00000011)
    .ARM.Collect$$libinit$$00000012          0x08000178   Section       12  libinit2.o(.ARM.Collect$$libinit$$00000012)
    .ARM.Collect$$libinit$$00000013          0x08000184   Section        0  libinit2.o(.ARM.Collect$$libinit$$00000013)
    .ARM.Collect$$libinit$$00000015          0x08000184   Section        0  libinit2.o(.ARM.Collect$$libinit$$00000015)
    .ARM.Collect$$libinit$$00000017          0x08000184   Section        0  libinit2.o(.ARM.Collect$$libinit$$00000017)
    .ARM.Collect$$libinit$$00000019          0x08000184   Section        0  libinit2.o(.ARM.Collect$$libinit$$00000019)
    .ARM.Collect$$libinit$$0000001B          0x08000184   Section        0  libinit2.o(.ARM.Collect$$libinit$$0000001B)
    .ARM.Collect$$libinit$$0000001D          0x08000184   Section        0  libinit2.o(.ARM.Collect$$libinit$$0000001D)
    .ARM.Collect$$libinit$$0000001F          0x08000184   Section        0  libinit2.o(.ARM.Collect$$libinit$$0000001F)
    .ARM.Collect$$libinit$$00000021          0x08000184   Section        0  libinit2.o(.ARM.Collect$$libinit$$00000021)
    .ARM.Collect$$libinit$$00000023          0x08000184   Section        0  libinit2.o(.ARM.Collect$$libinit$$00000023)
    .ARM.Collect$$libinit$$00000025          0x08000184   Section        0  libinit2.o(.ARM.Collect$$libinit$$00000025)
    .ARM.Collect$$libinit$$0000002C          0x08000184   Section        0  libinit2.o(.ARM.Collect$$libinit$$0000002C)
    .ARM.Collect$$libinit$$0000002E          0x08000184   Section        0  libinit2.o(.ARM.Collect$$libinit$$0000002E)
    .ARM.Collect$$libinit$$00000030          0x08000184   Section        0  libinit2.o(.ARM.Collect$$libinit$$00000030)
    .ARM.Collect$$libinit$$00000032          0x08000184   Section        0  libinit2.o(.ARM.Collect$$libinit$$00000032)
    .ARM.Collect$$libinit$$00000033          0x08000184   Section        2  libinit2.o(.ARM.Collect$$libinit$$00000033)
    .ARM.Collect$$libshutdown$$00000000      0x08000186   Section        2  libshutdown.o(.ARM.Collect$$libshutdown$$00000000)
    .ARM.Collect$$libshutdown$$00000002      0x08000188   Section        0  libshutdown2.o(.ARM.Collect$$libshutdown$$00000002)
    .ARM.Collect$$libshutdown$$00000004      0x08000188   Section        0  libshutdown2.o(.ARM.Collect$$libshutdown$$00000004)
    .ARM.Collect$$libshutdown$$00000006      0x08000188   Section        0  libshutdown2.o(.ARM.Collect$$libshutdown$$00000006)
    .ARM.Collect$$libshutdown$$00000009      0x08000188   Section        0  libshutdown2.o(.ARM.Collect$$libshutdown$$00000009)
    .ARM.Collect$$libshutdown$$0000000C      0x08000188   Section        0  libshutdown2.o(.ARM.Collect$$libshutdown$$0000000C)
    .ARM.Collect$$libshutdown$$0000000E      0x08000188   Section        0  libshutdown2.o(.ARM.Collect$$libshutdown$$0000000E)
    .ARM.Collect$$libshutdown$$00000011      0x08000188   Section        0  libshutdown2.o(.ARM.Collect$$libshutdown$$00000011)
    .ARM.Collect$$libshutdown$$00000012      0x08000188   Section        2  libshutdown2.o(.ARM.Collect$$libshutdown$$00000012)
    .ARM.Collect$$rtentry$$00000000          0x0800018a   Section        0  __rtentry.o(.ARM.Collect$$rtentry$$00000000)
    .ARM.Collect$$rtentry$$00000002          0x0800018a   Section        0  __rtentry2.o(.ARM.Collect$$rtentry$$00000002)
    .ARM.Collect$$rtentry$$00000004          0x0800018a   Section        6  __rtentry4.o(.ARM.Collect$$rtentry$$00000004)
    .ARM.Collect$$rtentry$$00000009          0x08000190   Section        0  __rtentry2.o(.ARM.Collect$$rtentry$$00000009)
    .ARM.Collect$$rtentry$$0000000A          0x08000190   Section        4  __rtentry2.o(.ARM.Collect$$rtentry$$0000000A)
    .ARM.Collect$$rtentry$$0000000C          0x08000194   Section        0  __rtentry2.o(.ARM.Collect$$rtentry$$0000000C)
    .ARM.Collect$$rtentry$$0000000D          0x08000194   Section        8  __rtentry2.o(.ARM.Collect$$rtentry$$0000000D)
    .ARM.Collect$$rtexit$$00000000           0x0800019c   Section        2  rtexit.o(.ARM.Collect$$rtexit$$00000000)
    .ARM.Collect$$rtexit$$00000002           0x0800019e   Section        0  rtexit2.o(.ARM.Collect$$rtexit$$00000002)
    .ARM.Collect$$rtexit$$00000003           0x0800019e   Section        4  rtexit2.o(.ARM.Collect$$rtexit$$00000003)
    .ARM.Collect$$rtexit$$00000004           0x080001a2   Section        6  rtexit2.o(.ARM.Collect$$rtexit$$00000004)
    .text                                    0x080001a8   Section        0  main.o(.text)
    .text                                    0x08000688   Section        0  stm32f10x_it.o(.text)
    .text                                    0x0800069c   Section        0  system_stm32f10x.o(.text)
    SetSysClockTo72                          0x0800069d   Thumb Code   160  system_stm32f10x.o(.text)
    .text                                    0x080007f4   Section        0  led.o(.text)
    .text                                    0x080008ac   Section        0  key.o(.text)
    .text                                    0x080009ac   Section        0  ringbuffer.o(.text)
    .text                                    0x08000aa0   Section        0  atk_d43.o(.text)
    send_cmd_to_dtu                          0x08000aa5   Thumb Code   140  atk_d43.o(.text)
    send_cmd_to_receive                      0x08000b31   Thumb Code   122  atk_d43.o(.text)
    dtu_enter_configmode                     0x08000bab   Thumb Code    40  atk_d43.o(.text)
    dtu_urc_atk_error                        0x08000bd3   Thumb Code     6  atk_d43.o(.text)
    dtu_urc_error_sim                        0x08000bd9   Thumb Code     6  atk_d43.o(.text)
    dtu_urc_error_gprs                       0x08000bdf   Thumb Code     6  atk_d43.o(.text)
    dtu_urc_error_csq                        0x08000be5   Thumb Code     6  atk_d43.o(.text)
    dtu_urc_error_mqtt                       0x08000beb   Thumb Code     6  atk_d43.o(.text)
    dtu_config_work_param                    0x08000c5f   Thumb Code    78  atk_d43.o(.text)
    query_work_mode                          0x08000e77   Thumb Code   432  atk_d43.o(.text)
    query_server_address                     0x08001027   Thumb Code   490  atk_d43.o(.text)
    compose_device_state                     0x08001211   Thumb Code   204  atk_d43.o(.text)
    dtu_enter_transfermode                   0x080014a1   Thumb Code    26  atk_d43.o(.text)
    query_connection_status                  0x080014bb   Thumb Code   124  atk_d43.o(.text)
    .text                                    0x0800156c   Section        0  uart2.o(.text)
    .text                                    0x08001654   Section        0  malloc.o(.text)
    .text                                    0x08001810   Section        0  delay.o(.text)
    .text                                    0x080018a8   Section        0  usart.o(.text)
    .text                                    0x080019dc   Section       64  startup_stm32f10x_md.o(.text)
    .text                                    0x08001a1c   Section        0  misc.o(.text)
    .text                                    0x08001acc   Section        0  stm32f10x_gpio.o(.text)
    .text                                    0x08001d30   Section        0  stm32f10x_rcc.o(.text)
    .text                                    0x08001fe8   Section        0  stm32f10x_usart.o(.text)
    .text                                    0x08002310   Section        2  use_no_semi_2.o(.text)
    .text                                    0x08002314   Section        0  __2printf.o(.text)
    .text                                    0x0800232c   Section        0  __2sprintf.o(.text)
    .text                                    0x08002358   Section        0  __2snprintf.o(.text)
    .text                                    0x08002390   Section        0  __printf.o(.text)
    .text                                    0x080023f8   Section        0  _printf_str.o(.text)
    .text                                    0x0800244c   Section        0  _printf_dec.o(.text)
    .text                                    0x080024c4   Section        0  __0sscanf.o(.text)
    .text                                    0x08002500   Section        0  _scanf_str.o(.text)
    .text                                    0x080025e0   Section        0  strchr.o(.text)
    .text                                    0x080025f4   Section        0  strstr.o(.text)
    .text                                    0x08002618   Section        0  strcpy.o(.text)
    .text                                    0x08002660   Section        0  strlen.o(.text)
    .text                                    0x0800269e   Section      138  rt_memcpy_v6.o(.text)
    .text                                    0x08002728   Section       68  rt_memclr.o(.text)
    .text                                    0x0800276c   Section       86  strncpy.o(.text)
    .text                                    0x080027c4   Section      128  strcmpv7m.o(.text)
    .text                                    0x08002844   Section        0  heapauxi.o(.text)
    .text                                    0x0800284a   Section        2  use_no_semi.o(.text)
    .text                                    0x0800284c   Section        0  _printf_intcommon.o(.text)
    .text                                    0x08002900   Section        0  _printf_char_common.o(.text)
    _printf_input_char                       0x08002901   Thumb Code    10  _printf_char_common.o(.text)
    .text                                    0x08002930   Section        0  _sputc.o(.text)
    .text                                    0x0800293a   Section        0  _snputc.o(.text)
    .text                                    0x0800294a   Section        0  _printf_char.o(.text)
    .text                                    0x08002978   Section        0  _printf_char_file.o(.text)
    .text                                    0x0800299c   Section        0  scanf_char.o(.text)
    _scanf_char_input                        0x0800299d   Thumb Code    12  scanf_char.o(.text)
    .text                                    0x080029c8   Section        0  _sgetc.o(.text)
    .text                                    0x08002a08   Section      100  rt_memcpy_w.o(.text)
    .text                                    0x08002a6c   Section       78  rt_memclr_w.o(.text)
    .text                                    0x08002aba   Section        0  isspace.o(.text)
    .text                                    0x08002acc   Section        0  _scanf.o(.text)
    .text                                    0x08002e40   Section        0  ferror.o(.text)
    .text                                    0x08002e48   Section       74  sys_stackheap_outer.o(.text)
    .text                                    0x08002e94   Section       16  rt_ctype_table.o(.text)
    .text                                    0x08002ea4   Section        0  exit.o(.text)
    .text                                    0x08002eb8   Section        8  libspace.o(.text)
    .text                                    0x08002ec0   Section        8  rt_locale_intlibspace.o(.text)
    locale$$code                             0x08002ec8   Section       44  lc_ctype_c.o(locale$$code)
    .constdata                               0x08002ef4   Section     1764  atk_d43.o(.constdata)
    dtu_basic_conf_param_info                0x08002ef4   Data         144  atk_d43.o(.constdata)
    dtu_net_param_info                       0x08002f84   Data         192  atk_d43.o(.constdata)
    dtu_http_param_info                      0x08003044   Data          72  atk_d43.o(.constdata)
    dtu_mqtt_param_info                      0x0800308c   Data         204  atk_d43.o(.constdata)
    dtu_aliyun_param_info                    0x08003158   Data         204  atk_d43.o(.constdata)
    dtu_onenet_param_info                    0x08003224   Data         204  atk_d43.o(.constdata)
    dtu_yuanziyun_param_info                 0x080032f0   Data          48  atk_d43.o(.constdata)
    dtu_collect_disable_param_info           0x08003320   Data          12  atk_d43.o(.constdata)
    dtu_collect_trans_poll_param_info        0x0800332c   Data         168  atk_d43.o(.constdata)
    dtu_collect_modbus_user_param_info       0x080033d4   Data         180  atk_d43.o(.constdata)
    dtu_collect_modbus_ali_param_info        0x08003488   Data         168  atk_d43.o(.constdata)
    dtu_collect_modbus_onenet_param_info     0x08003530   Data         168  atk_d43.o(.constdata)
    .constdata                               0x080035d8   Section       24  malloc.o(.constdata)
    .conststring                             0x080035f0   Section      583  main.o(.conststring)
    .conststring                             0x08003838   Section     6008  atk_d43.o(.conststring)
    locale$$data                             0x08004fd0   Section      272  lc_ctype_c.o(locale$$data)
    __lcctype_c_name                         0x08004fd4   Data           2  lc_ctype_c.o(locale$$data)
    __lcctype_c_start                        0x08004fdc   Data           0  lc_ctype_c.o(locale$$data)
    __lcctype_c_end                          0x080050e0   Data           0  lc_ctype_c.o(locale$$data)
    .data                                    0x20000000   Section       12  main.o(.data)
    dtu_rxlen                                0x20000000   Data           4  main.o(.data)
    uart1_rxlen                              0x20000004   Data           4  main.o(.data)
    .data                                    0x2000000c   Section       20  system_stm32f10x.o(.data)
    .data                                    0x20000020   Section       16  led.o(.data)
    LED_GPIO                                 0x20000020   Data          16  led.o(.data)
    .data                                    0x20000030   Section        1  key.o(.data)
    key_up                                   0x20000030   Data           1  key.o(.data)
    .data                                    0x20000034   Section       48  atk_d43.o(.data)
    ch_last                                  0x20000034   Data           1  atk_d43.o(.data)
    rx_len                                   0x20000038   Data           4  atk_d43.o(.data)
    DTU_ATK_D4X_URC                          0x2000003c   Data          40  atk_d43.o(.data)
    .data                                    0x20000064   Section       28  malloc.o(.data)
    .data                                    0x20000080   Section        4  delay.o(.data)
    fac_us                                   0x20000080   Data           1  delay.o(.data)
    fac_ms                                   0x20000082   Data           2  delay.o(.data)
    .data                                    0x20000084   Section        2  usart.o(.data)
    .data                                    0x20000088   Section        4  usart.o(.data)
    .data                                    0x2000008c   Section       20  stm32f10x_rcc.o(.data)
    ADCPrescTable                            0x2000008c   Data           4  stm32f10x_rcc.o(.data)
    APBAHBPrescTable                         0x20000090   Data          16  stm32f10x_rcc.o(.data)
    .bss                                     0x200000a0   Section     2048  main.o(.bss)
    dtu_rxbuf                                0x200000a0   Data        1024  main.o(.bss)
    uart1_rxbuf                              0x200004a0   Data        1024  main.o(.bss)
    .bss                                     0x200008a0   Section     1536  atk_d43.o(.bss)
    dtu_sms_buf                              0x200008a0   Data        1024  atk_d43.o(.bss)
    dtu_rxcmdbuf                             0x20000ca0   Data         512  atk_d43.o(.bss)
    .bss                                     0x20000ea0   Section    40960  malloc.o(.bss)
    .bss                                     0x2000aea0   Section     2560  malloc.o(.bss)
    .bss                                     0x2000b8a0   Section      200  usart.o(.bss)
    .bss                                     0x2000b968   Section       96  libspace.o(.bss)
    HEAP                                     0x2000b9c8   Section      512  startup_stm32f10x_md.o(HEAP)
    Heap_Mem                                 0x2000b9c8   Data         512  startup_stm32f10x_md.o(HEAP)
    STACK                                    0x2000bbc8   Section     1024  startup_stm32f10x_md.o(STACK)
    Stack_Mem                                0x2000bbc8   Data        1024  startup_stm32f10x_md.o(STACK)
    __initial_sp                             0x2000bfc8   Data           0  startup_stm32f10x_md.o(STACK)
    .ARM.__AT_0x68000000                     0x68000000   Section    983040  malloc.o(.ARM.__AT_0x68000000)
    .ARM.__AT_0x680F0000                     0x680f0000   Section    61440  malloc.o(.ARM.__AT_0x680F0000)

    Global Symbols

    Symbol Name                              Value     Ov Type        Size  Object(Section)

    BuildAttributes$$THM_ISAv4$P$D$K$B$S$PE$A:L22UL41UL21$X:L11$S22US41US21$IEEE1$IW$USESV6$~STKCKD$USESV7$~SHL$OSPACE$ROPI$EBA8$UX$STANDARDLIB$REQ8$PRES8$EABIv2 0x00000000   Number         0  anon$$obj.o ABSOLUTE
    __ARM_use_no_argv                        0x00000000   Number         0  main.o ABSOLUTE
    _printf_flags                            0x00000000   Number         0  printf_stubs.o ABSOLUTE
    _printf_return_value                     0x00000000   Number         0  printf_stubs.o ABSOLUTE
    _printf_sizespec                         0x00000000   Number         0  printf_stubs.o ABSOLUTE
    _printf_widthprec                        0x00000000   Number         0  printf_stubs.o ABSOLUTE
    __ARM_exceptions_init                     - Undefined Weak Reference
    __alloca_initialize                       - Undefined Weak Reference
    __arm_fini_                               - Undefined Weak Reference
    __arm_preinit_                            - Undefined Weak Reference
    __cpp_initialize__aeabi_                  - Undefined Weak Reference
    __cxa_finalize                            - Undefined Weak Reference
    __sigvec_lookup                           - Undefined Weak Reference
    _atexit_init                              - Undefined Weak Reference
    _call_atexit_fns                          - Undefined Weak Reference
    _clock_init                               - Undefined Weak Reference
    _fp_trap_init                             - Undefined Weak Reference
    _fp_trap_shutdown                         - Undefined Weak Reference
    _get_lc_collate                           - Undefined Weak Reference
    _get_lc_monetary                          - Undefined Weak Reference
    _get_lc_numeric                           - Undefined Weak Reference
    _get_lc_time                              - Undefined Weak Reference
    _getenv_init                              - Undefined Weak Reference
    _handle_redirection                       - Undefined Weak Reference
    _init_alloc                               - Undefined Weak Reference
    _init_user_alloc                          - Undefined Weak Reference
    _initio                                   - Undefined Weak Reference
    _mutex_acquire                            - Undefined Weak Reference
    _mutex_release                            - Undefined Weak Reference
    _printf_mbtowc                            - Undefined Weak Reference
    _printf_post_padding                      - Undefined Weak Reference
    _printf_pre_padding                       - Undefined Weak Reference
    _printf_truncate_signed                   - Undefined Weak Reference
    _printf_truncate_unsigned                 - Undefined Weak Reference
    _rand_init                                - Undefined Weak Reference
    _scanf_int                                - Undefined Weak Reference
    _scanf_longlong                           - Undefined Weak Reference
    _scanf_mbtowc                             - Undefined Weak Reference
    _scanf_real                               - Undefined Weak Reference
    _scanf_wctomb                             - Undefined Weak Reference
    _scanf_wstring                            - Undefined Weak Reference
    _signal_finish                            - Undefined Weak Reference
    _signal_init                              - Undefined Weak Reference
    _terminate_alloc                          - Undefined Weak Reference
    _terminate_user_alloc                     - Undefined Weak Reference
    _terminateio                              - Undefined Weak Reference
    __Vectors_Size                           0x000000ec   Number         0  startup_stm32f10x_md.o ABSOLUTE
    __Vectors                                0x08000000   Data           4  startup_stm32f10x_md.o(RESET)
    __Vectors_End                            0x080000ec   Data           0  startup_stm32f10x_md.o(RESET)
    __main                                   0x080000ed   Thumb Code     8  __main.o(!!!main)
    __scatterload                            0x080000f5   Thumb Code     0  __scatter.o(!!!scatter)
    __scatterload_rt2                        0x080000f5   Thumb Code    44  __scatter.o(!!!scatter)
    __scatterload_rt2_thumb_only             0x080000f5   Thumb Code     0  __scatter.o(!!!scatter)
    __scatterload_null                       0x08000103   Thumb Code     0  __scatter.o(!!!scatter)
    __scatterload_copy                       0x08000129   Thumb Code    26  __scatter_copy.o(!!handler_copy)
    __scatterload_zeroinit                   0x08000145   Thumb Code    28  __scatter_zi.o(!!handler_zi)
    _printf_d                                0x08000161   Thumb Code     0  _printf_d.o(.ARM.Collect$$_printf_percent$$00000009)
    _printf_percent                          0x08000161   Thumb Code     0  _printf_percent.o(.ARM.Collect$$_printf_percent$$00000000)
    _printf_s                                0x08000167   Thumb Code     0  _printf_s.o(.ARM.Collect$$_printf_percent$$00000014)
    _printf_percent_end                      0x0800016d   Thumb Code     0  _printf_percent_end.o(.ARM.Collect$$_printf_percent$$00000017)
    __rt_lib_init                            0x08000171   Thumb Code     0  libinit.o(.ARM.Collect$$libinit$$00000000)
    __rt_lib_init_fp_1                       0x08000173   Thumb Code     0  libinit2.o(.ARM.Collect$$libinit$$00000002)
    __rt_lib_init_heap_1                     0x08000173   Thumb Code     0  libinit2.o(.ARM.Collect$$libinit$$0000000A)
    __rt_lib_init_lc_common                  0x08000173   Thumb Code     0  libinit2.o(.ARM.Collect$$libinit$$0000000F)
    __rt_lib_init_preinit_1                  0x08000173   Thumb Code     0  libinit2.o(.ARM.Collect$$libinit$$00000004)
    __rt_lib_init_rand_1                     0x08000173   Thumb Code     0  libinit2.o(.ARM.Collect$$libinit$$0000000E)
    __rt_lib_init_user_alloc_1               0x08000173   Thumb Code     0  libinit2.o(.ARM.Collect$$libinit$$0000000C)
    __rt_lib_init_lc_collate_1               0x08000179   Thumb Code     0  libinit2.o(.ARM.Collect$$libinit$$00000011)
    __rt_lib_init_lc_ctype_2                 0x08000179   Thumb Code     0  libinit2.o(.ARM.Collect$$libinit$$00000012)
    __rt_lib_init_alloca_1                   0x08000185   Thumb Code     0  libinit2.o(.ARM.Collect$$libinit$$0000002E)
    __rt_lib_init_argv_1                     0x08000185   Thumb Code     0  libinit2.o(.ARM.Collect$$libinit$$0000002C)
    __rt_lib_init_atexit_1                   0x08000185   Thumb Code     0  libinit2.o(.ARM.Collect$$libinit$$0000001B)
    __rt_lib_init_clock_1                    0x08000185   Thumb Code     0  libinit2.o(.ARM.Collect$$libinit$$00000021)
    __rt_lib_init_cpp_1                      0x08000185   Thumb Code     0  libinit2.o(.ARM.Collect$$libinit$$00000032)
    __rt_lib_init_exceptions_1               0x08000185   Thumb Code     0  libinit2.o(.ARM.Collect$$libinit$$00000030)
    __rt_lib_init_fp_trap_1                  0x08000185   Thumb Code     0  libinit2.o(.ARM.Collect$$libinit$$0000001F)
    __rt_lib_init_getenv_1                   0x08000185   Thumb Code     0  libinit2.o(.ARM.Collect$$libinit$$00000023)
    __rt_lib_init_lc_ctype_1                 0x08000185   Thumb Code     0  libinit2.o(.ARM.Collect$$libinit$$00000013)
    __rt_lib_init_lc_monetary_1              0x08000185   Thumb Code     0  libinit2.o(.ARM.Collect$$libinit$$00000015)
    __rt_lib_init_lc_numeric_1               0x08000185   Thumb Code     0  libinit2.o(.ARM.Collect$$libinit$$00000017)
    __rt_lib_init_lc_time_1                  0x08000185   Thumb Code     0  libinit2.o(.ARM.Collect$$libinit$$00000019)
    __rt_lib_init_return                     0x08000185   Thumb Code     0  libinit2.o(.ARM.Collect$$libinit$$00000033)
    __rt_lib_init_signal_1                   0x08000185   Thumb Code     0  libinit2.o(.ARM.Collect$$libinit$$0000001D)
    __rt_lib_init_stdio_1                    0x08000185   Thumb Code     0  libinit2.o(.ARM.Collect$$libinit$$00000025)
    __rt_lib_shutdown                        0x08000187   Thumb Code     0  libshutdown.o(.ARM.Collect$$libshutdown$$00000000)
    __rt_lib_shutdown_cpp_1                  0x08000189   Thumb Code     0  libshutdown2.o(.ARM.Collect$$libshutdown$$00000004)
    __rt_lib_shutdown_fini_1                 0x08000189   Thumb Code     0  libshutdown2.o(.ARM.Collect$$libshutdown$$00000002)
    __rt_lib_shutdown_fp_trap_1              0x08000189   Thumb Code     0  libshutdown2.o(.ARM.Collect$$libshutdown$$00000009)
    __rt_lib_shutdown_heap_1                 0x08000189   Thumb Code     0  libshutdown2.o(.ARM.Collect$$libshutdown$$00000011)
    __rt_lib_shutdown_return                 0x08000189   Thumb Code     0  libshutdown2.o(.ARM.Collect$$libshutdown$$00000012)
    __rt_lib_shutdown_signal_1               0x08000189   Thumb Code     0  libshutdown2.o(.ARM.Collect$$libshutdown$$0000000C)
    __rt_lib_shutdown_stdio_1                0x08000189   Thumb Code     0  libshutdown2.o(.ARM.Collect$$libshutdown$$00000006)
    __rt_lib_shutdown_user_alloc_1           0x08000189   Thumb Code     0  libshutdown2.o(.ARM.Collect$$libshutdown$$0000000E)
    __rt_entry                               0x0800018b   Thumb Code     0  __rtentry.o(.ARM.Collect$$rtentry$$00000000)
    __rt_entry_presh_1                       0x0800018b   Thumb Code     0  __rtentry2.o(.ARM.Collect$$rtentry$$00000002)
    __rt_entry_sh                            0x0800018b   Thumb Code     0  __rtentry4.o(.ARM.Collect$$rtentry$$00000004)
    __rt_entry_li                            0x08000191   Thumb Code     0  __rtentry2.o(.ARM.Collect$$rtentry$$0000000A)
    __rt_entry_postsh_1                      0x08000191   Thumb Code     0  __rtentry2.o(.ARM.Collect$$rtentry$$00000009)
    __rt_entry_main                          0x08000195   Thumb Code     0  __rtentry2.o(.ARM.Collect$$rtentry$$0000000D)
    __rt_entry_postli_1                      0x08000195   Thumb Code     0  __rtentry2.o(.ARM.Collect$$rtentry$$0000000C)
    __rt_exit                                0x0800019d   Thumb Code     0  rtexit.o(.ARM.Collect$$rtexit$$00000000)
    __rt_exit_ls                             0x0800019f   Thumb Code     0  rtexit2.o(.ARM.Collect$$rtexit$$00000003)
    __rt_exit_prels_1                        0x0800019f   Thumb Code     0  rtexit2.o(.ARM.Collect$$rtexit$$00000002)
    __rt_exit_exit                           0x080001a3   Thumb Code     0  rtexit2.o(.ARM.Collect$$rtexit$$00000004)
    main                                     0x080001a9   Thumb Code   496  main.o(.text)
    NMI_Handler                              0x08000689   Thumb Code     2  stm32f10x_it.o(.text)
    HardFault_Handler                        0x0800068b   Thumb Code     2  stm32f10x_it.o(.text)
    MemManage_Handler                        0x0800068d   Thumb Code     2  stm32f10x_it.o(.text)
    BusFault_Handler                         0x0800068f   Thumb Code     2  stm32f10x_it.o(.text)
    UsageFault_Handler                       0x08000691   Thumb Code     2  stm32f10x_it.o(.text)
    SVC_Handler                              0x08000693   Thumb Code     2  stm32f10x_it.o(.text)
    DebugMon_Handler                         0x08000695   Thumb Code     2  stm32f10x_it.o(.text)
    PendSV_Handler                           0x08000697   Thumb Code     2  stm32f10x_it.o(.text)
    SysTick_Handler                          0x08000699   Thumb Code     2  stm32f10x_it.o(.text)
    SystemInit                               0x0800073d   Thumb Code    64  system_stm32f10x.o(.text)
    SystemCoreClockUpdate                    0x0800077d   Thumb Code    86  system_stm32f10x.o(.text)
    LED_Init                                 0x080007f5   Thumb Code    72  led.o(.text)
    Set_LED_Toggle                           0x0800083d   Thumb Code    46  led.o(.text)
    Read_LED_State                           0x0800086b   Thumb Code    56  led.o(.text)
    KEY_Init                                 0x080008ad   Thumb Code    52  key.o(.text)
    KEY_Scan                                 0x080008e1   Thumb Code   190  key.o(.text)
    RingBuffer_Malloc                        0x080009ad   Thumb Code    86  ringbuffer.o(.text)
    RingBuffer_Free                          0x08000a03   Thumb Code    24  ringbuffer.o(.text)
    RingBuffer_In                            0x08000a1b   Thumb Code    68  ringbuffer.o(.text)
    RingBuffer_Out                           0x08000a5f   Thumb Code    66  ringbuffer.o(.text)
    send_data_to_dtu                         0x08000aa1   Thumb Code     4  atk_d43.o(.text)
    dtu_get_urc_info                         0x08000bf1   Thumb Code   110  atk_d43.o(.text)
    dtu_config_init                          0x08000cad   Thumb Code   202  atk_d43.o(.text)
    dtu_send_sms                             0x08000d77   Thumb Code    96  atk_d43.o(.text)
    dtu_power_reset                          0x08000dd7   Thumb Code    62  atk_d43.o(.text)
    dtu_base_station_location_info           0x08000e15   Thumb Code    98  atk_d43.o(.text)
    dtu_device_state_work_info               0x080012dd   Thumb Code   452  atk_d43.o(.text)
    uart2_init                               0x0800156d   Thumb Code   150  uart2.o(.text)
    USART2_IRQHandler                        0x08001603   Thumb Code    42  uart2.o(.text)
    usart2_send_data                         0x0800162d   Thumb Code    28  uart2.o(.text)
    mymemcpy                                 0x08001655   Thumb Code    16  malloc.o(.text)
    mymemset                                 0x08001665   Thumb Code    12  malloc.o(.text)
    my_mem_init                              0x08001671   Thumb Code    50  malloc.o(.text)
    my_mem_perused                           0x080016a3   Thumb Code    48  malloc.o(.text)
    my_mem_malloc                            0x080016d3   Thumb Code   130  malloc.o(.text)
    my_mem_free                              0x08001755   Thumb Code    80  malloc.o(.text)
    myfree                                   0x080017a5   Thumb Code    18  malloc.o(.text)
    mymalloc                                 0x080017b7   Thumb Code    28  malloc.o(.text)
    myrealloc                                0x080017d3   Thumb Code    54  malloc.o(.text)
    delay_init                               0x08001811   Thumb Code    46  delay.o(.text)
    delay_us                                 0x0800183f   Thumb Code    46  delay.o(.text)
    delay_ms                                 0x0800186d   Thumb Code    46  delay.o(.text)
    _sys_exit                                0x080018a9   Thumb Code     2  usart.o(.text)
    fputc                                    0x080018ab   Thumb Code    18  usart.o(.text)
    uart_init                                0x080018bd   Thumb Code   152  usart.o(.text)
    USART1_IRQHandler                        0x08001955   Thumb Code    52  usart.o(.text)
    usart1_send_data                         0x08001989   Thumb Code    28  usart.o(.text)
    uart1_receive_data                       0x080019a5   Thumb Code    38  usart.o(.text)
    Reset_Handler                            0x080019dd   Thumb Code     8  startup_stm32f10x_md.o(.text)
    ADC1_2_IRQHandler                        0x080019f7   Thumb Code     0  startup_stm32f10x_md.o(.text)
    CAN1_RX1_IRQHandler                      0x080019f7   Thumb Code     0  startup_stm32f10x_md.o(.text)
    CAN1_SCE_IRQHandler                      0x080019f7   Thumb Code     0  startup_stm32f10x_md.o(.text)
    DMA1_Channel1_IRQHandler                 0x080019f7   Thumb Code     0  startup_stm32f10x_md.o(.text)
    DMA1_Channel2_IRQHandler                 0x080019f7   Thumb Code     0  startup_stm32f10x_md.o(.text)
    DMA1_Channel3_IRQHandler                 0x080019f7   Thumb Code     0  startup_stm32f10x_md.o(.text)
    DMA1_Channel4_IRQHandler                 0x080019f7   Thumb Code     0  startup_stm32f10x_md.o(.text)
    DMA1_Channel5_IRQHandler                 0x080019f7   Thumb Code     0  startup_stm32f10x_md.o(.text)
    DMA1_Channel6_IRQHandler                 0x080019f7   Thumb Code     0  startup_stm32f10x_md.o(.text)
    DMA1_Channel7_IRQHandler                 0x080019f7   Thumb Code     0  startup_stm32f10x_md.o(.text)
    EXTI0_IRQHandler                         0x080019f7   Thumb Code     0  startup_stm32f10x_md.o(.text)
    EXTI15_10_IRQHandler                     0x080019f7   Thumb Code     0  startup_stm32f10x_md.o(.text)
    EXTI1_IRQHandler                         0x080019f7   Thumb Code     0  startup_stm32f10x_md.o(.text)
    EXTI2_IRQHandler                         0x080019f7   Thumb Code     0  startup_stm32f10x_md.o(.text)
    EXTI3_IRQHandler                         0x080019f7   Thumb Code     0  startup_stm32f10x_md.o(.text)
    EXTI4_IRQHandler                         0x080019f7   Thumb Code     0  startup_stm32f10x_md.o(.text)
    EXTI9_5_IRQHandler                       0x080019f7   Thumb Code     0  startup_stm32f10x_md.o(.text)
    FLASH_IRQHandler                         0x080019f7   Thumb Code     0  startup_stm32f10x_md.o(.text)
    I2C1_ER_IRQHandler                       0x080019f7   Thumb Code     0  startup_stm32f10x_md.o(.text)
    I2C1_EV_IRQHandler                       0x080019f7   Thumb Code     0  startup_stm32f10x_md.o(.text)
    I2C2_ER_IRQHandler                       0x080019f7   Thumb Code     0  startup_stm32f10x_md.o(.text)
    I2C2_EV_IRQHandler                       0x080019f7   Thumb Code     0  startup_stm32f10x_md.o(.text)
    PVD_IRQHandler                           0x080019f7   Thumb Code     0  startup_stm32f10x_md.o(.text)
    RCC_IRQHandler                           0x080019f7   Thumb Code     0  startup_stm32f10x_md.o(.text)
    RTCAlarm_IRQHandler                      0x080019f7   Thumb Code     0  startup_stm32f10x_md.o(.text)
    RTC_IRQHandler                           0x080019f7   Thumb Code     0  startup_stm32f10x_md.o(.text)
    SPI1_IRQHandler                          0x080019f7   Thumb Code     0  startup_stm32f10x_md.o(.text)
    SPI2_IRQHandler                          0x080019f7   Thumb Code     0  startup_stm32f10x_md.o(.text)
    TAMPER_IRQHandler                        0x080019f7   Thumb Code     0  startup_stm32f10x_md.o(.text)
    TIM1_BRK_IRQHandler                      0x080019f7   Thumb Code     0  startup_stm32f10x_md.o(.text)
    TIM1_CC_IRQHandler                       0x080019f7   Thumb Code     0  startup_stm32f10x_md.o(.text)
    TIM1_TRG_COM_IRQHandler                  0x080019f7   Thumb Code     0  startup_stm32f10x_md.o(.text)
    TIM1_UP_IRQHandler                       0x080019f7   Thumb Code     0  startup_stm32f10x_md.o(.text)
    TIM2_IRQHandler                          0x080019f7   Thumb Code     0  startup_stm32f10x_md.o(.text)
    TIM3_IRQHandler                          0x080019f7   Thumb Code     0  startup_stm32f10x_md.o(.text)
    TIM4_IRQHandler                          0x080019f7   Thumb Code     0  startup_stm32f10x_md.o(.text)
    USART3_IRQHandler                        0x080019f7   Thumb Code     0  startup_stm32f10x_md.o(.text)
    USBWakeUp_IRQHandler                     0x080019f7   Thumb Code     0  startup_stm32f10x_md.o(.text)
    USB_HP_CAN1_TX_IRQHandler                0x080019f7   Thumb Code     0  startup_stm32f10x_md.o(.text)
    USB_LP_CAN1_RX0_IRQHandler               0x080019f7   Thumb Code     0  startup_stm32f10x_md.o(.text)
    WWDG_IRQHandler                          0x080019f7   Thumb Code     0  startup_stm32f10x_md.o(.text)
    __user_initial_stackheap                 0x080019f9   Thumb Code     0  startup_stm32f10x_md.o(.text)
    NVIC_PriorityGroupConfig                 0x08001a1d   Thumb Code    10  misc.o(.text)
    NVIC_Init                                0x08001a27   Thumb Code    94  misc.o(.text)
    NVIC_SetVectorTable                      0x08001a85   Thumb Code    14  misc.o(.text)
    NVIC_SystemLPConfig                      0x08001a93   Thumb Code    20  misc.o(.text)
    SysTick_CLKSourceConfig                  0x08001aa7   Thumb Code    24  misc.o(.text)
    GPIO_DeInit                              0x08001acd   Thumb Code   152  stm32f10x_gpio.o(.text)
    GPIO_AFIODeInit                          0x08001b65   Thumb Code    22  stm32f10x_gpio.o(.text)
    GPIO_Init                                0x08001b7b   Thumb Code   156  stm32f10x_gpio.o(.text)
    GPIO_StructInit                          0x08001c17   Thumb Code    16  stm32f10x_gpio.o(.text)
    GPIO_ReadInputDataBit                    0x08001c27   Thumb Code    14  stm32f10x_gpio.o(.text)
    GPIO_ReadInputData                       0x08001c35   Thumb Code     6  stm32f10x_gpio.o(.text)
    GPIO_ReadOutputDataBit                   0x08001c3b   Thumb Code    14  stm32f10x_gpio.o(.text)
    GPIO_ReadOutputData                      0x08001c49   Thumb Code     6  stm32f10x_gpio.o(.text)
    GPIO_SetBits                             0x08001c4f   Thumb Code     4  stm32f10x_gpio.o(.text)
    GPIO_ResetBits                           0x08001c53   Thumb Code     4  stm32f10x_gpio.o(.text)
    GPIO_WriteBit                            0x08001c57   Thumb Code    10  stm32f10x_gpio.o(.text)
    GPIO_Write                               0x08001c61   Thumb Code     4  stm32f10x_gpio.o(.text)
    GPIO_PinLockConfig                       0x08001c65   Thumb Code    16  stm32f10x_gpio.o(.text)
    GPIO_EventOutputConfig                   0x08001c75   Thumb Code    22  stm32f10x_gpio.o(.text)
    GPIO_EventOutputCmd                      0x08001c8b   Thumb Code     6  stm32f10x_gpio.o(.text)
    GPIO_PinRemapConfig                      0x08001c91   Thumb Code    82  stm32f10x_gpio.o(.text)
    GPIO_EXTILineConfig                      0x08001ce3   Thumb Code    34  stm32f10x_gpio.o(.text)
    GPIO_ETH_MediaInterfaceConfig            0x08001d05   Thumb Code     8  stm32f10x_gpio.o(.text)
    RCC_DeInit                               0x08001d31   Thumb Code    50  stm32f10x_rcc.o(.text)
    RCC_HSEConfig                            0x08001d63   Thumb Code    48  stm32f10x_rcc.o(.text)
    RCC_GetFlagStatus                        0x08001d93   Thumb Code    42  stm32f10x_rcc.o(.text)
    RCC_WaitForHSEStartUp                    0x08001dbd   Thumb Code    44  stm32f10x_rcc.o(.text)
    RCC_AdjustHSICalibrationValue            0x08001de9   Thumb Code    16  stm32f10x_rcc.o(.text)
    RCC_HSICmd                               0x08001df9   Thumb Code     6  stm32f10x_rcc.o(.text)
    RCC_PLLConfig                            0x08001dff   Thumb Code    16  stm32f10x_rcc.o(.text)
    RCC_PLLCmd                               0x08001e0f   Thumb Code     6  stm32f10x_rcc.o(.text)
    RCC_SYSCLKConfig                         0x08001e15   Thumb Code    14  stm32f10x_rcc.o(.text)
    RCC_GetSYSCLKSource                      0x08001e23   Thumb Code    10  stm32f10x_rcc.o(.text)
    RCC_HCLKConfig                           0x08001e2d   Thumb Code    14  stm32f10x_rcc.o(.text)
    RCC_PCLK1Config                          0x08001e3b   Thumb Code    14  stm32f10x_rcc.o(.text)
    RCC_PCLK2Config                          0x08001e49   Thumb Code    16  stm32f10x_rcc.o(.text)
    RCC_ITConfig                             0x08001e59   Thumb Code    18  stm32f10x_rcc.o(.text)
    RCC_USBCLKConfig                         0x08001e6b   Thumb Code     8  stm32f10x_rcc.o(.text)
    RCC_ADCCLKConfig                         0x08001e73   Thumb Code    14  stm32f10x_rcc.o(.text)
    RCC_LSEConfig                            0x08001e81   Thumb Code    28  stm32f10x_rcc.o(.text)
    RCC_LSICmd                               0x08001e9d   Thumb Code     6  stm32f10x_rcc.o(.text)
    RCC_RTCCLKConfig                         0x08001ea3   Thumb Code    10  stm32f10x_rcc.o(.text)
    RCC_RTCCLKCmd                            0x08001ead   Thumb Code     8  stm32f10x_rcc.o(.text)
    RCC_GetClocksFreq                        0x08001eb5   Thumb Code   132  stm32f10x_rcc.o(.text)
    RCC_AHBPeriphClockCmd                    0x08001f39   Thumb Code    18  stm32f10x_rcc.o(.text)
    RCC_APB2PeriphClockCmd                   0x08001f4b   Thumb Code    18  stm32f10x_rcc.o(.text)
    RCC_APB1PeriphClockCmd                   0x08001f5d   Thumb Code    18  stm32f10x_rcc.o(.text)
    RCC_APB2PeriphResetCmd                   0x08001f6f   Thumb Code    18  stm32f10x_rcc.o(.text)
    RCC_APB1PeriphResetCmd                   0x08001f81   Thumb Code    18  stm32f10x_rcc.o(.text)
    RCC_BackupResetCmd                       0x08001f93   Thumb Code     8  stm32f10x_rcc.o(.text)
    RCC_ClockSecuritySystemCmd               0x08001f9b   Thumb Code     6  stm32f10x_rcc.o(.text)
    RCC_MCOConfig                            0x08001fa1   Thumb Code     6  stm32f10x_rcc.o(.text)
    RCC_ClearFlag                            0x08001fa7   Thumb Code    12  stm32f10x_rcc.o(.text)
    RCC_GetITStatus                          0x08001fb3   Thumb Code    16  stm32f10x_rcc.o(.text)
    RCC_ClearITPendingBit                    0x08001fc3   Thumb Code     6  stm32f10x_rcc.o(.text)
    USART_DeInit                             0x08001fe9   Thumb Code    96  stm32f10x_usart.o(.text)
    USART_Init                               0x08002049   Thumb Code   166  stm32f10x_usart.o(.text)
    USART_StructInit                         0x080020ef   Thumb Code    22  stm32f10x_usart.o(.text)
    USART_ClockInit                          0x08002105   Thumb Code    30  stm32f10x_usart.o(.text)
    USART_ClockStructInit                    0x08002123   Thumb Code    12  stm32f10x_usart.o(.text)
    USART_Cmd                                0x0800212f   Thumb Code    20  stm32f10x_usart.o(.text)
    USART_ITConfig                           0x08002143   Thumb Code    48  stm32f10x_usart.o(.text)
    USART_DMACmd                             0x08002173   Thumb Code    16  stm32f10x_usart.o(.text)
    USART_SetAddress                         0x08002183   Thumb Code    16  stm32f10x_usart.o(.text)
    USART_WakeUpConfig                       0x08002193   Thumb Code    16  stm32f10x_usart.o(.text)
    USART_ReceiverWakeUpCmd                  0x080021a3   Thumb Code    20  stm32f10x_usart.o(.text)
    USART_LINBreakDetectLengthConfig         0x080021b7   Thumb Code    16  stm32f10x_usart.o(.text)
    USART_LINCmd                             0x080021c7   Thumb Code    20  stm32f10x_usart.o(.text)
    USART_SendData                           0x080021db   Thumb Code     8  stm32f10x_usart.o(.text)
    USART_ReceiveData                        0x080021e3   Thumb Code     8  stm32f10x_usart.o(.text)
    USART_SendBreak                          0x080021eb   Thumb Code    10  stm32f10x_usart.o(.text)
    USART_SetGuardTime                       0x080021f5   Thumb Code    16  stm32f10x_usart.o(.text)
    USART_SetPrescaler                       0x08002205   Thumb Code    16  stm32f10x_usart.o(.text)
    USART_SmartCardCmd                       0x08002215   Thumb Code    20  stm32f10x_usart.o(.text)
    USART_SmartCardNACKCmd                   0x08002229   Thumb Code    20  stm32f10x_usart.o(.text)
    USART_HalfDuplexCmd                      0x0800223d   Thumb Code    20  stm32f10x_usart.o(.text)
    USART_OverSampling8Cmd                   0x08002251   Thumb Code    20  stm32f10x_usart.o(.text)
    USART_OneBitMethodCmd                    0x08002265   Thumb Code    20  stm32f10x_usart.o(.text)
    USART_IrDAConfig                         0x08002279   Thumb Code    16  stm32f10x_usart.o(.text)
    USART_IrDACmd                            0x08002289   Thumb Code    20  stm32f10x_usart.o(.text)
    USART_GetFlagStatus                      0x0800229d   Thumb Code    14  stm32f10x_usart.o(.text)
    USART_ClearFlag                          0x080022ab   Thumb Code     6  stm32f10x_usart.o(.text)
    USART_GetITStatus                        0x080022b1   Thumb Code    62  stm32f10x_usart.o(.text)
    USART_ClearITPendingBit                  0x080022ef   Thumb Code    12  stm32f10x_usart.o(.text)
    __use_no_semihosting                     0x08002311   Thumb Code     2  use_no_semi_2.o(.text)
    __2printf                                0x08002315   Thumb Code    20  __2printf.o(.text)
    __2sprintf                               0x0800232d   Thumb Code    38  __2sprintf.o(.text)
    __2snprintf                              0x08002359   Thumb Code    50  __2snprintf.o(.text)
    __printf                                 0x08002391   Thumb Code   104  __printf.o(.text)
    _printf_str                              0x080023f9   Thumb Code    82  _printf_str.o(.text)
    _printf_int_dec                          0x0800244d   Thumb Code   104  _printf_dec.o(.text)
    __0sscanf                                0x080024c5   Thumb Code    52  __0sscanf.o(.text)
    _scanf_string                            0x08002501   Thumb Code   224  _scanf_str.o(.text)
    strchr                                   0x080025e1   Thumb Code    20  strchr.o(.text)
    strstr                                   0x080025f5   Thumb Code    36  strstr.o(.text)
    strcpy                                   0x08002619   Thumb Code    72  strcpy.o(.text)
    strlen                                   0x08002661   Thumb Code    62  strlen.o(.text)
    __aeabi_memcpy                           0x0800269f   Thumb Code     0  rt_memcpy_v6.o(.text)
    __rt_memcpy                              0x0800269f   Thumb Code   138  rt_memcpy_v6.o(.text)
    _memcpy_lastbytes                        0x08002705   Thumb Code     0  rt_memcpy_v6.o(.text)
    __aeabi_memclr                           0x08002729   Thumb Code     0  rt_memclr.o(.text)
    __rt_memclr                              0x08002729   Thumb Code    68  rt_memclr.o(.text)
    _memset                                  0x0800272d   Thumb Code     0  rt_memclr.o(.text)
    strncpy                                  0x0800276d   Thumb Code    86  strncpy.o(.text)
    strcmp                                   0x080027c5   Thumb Code   128  strcmpv7m.o(.text)
    __use_two_region_memory                  0x08002845   Thumb Code     2  heapauxi.o(.text)
    __rt_heap_escrow$2region                 0x08002847   Thumb Code     2  heapauxi.o(.text)
    __rt_heap_expand$2region                 0x08002849   Thumb Code     2  heapauxi.o(.text)
    __I$use$semihosting                      0x0800284b   Thumb Code     0  use_no_semi.o(.text)
    __use_no_semihosting_swi                 0x0800284b   Thumb Code     2  use_no_semi.o(.text)
    _printf_int_common                       0x0800284d   Thumb Code   178  _printf_intcommon.o(.text)
    _printf_char_common                      0x0800290b   Thumb Code    32  _printf_char_common.o(.text)
    _sputc                                   0x08002931   Thumb Code    10  _sputc.o(.text)
    _snputc                                  0x0800293b   Thumb Code    16  _snputc.o(.text)
    _printf_cs_common                        0x0800294b   Thumb Code    20  _printf_char.o(.text)
    _printf_char                             0x0800295f   Thumb Code    16  _printf_char.o(.text)
    _printf_string                           0x0800296f   Thumb Code     8  _printf_char.o(.text)
    _printf_char_file                        0x08002979   Thumb Code    32  _printf_char_file.o(.text)
    __vfscanf_char                           0x080029a9   Thumb Code    24  scanf_char.o(.text)
    _sgetc                                   0x080029c9   Thumb Code    30  _sgetc.o(.text)
    _sbackspace                              0x080029e7   Thumb Code    34  _sgetc.o(.text)
    __aeabi_memcpy4                          0x08002a09   Thumb Code     0  rt_memcpy_w.o(.text)
    __aeabi_memcpy8                          0x08002a09   Thumb Code     0  rt_memcpy_w.o(.text)
    __rt_memcpy_w                            0x08002a09   Thumb Code   100  rt_memcpy_w.o(.text)
    _memcpy_lastbytes_aligned                0x08002a51   Thumb Code     0  rt_memcpy_w.o(.text)
    __aeabi_memclr4                          0x08002a6d   Thumb Code     0  rt_memclr_w.o(.text)
    __aeabi_memclr8                          0x08002a6d   Thumb Code     0  rt_memclr_w.o(.text)
    __rt_memclr_w                            0x08002a6d   Thumb Code    78  rt_memclr_w.o(.text)
    _memset_w                                0x08002a71   Thumb Code     0  rt_memclr_w.o(.text)
    isspace                                  0x08002abb   Thumb Code    18  isspace.o(.text)
    __vfscanf                                0x08002acd   Thumb Code   880  _scanf.o(.text)
    ferror                                   0x08002e41   Thumb Code     8  ferror.o(.text)
    __user_setup_stackheap                   0x08002e49   Thumb Code    74  sys_stackheap_outer.o(.text)
    __rt_ctype_table                         0x08002e95   Thumb Code    16  rt_ctype_table.o(.text)
    exit                                     0x08002ea5   Thumb Code    18  exit.o(.text)
    __user_libspace                          0x08002eb9   Thumb Code     8  libspace.o(.text)
    __user_perproc_libspace                  0x08002eb9   Thumb Code     0  libspace.o(.text)
    __user_perthread_libspace                0x08002eb9   Thumb Code     0  libspace.o(.text)
    __rt_locale                              0x08002ec1   Thumb Code     8  rt_locale_intlibspace.o(.text)
    _get_lc_ctype                            0x08002ec9   Thumb Code    44  lc_ctype_c.o(locale$$code)
    memtblsize                               0x080035d8   Data           8  malloc.o(.constdata)
    memblksize                               0x080035e0   Data           8  malloc.o(.constdata)
    memsize                                  0x080035e8   Data           8  malloc.o(.constdata)
    Region$$Table$$Base                      0x08004fb0   Number         0  anon$$obj.o(Region$$Table)
    Region$$Table$$Limit                     0x08004fd0   Number         0  anon$$obj.o(Region$$Table)
    __ctype                                  0x08004fdd   Data           0  lc_ctype_c.o(locale$$data)
    p_uart2_rxbuf                            0x20000008   Data           4  main.o(.data)
    SystemCoreClock                          0x2000000c   Data           4  system_stm32f10x.o(.data)
    AHBPrescTable                            0x20000010   Data          16  system_stm32f10x.o(.data)
    mallco_dev                               0x20000064   Data          28  malloc.o(.data)
    USART_RX_STA                             0x20000084   Data           2  usart.o(.data)
    __stdout                                 0x20000088   Data           4  usart.o(.data)
    mem1base                                 0x20000ea0   Data       40960  malloc.o(.bss)
    mem1mapbase                              0x2000aea0   Data        2560  malloc.o(.bss)
    USART_RX_BUF                             0x2000b8a0   Data         200  usart.o(.bss)
    __libspace_start                         0x2000b968   Data          96  libspace.o(.bss)
    __temporary_stack_top$libspace           0x2000b9c8   Data           0  libspace.o(.bss)
    mem2base                                 0x68000000   Data       983040  malloc.o(.ARM.__AT_0x68000000)
    mem2mapbase                              0x680f0000   Data       61440  malloc.o(.ARM.__AT_0x680F0000)



==============================================================================

Memory Map of the image

  Image Entry point : 0x080000ed

  Load Region LR_IROM1 (Base: 0x08000000, Size: 0x00005180, Max: 0x00080000, ABSOLUTE)

    Execution Region ER_IROM1 (Exec base: 0x08000000, Load base: 0x08000000, Size: 0x000050e0, Max: 0x00080000, ABSOLUTE)

    Exec Addr    Load Addr    Size         Type   Attr      Idx    E Section Name        Object

    0x08000000   0x08000000   0x000000ec   Data   RO          521    RESET               startup_stm32f10x_md.o
    0x080000ec   0x080000ec   0x00000008   Code   RO          677  * !!!main             c_w.l(__main.o)
    0x080000f4   0x080000f4   0x00000034   Code   RO          892    !!!scatter          c_w.l(__scatter.o)
    0x08000128   0x08000128   0x0000001a   Code   RO          894    !!handler_copy      c_w.l(__scatter_copy.o)
    0x08000142   0x08000142   0x00000002   PAD
    0x08000144   0x08000144   0x0000001c   Code   RO          896    !!handler_zi        c_w.l(__scatter_zi.o)
    0x08000160   0x08000160   0x00000000   Code   RO          654    .ARM.Collect$$_printf_percent$$00000000  c_w.l(_printf_percent.o)
    0x08000160   0x08000160   0x00000006   Code   RO          653    .ARM.Collect$$_printf_percent$$00000009  c_w.l(_printf_d.o)
    0x08000166   0x08000166   0x00000006   Code   RO          651    .ARM.Collect$$_printf_percent$$00000014  c_w.l(_printf_s.o)
    0x0800016c   0x0800016c   0x00000004   Code   RO          706    .ARM.Collect$$_printf_percent$$00000017  c_w.l(_printf_percent_end.o)
    0x08000170   0x08000170   0x00000002   Code   RO          756    .ARM.Collect$$libinit$$00000000  c_w.l(libinit.o)
    0x08000172   0x08000172   0x00000000   Code   RO          771    .ARM.Collect$$libinit$$00000002  c_w.l(libinit2.o)
    0x08000172   0x08000172   0x00000000   Code   RO          773    .ARM.Collect$$libinit$$00000004  c_w.l(libinit2.o)
    0x08000172   0x08000172   0x00000000   Code   RO          776    .ARM.Collect$$libinit$$0000000A  c_w.l(libinit2.o)
    0x08000172   0x08000172   0x00000000   Code   RO          778    .ARM.Collect$$libinit$$0000000C  c_w.l(libinit2.o)
    0x08000172   0x08000172   0x00000000   Code   RO          780    .ARM.Collect$$libinit$$0000000E  c_w.l(libinit2.o)
    0x08000172   0x08000172   0x00000006   Code   RO          781    .ARM.Collect$$libinit$$0000000F  c_w.l(libinit2.o)
    0x08000178   0x08000178   0x00000000   Code   RO          783    .ARM.Collect$$libinit$$00000011  c_w.l(libinit2.o)
    0x08000178   0x08000178   0x0000000c   Code   RO          784    .ARM.Collect$$libinit$$00000012  c_w.l(libinit2.o)
    0x08000184   0x08000184   0x00000000   Code   RO          785    .ARM.Collect$$libinit$$00000013  c_w.l(libinit2.o)
    0x08000184   0x08000184   0x00000000   Code   RO          787    .ARM.Collect$$libinit$$00000015  c_w.l(libinit2.o)
    0x08000184   0x08000184   0x00000000   Code   RO          789    .ARM.Collect$$libinit$$00000017  c_w.l(libinit2.o)
    0x08000184   0x08000184   0x00000000   Code   RO          791    .ARM.Collect$$libinit$$00000019  c_w.l(libinit2.o)
    0x08000184   0x08000184   0x00000000   Code   RO          793    .ARM.Collect$$libinit$$0000001B  c_w.l(libinit2.o)
    0x08000184   0x08000184   0x00000000   Code   RO          795    .ARM.Collect$$libinit$$0000001D  c_w.l(libinit2.o)
    0x08000184   0x08000184   0x00000000   Code   RO          797    .ARM.Collect$$libinit$$0000001F  c_w.l(libinit2.o)
    0x08000184   0x08000184   0x00000000   Code   RO          799    .ARM.Collect$$libinit$$00000021  c_w.l(libinit2.o)
    0x08000184   0x08000184   0x00000000   Code   RO          801    .ARM.Collect$$libinit$$00000023  c_w.l(libinit2.o)
    0x08000184   0x08000184   0x00000000   Code   RO          803    .ARM.Collect$$libinit$$00000025  c_w.l(libinit2.o)
    0x08000184   0x08000184   0x00000000   Code   RO          807    .ARM.Collect$$libinit$$0000002C  c_w.l(libinit2.o)
    0x08000184   0x08000184   0x00000000   Code   RO          809    .ARM.Collect$$libinit$$0000002E  c_w.l(libinit2.o)
    0x08000184   0x08000184   0x00000000   Code   RO          811    .ARM.Collect$$libinit$$00000030  c_w.l(libinit2.o)
    0x08000184   0x08000184   0x00000000   Code   RO          813    .ARM.Collect$$libinit$$00000032  c_w.l(libinit2.o)
    0x08000184   0x08000184   0x00000002   Code   RO          814    .ARM.Collect$$libinit$$00000033  c_w.l(libinit2.o)
    0x08000186   0x08000186   0x00000002   Code   RO          832    .ARM.Collect$$libshutdown$$00000000  c_w.l(libshutdown.o)
    0x08000188   0x08000188   0x00000000   Code   RO          842    .ARM.Collect$$libshutdown$$00000002  c_w.l(libshutdown2.o)
    0x08000188   0x08000188   0x00000000   Code   RO          844    .ARM.Collect$$libshutdown$$00000004  c_w.l(libshutdown2.o)
    0x08000188   0x08000188   0x00000000   Code   RO          846    .ARM.Collect$$libshutdown$$00000006  c_w.l(libshutdown2.o)
    0x08000188   0x08000188   0x00000000   Code   RO          849    .ARM.Collect$$libshutdown$$00000009  c_w.l(libshutdown2.o)
    0x08000188   0x08000188   0x00000000   Code   RO          852    .ARM.Collect$$libshutdown$$0000000C  c_w.l(libshutdown2.o)
    0x08000188   0x08000188   0x00000000   Code   RO          854    .ARM.Collect$$libshutdown$$0000000E  c_w.l(libshutdown2.o)
    0x08000188   0x08000188   0x00000000   Code   RO          857    .ARM.Collect$$libshutdown$$00000011  c_w.l(libshutdown2.o)
    0x08000188   0x08000188   0x00000002   Code   RO          858    .ARM.Collect$$libshutdown$$00000012  c_w.l(libshutdown2.o)
    0x0800018a   0x0800018a   0x00000000   Code   RO          693    .ARM.Collect$$rtentry$$00000000  c_w.l(__rtentry.o)
    0x0800018a   0x0800018a   0x00000000   Code   RO          721    .ARM.Collect$$rtentry$$00000002  c_w.l(__rtentry2.o)
    0x0800018a   0x0800018a   0x00000006   Code   RO          733    .ARM.Collect$$rtentry$$00000004  c_w.l(__rtentry4.o)
    0x08000190   0x08000190   0x00000000   Code   RO          723    .ARM.Collect$$rtentry$$00000009  c_w.l(__rtentry2.o)
    0x08000190   0x08000190   0x00000004   Code   RO          724    .ARM.Collect$$rtentry$$0000000A  c_w.l(__rtentry2.o)
    0x08000194   0x08000194   0x00000000   Code   RO          726    .ARM.Collect$$rtentry$$0000000C  c_w.l(__rtentry2.o)
    0x08000194   0x08000194   0x00000008   Code   RO          727    .ARM.Collect$$rtentry$$0000000D  c_w.l(__rtentry2.o)
    0x0800019c   0x0800019c   0x00000002   Code   RO          760    .ARM.Collect$$rtexit$$00000000  c_w.l(rtexit.o)
    0x0800019e   0x0800019e   0x00000000   Code   RO          816    .ARM.Collect$$rtexit$$00000002  c_w.l(rtexit2.o)
    0x0800019e   0x0800019e   0x00000004   Code   RO          817    .ARM.Collect$$rtexit$$00000003  c_w.l(rtexit2.o)
    0x080001a2   0x080001a2   0x00000006   Code   RO          818    .ARM.Collect$$rtexit$$00000004  c_w.l(rtexit2.o)
    0x080001a8   0x080001a8   0x000004e0   Code   RO            1    .text               main.o
    0x08000688   0x08000688   0x00000012   Code   RO          145    .text               stm32f10x_it.o
    0x0800069a   0x0800069a   0x00000002   PAD
    0x0800069c   0x0800069c   0x00000158   Code   RO          243    .text               system_stm32f10x.o
    0x080007f4   0x080007f4   0x000000b8   Code   RO          261    .text               led.o
    0x080008ac   0x080008ac   0x00000100   Code   RO          275    .text               key.o
    0x080009ac   0x080009ac   0x000000f4   Code   RO          358    .text               ringbuffer.o
    0x08000aa0   0x08000aa0   0x00000acc   Code   RO          380    .text               atk_d43.o
    0x0800156c   0x0800156c   0x000000e8   Code   RO          414    .text               uart2.o
    0x08001654   0x08001654   0x000001bc   Code   RO          430    .text               malloc.o
    0x08001810   0x08001810   0x00000098   Code   RO          454    .text               delay.o
    0x080018a8   0x080018a8   0x00000134   Code   RO          485    .text               usart.o
    0x080019dc   0x080019dc   0x00000040   Code   RO          522    .text               startup_stm32f10x_md.o
    0x08001a1c   0x08001a1c   0x000000b0   Code   RO          526    .text               misc.o
    0x08001acc   0x08001acc   0x00000264   Code   RO          550    .text               stm32f10x_gpio.o
    0x08001d30   0x08001d30   0x000002b8   Code   RO          562    .text               stm32f10x_rcc.o
    0x08001fe8   0x08001fe8   0x00000328   Code   RO          576    .text               stm32f10x_usart.o
    0x08002310   0x08002310   0x00000002   Code   RO          590    .text               c_w.l(use_no_semi_2.o)
    0x08002312   0x08002312   0x00000002   PAD
    0x08002314   0x08002314   0x00000018   Code   RO          592    .text               c_w.l(__2printf.o)
    0x0800232c   0x0800232c   0x0000002c   Code   RO          594    .text               c_w.l(__2sprintf.o)
    0x08002358   0x08002358   0x00000038   Code   RO          596    .text               c_w.l(__2snprintf.o)
    0x08002390   0x08002390   0x00000068   Code   RO          604    .text               c_w.l(__printf.o)
    0x080023f8   0x080023f8   0x00000052   Code   RO          606    .text               c_w.l(_printf_str.o)
    0x0800244a   0x0800244a   0x00000002   PAD
    0x0800244c   0x0800244c   0x00000078   Code   RO          608    .text               c_w.l(_printf_dec.o)
    0x080024c4   0x080024c4   0x0000003c   Code   RO          655    .text               c_w.l(__0sscanf.o)
    0x08002500   0x08002500   0x000000e0   Code   RO          657    .text               c_w.l(_scanf_str.o)
    0x080025e0   0x080025e0   0x00000014   Code   RO          659    .text               c_w.l(strchr.o)
    0x080025f4   0x080025f4   0x00000024   Code   RO          661    .text               c_w.l(strstr.o)
    0x08002618   0x08002618   0x00000048   Code   RO          663    .text               c_w.l(strcpy.o)
    0x08002660   0x08002660   0x0000003e   Code   RO          665    .text               c_w.l(strlen.o)
    0x0800269e   0x0800269e   0x0000008a   Code   RO          667    .text               c_w.l(rt_memcpy_v6.o)
    0x08002728   0x08002728   0x00000044   Code   RO          669    .text               c_w.l(rt_memclr.o)
    0x0800276c   0x0800276c   0x00000056   Code   RO          671    .text               c_w.l(strncpy.o)
    0x080027c2   0x080027c2   0x00000002   PAD
    0x080027c4   0x080027c4   0x00000080   Code   RO          673    .text               c_w.l(strcmpv7m.o)
    0x08002844   0x08002844   0x00000006   Code   RO          675    .text               c_w.l(heapauxi.o)
    0x0800284a   0x0800284a   0x00000002   Code   RO          691    .text               c_w.l(use_no_semi.o)
    0x0800284c   0x0800284c   0x000000b2   Code   RO          694    .text               c_w.l(_printf_intcommon.o)
    0x080028fe   0x080028fe   0x00000002   PAD
    0x08002900   0x08002900   0x00000030   Code   RO          696    .text               c_w.l(_printf_char_common.o)
    0x08002930   0x08002930   0x0000000a   Code   RO          698    .text               c_w.l(_sputc.o)
    0x0800293a   0x0800293a   0x00000010   Code   RO          700    .text               c_w.l(_snputc.o)
    0x0800294a   0x0800294a   0x0000002c   Code   RO          702    .text               c_w.l(_printf_char.o)
    0x08002976   0x08002976   0x00000002   PAD
    0x08002978   0x08002978   0x00000024   Code   RO          704    .text               c_w.l(_printf_char_file.o)
    0x0800299c   0x0800299c   0x0000002c   Code   RO          707    .text               c_w.l(scanf_char.o)
    0x080029c8   0x080029c8   0x00000040   Code   RO          709    .text               c_w.l(_sgetc.o)
    0x08002a08   0x08002a08   0x00000064   Code   RO          711    .text               c_w.l(rt_memcpy_w.o)
    0x08002a6c   0x08002a6c   0x0000004e   Code   RO          713    .text               c_w.l(rt_memclr_w.o)
    0x08002aba   0x08002aba   0x00000012   Code   RO          735    .text               c_w.l(isspace.o)
    0x08002acc   0x08002acc   0x00000374   Code   RO          739    .text               c_w.l(_scanf.o)
    0x08002e40   0x08002e40   0x00000008   Code   RO          741    .text               c_w.l(ferror.o)
    0x08002e48   0x08002e48   0x0000004a   Code   RO          745    .text               c_w.l(sys_stackheap_outer.o)
    0x08002e92   0x08002e92   0x00000002   PAD
    0x08002e94   0x08002e94   0x00000010   Code   RO          747    .text               c_w.l(rt_ctype_table.o)
    0x08002ea4   0x08002ea4   0x00000012   Code   RO          749    .text               c_w.l(exit.o)
    0x08002eb6   0x08002eb6   0x00000002   PAD
    0x08002eb8   0x08002eb8   0x00000008   Code   RO          757    .text               c_w.l(libspace.o)
    0x08002ec0   0x08002ec0   0x00000008   Code   RO          765    .text               c_w.l(rt_locale_intlibspace.o)
    0x08002ec8   0x08002ec8   0x0000002c   Code   RO          768    locale$$code        c_w.l(lc_ctype_c.o)
    0x08002ef4   0x08002ef4   0x000006e4   Data   RO          382    .constdata          atk_d43.o
    0x080035d8   0x080035d8   0x00000018   Data   RO          435    .constdata          malloc.o
    0x080035f0   0x080035f0   0x00000247   Data   RO            3    .conststring        main.o
    0x08003837   0x08003837   0x00000001   PAD
    0x08003838   0x08003838   0x00001778   Data   RO          383    .conststring        atk_d43.o
    0x08004fb0   0x08004fb0   0x00000020   Data   RO          890    Region$$Table       anon$$obj.o
    0x08004fd0   0x08004fd0   0x00000110   Data   RO          767    locale$$data        c_w.l(lc_ctype_c.o)


    Execution Region RW_IRAM1 (Exec base: 0x20000000, Load base: 0x080050e0, Size: 0x0000bfc8, Max: 0x00010000, ABSOLUTE)

    Exec Addr    Load Addr    Size         Type   Attr      Idx    E Section Name        Object

    0x20000000   0x080050e0   0x0000000c   Data   RW            4    .data               main.o
    0x2000000c   0x080050ec   0x00000014   Data   RW          244    .data               system_stm32f10x.o
    0x20000020   0x08005100   0x00000010   Data   RW          262    .data               led.o
    0x20000030   0x08005110   0x00000001   Data   RW          276    .data               key.o
    0x20000031   0x08005111   0x00000003   PAD
    0x20000034   0x08005114   0x00000030   Data   RW          384    .data               atk_d43.o
    0x20000064   0x08005144   0x0000001c   Data   RW          436    .data               malloc.o
    0x20000080   0x08005160   0x00000004   Data   RW          455    .data               delay.o
    0x20000084   0x08005164   0x00000002   Data   RW          487    .data               usart.o
    0x20000086   0x08005166   0x00000002   PAD
    0x20000088   0x08005168   0x00000004   Data   RW          488    .data               usart.o
    0x2000008c   0x0800516c   0x00000014   Data   RW          563    .data               stm32f10x_rcc.o
    0x200000a0        -       0x00000800   Zero   RW            2    .bss                main.o
    0x200008a0        -       0x00000600   Zero   RW          381    .bss                atk_d43.o
    0x20000ea0        -       0x0000a000   Zero   RW          433    .bss                malloc.o
    0x2000aea0        -       0x00000a00   Zero   RW          434    .bss                malloc.o
    0x2000b8a0        -       0x000000c8   Zero   RW          486    .bss                usart.o
    0x2000b968        -       0x00000060   Zero   RW          758    .bss                c_w.l(libspace.o)
    0x2000b9c8        -       0x00000200   Zero   RW          520    HEAP                startup_stm32f10x_md.o
    0x2000bbc8        -       0x00000400   Zero   RW          519    STACK               startup_stm32f10x_md.o



  Load Region LR$$.ARM.__AT_0x68000000 (Base: 0x68000000, Size: 0x00000000, Max: 0x000f0000, ABSOLUTE)

    Execution Region ER$$.ARM.__AT_0x68000000 (Exec base: 0x68000000, Load base: 0x68000000, Size: 0x000f0000, Max: 0x000f0000, ABSOLUTE, UNINIT)

    Exec Addr    Load Addr    Size         Type   Attr      Idx    E Section Name        Object

    0x68000000        -       0x000f0000   Zero   RW          431    .ARM.__AT_0x68000000  malloc.o



  Load Region LR$$.ARM.__AT_0x680F0000 (Base: 0x680f0000, Size: 0x00000000, Max: 0x0000f000, ABSOLUTE)

    Execution Region ER$$.ARM.__AT_0x680F0000 (Exec base: 0x680f0000, Load base: 0x680f0000, Size: 0x0000f000, Max: 0x0000f000, ABSOLUTE, UNINIT)

    Exec Addr    Load Addr    Size         Type   Attr      Idx    E Section Name        Object

    0x680f0000        -       0x0000f000   Zero   RW          432    .ARM.__AT_0x680F0000  malloc.o


==============================================================================

Image component sizes


      Code (inc. data)   RO Data    RW Data    ZI Data      Debug   Object Name

      2764        676       7772         48       1536      13131   atk_d43.o
       152         14          0          4          0       1159   delay.o
       256         14          0          1          0     204384   key.o
       184         10          0         16          0       1705   led.o
      1248        752        583         12       2048     218247   main.o
       444          8         24         28    1088000       4938   malloc.o
       176         14          0          0          0       1977   misc.o
       244          0          0          0          0       3393   ringbuffer.o
        64         26        236          0       1536        812   startup_stm32f10x_md.o
       612         36          0          0          0       6105   stm32f10x_gpio.o
        18          0          0          0          0      24446   stm32f10x_it.o
       696         32          0         20          0       9116   stm32f10x_rcc.o
       808         22          0          0          0       8964   stm32f10x_usart.o
         0          0          0          0          0         32   sys.o
       344         34          0         20          0       1891   system_stm32f10x.o
       232         12          0          0          0       2608   uart2.o
       308         18          0          6        200       3866   usart.o

    ----------------------------------------------------------------------
      8552       1668       8648        160    1093320     506774   Object Totals
         0          0         32          0          0          0   (incl. Generated)
         2          0          1          5          0          0   (incl. Padding)

    ----------------------------------------------------------------------

      Code (inc. data)   RO Data    RW Data    ZI Data      Debug   Library Member Name

        60          8          0          0          0         84   __0sscanf.o
        24          4          0          0          0         84   __2printf.o
        56          6          0          0          0         88   __2snprintf.o
        44          6          0          0          0         84   __2sprintf.o
         8          0          0          0          0         68   __main.o
       104          0          0          0          0         84   __printf.o
         0          0          0          0          0          0   __rtentry.o
        12          0          0          0          0          0   __rtentry2.o
         6          0          0          0          0          0   __rtentry4.o
        52          8          0          0          0          0   __scatter.o
        26          0          0          0          0          0   __scatter_copy.o
        28          0          0          0          0          0   __scatter_zi.o
        44          0          0          0          0        108   _printf_char.o
        48          6          0          0          0         96   _printf_char_common.o
        36          4          0          0          0         80   _printf_char_file.o
         6          0          0          0          0          0   _printf_d.o
       120         16          0          0          0         92   _printf_dec.o
       178          0          0          0          0         88   _printf_intcommon.o
         0          0          0          0          0          0   _printf_percent.o
         4          0          0          0          0          0   _printf_percent_end.o
         6          0          0          0          0          0   _printf_s.o
        82          0          0          0          0         80   _printf_str.o
       884          4          0          0          0        100   _scanf.o
       224          0          0          0          0         96   _scanf_str.o
        64          0          0          0          0         84   _sgetc.o
        16          0          0          0          0         68   _snputc.o
        10          0          0          0          0         68   _sputc.o
        18          0          0          0          0         80   exit.o
         8          0          0          0          0         68   ferror.o
         6          0          0          0          0        152   heapauxi.o
        18          0          0          0          0         76   isspace.o
        44         10        272          0          0         76   lc_ctype_c.o
         2          0          0          0          0          0   libinit.o
        20          0          0          0          0          0   libinit2.o
         2          0          0          0          0          0   libshutdown.o
         2          0          0          0          0          0   libshutdown2.o
         8          4          0          0         96         68   libspace.o
        16          4          0          0          0         76   rt_ctype_table.o
         8          4          0          0          0         68   rt_locale_intlibspace.o
        68          0          0          0          0         68   rt_memclr.o
        78          0          0          0          0         80   rt_memclr_w.o
       138          0          0          0          0         68   rt_memcpy_v6.o
       100          0          0          0          0         80   rt_memcpy_w.o
         2          0          0          0          0          0   rtexit.o
        10          0          0          0          0          0   rtexit2.o
        44          8          0          0          0         84   scanf_char.o
        20          0          0          0          0         68   strchr.o
       128          0          0          0          0         68   strcmpv7m.o
        72          0          0          0          0         80   strcpy.o
        62          0          0          0          0         76   strlen.o
        86          0          0          0          0         76   strncpy.o
        36          0          0          0          0         80   strstr.o
        74          0          0          0          0         80   sys_stackheap_outer.o
         2          0          0          0          0         68   use_no_semi.o
         2          0          0          0          0         68   use_no_semi_2.o

    ----------------------------------------------------------------------
      3232         92        272          0         96       3160   Library Totals
        16          0          0          0          0          0   (incl. Padding)

    ----------------------------------------------------------------------

      Code (inc. data)   RO Data    RW Data    ZI Data      Debug   Library Name

      3216         92        272          0         96       3160   c_w.l

    ----------------------------------------------------------------------
      3232         92        272          0         96       3160   Library Totals

    ----------------------------------------------------------------------

==============================================================================


      Code (inc. data)   RO Data    RW Data    ZI Data      Debug   

     11784       1760       8920        160    1093416     506550   Grand Totals
     11784       1760       8920        160    1093416     506550   ELF Image Totals
     11784       1760       8920        160          0          0   ROM Totals

==============================================================================

    Total RO  Size (Code + RO Data)                20704 (  20.22kB)
    Total RW  Size (RW Data + ZI Data)           1093576 (1067.95kB)
    Total ROM Size (Code + RO Data + RW Data)      20864 (  20.38kB)

==============================================================================

