Component: ARM Compiler 5.06 update 7 (build 960) Tool: armlink [4d3601]

==============================================================================

Section Cross References

    startup_stm32f10x_md.o(RESET) refers to startup_stm32f10x_md.o(STACK) for __initial_sp
    startup_stm32f10x_md.o(RESET) refers to startup_stm32f10x_md.o(.text) for Reset_Handler
    startup_stm32f10x_md.o(RESET) refers to stm32f10x_it.o(i.NMI_Handler) for NMI_Handler
    startup_stm32f10x_md.o(RESET) refers to stm32f10x_it.o(i.HardFault_Handler) for HardFault_Handler
    startup_stm32f10x_md.o(RESET) refers to stm32f10x_it.o(i.MemManage_Handler) for MemManage_Handler
    startup_stm32f10x_md.o(RESET) refers to stm32f10x_it.o(i.BusFault_Handler) for BusFault_Handler
    startup_stm32f10x_md.o(RESET) refers to stm32f10x_it.o(i.UsageFault_Handler) for UsageFault_Handler
    startup_stm32f10x_md.o(RESET) refers to stm32f10x_it.o(i.SVC_Handler) for SVC_Handler
    startup_stm32f10x_md.o(RESET) refers to stm32f10x_it.o(i.DebugMon_Handler) for DebugMon_Handler
    startup_stm32f10x_md.o(RESET) refers to stm32f10x_it.o(i.PendSV_Handler) for PendSV_Handler
    startup_stm32f10x_md.o(RESET) refers to stm32f10x_it.o(i.SysTick_Handler) for SysTick_Handler
    startup_stm32f10x_md.o(RESET) refers to touch_key.o(i.EXTI0_IRQHandler) for EXTI0_IRQHandler
    startup_stm32f10x_md.o(RESET) refers to touch_key.o(i.EXTI2_IRQHandler) for EXTI2_IRQHandler
    startup_stm32f10x_md.o(RESET) refers to touch_key.o(i.EXTI3_IRQHandler) for EXTI3_IRQHandler
    startup_stm32f10x_md.o(RESET) refers to atk_mb026_uart.o(i.TIM2_IRQHandler) for TIM2_IRQHandler
    startup_stm32f10x_md.o(RESET) refers to usart.o(i.USART1_IRQHandler) for USART1_IRQHandler
    startup_stm32f10x_md.o(RESET) refers to atk_mb026_uart.o(i.USART2_IRQHandler) for USART2_IRQHandler
    startup_stm32f10x_md.o(RESET) refers to stm32f10x_it.o(i.USART3_IRQHandler) for USART3_IRQHandler
    startup_stm32f10x_md.o(.text) refers to system_stm32f10x.o(i.SystemInit) for SystemInit
    startup_stm32f10x_md.o(.text) refers to entry.o(.ARM.Collect$$$$00000000) for __main
    system_stm32f10x.o(i.SetSysClock) refers to system_stm32f10x.o(i.SetSysClockTo72) for SetSysClockTo72
    system_stm32f10x.o(i.SystemCoreClockUpdate) refers to system_stm32f10x.o(.data) for SystemCoreClock
    system_stm32f10x.o(i.SystemInit) refers to system_stm32f10x.o(i.SetSysClock) for SetSysClock
    stm32f10x_adc.o(i.ADC_DeInit) refers to stm32f10x_rcc.o(i.RCC_APB2PeriphResetCmd) for RCC_APB2PeriphResetCmd
    stm32f10x_bkp.o(i.BKP_DeInit) refers to stm32f10x_rcc.o(i.RCC_BackupResetCmd) for RCC_BackupResetCmd
    stm32f10x_can.o(i.CAN_DeInit) refers to stm32f10x_rcc.o(i.RCC_APB1PeriphResetCmd) for RCC_APB1PeriphResetCmd
    stm32f10x_can.o(i.CAN_GetITStatus) refers to stm32f10x_can.o(i.CheckITStatus) for CheckITStatus
    stm32f10x_cec.o(i.CEC_DeInit) refers to stm32f10x_rcc.o(i.RCC_APB1PeriphResetCmd) for RCC_APB1PeriphResetCmd
    stm32f10x_dac.o(i.DAC_DeInit) refers to stm32f10x_rcc.o(i.RCC_APB1PeriphResetCmd) for RCC_APB1PeriphResetCmd
    stm32f10x_flash.o(i.FLASH_EnableWriteProtection) refers to stm32f10x_flash.o(i.FLASH_WaitForLastOperation) for FLASH_WaitForLastOperation
    stm32f10x_flash.o(i.FLASH_EraseAllBank1Pages) refers to stm32f10x_flash.o(i.FLASH_WaitForLastBank1Operation) for FLASH_WaitForLastBank1Operation
    stm32f10x_flash.o(i.FLASH_EraseAllPages) refers to stm32f10x_flash.o(i.FLASH_WaitForLastOperation) for FLASH_WaitForLastOperation
    stm32f10x_flash.o(i.FLASH_EraseOptionBytes) refers to stm32f10x_flash.o(i.FLASH_GetReadOutProtectionStatus) for FLASH_GetReadOutProtectionStatus
    stm32f10x_flash.o(i.FLASH_EraseOptionBytes) refers to stm32f10x_flash.o(i.FLASH_WaitForLastOperation) for FLASH_WaitForLastOperation
    stm32f10x_flash.o(i.FLASH_ErasePage) refers to stm32f10x_flash.o(i.FLASH_WaitForLastOperation) for FLASH_WaitForLastOperation
    stm32f10x_flash.o(i.FLASH_ProgramHalfWord) refers to stm32f10x_flash.o(i.FLASH_WaitForLastOperation) for FLASH_WaitForLastOperation
    stm32f10x_flash.o(i.FLASH_ProgramOptionByteData) refers to stm32f10x_flash.o(i.FLASH_WaitForLastOperation) for FLASH_WaitForLastOperation
    stm32f10x_flash.o(i.FLASH_ProgramWord) refers to stm32f10x_flash.o(i.FLASH_WaitForLastOperation) for FLASH_WaitForLastOperation
    stm32f10x_flash.o(i.FLASH_ReadOutProtection) refers to stm32f10x_flash.o(i.FLASH_WaitForLastOperation) for FLASH_WaitForLastOperation
    stm32f10x_flash.o(i.FLASH_UserOptionByteConfig) refers to stm32f10x_flash.o(i.FLASH_WaitForLastOperation) for FLASH_WaitForLastOperation
    stm32f10x_flash.o(i.FLASH_WaitForLastBank1Operation) refers to stm32f10x_flash.o(i.FLASH_GetBank1Status) for FLASH_GetBank1Status
    stm32f10x_flash.o(i.FLASH_WaitForLastOperation) refers to stm32f10x_flash.o(i.FLASH_GetBank1Status) for FLASH_GetBank1Status
    stm32f10x_gpio.o(i.GPIO_AFIODeInit) refers to stm32f10x_rcc.o(i.RCC_APB2PeriphResetCmd) for RCC_APB2PeriphResetCmd
[...]
    i.EXTI3_IRQHandler                       0x08001298   Section        0  touch_key.o(i.EXTI3_IRQHandler)
    i.EXTI_ClearITPendingBit                 0x08001358   Section        0  stm32f10x_exti.o(i.EXTI_ClearITPendingBit)
    i.EXTI_GetITStatus                       0x08001364   Section        0  stm32f10x_exti.o(i.EXTI_GetITStatus)
    i.GPIO_Init                              0x0800138c   Section        0  stm32f10x_gpio.o(i.GPIO_Init)
    i.GPIO_PinRemapConfig                    0x080014a4   Section        0  stm32f10x_gpio.o(i.GPIO_PinRemapConfig)
    i.GPIO_ReadInputDataBit                  0x08001534   Section        0  stm32f10x_gpio.o(i.GPIO_ReadInputDataBit)
    i.GPIO_ReadOutputDataBit                 0x08001546   Section        0  stm32f10x_gpio.o(i.GPIO_ReadOutputDataBit)
    i.GPIO_ResetBits                         0x08001558   Section        0  stm32f10x_gpio.o(i.GPIO_ResetBits)
    i.GPIO_SetBits                           0x0800155c   Section        0  stm32f10x_gpio.o(i.GPIO_SetBits)
    i.GPIO_WriteBit                          0x08001560   Section        0  stm32f10x_gpio.o(i.GPIO_WriteBit)
    i.GetSystemTime                          0x0800156c   Section        0  oled_display.o(i.GetSystemTime)
    i.HardFault_Handler                      0x08001578   Section        0  stm32f10x_it.o(i.HardFault_Handler)
    i.LED_Init                               0x0800157c   Section        0  led.o(i.LED_Init)
    i.LightSensor_GetLux                     0x080015c4   Section        0  lightsensor.o(i.LightSensor_GetLux)
    i.LightSensor_Init                       0x080015e8   Section        0  lightsensor.o(i.LightSensor_Init)
    i.LightSensor_Read                       0x08001668   Section        0  lightsensor.o(i.LightSensor_Read)
    i.MemManage_Handler                      0x08001698   Section        0  stm32f10x_it.o(i.MemManage_Handler)
    i.NMI_Handler                            0x0800169c   Section        0  stm32f10x_it.o(i.NMI_Handler)
    i.NVIC_Init                              0x080016a0   Section        0  misc.o(i.NVIC_Init)
    i.NetworkQueue_Dequeue                   0x08001710   Section        0  servercomm.o(i.NetworkQueue_Dequeue)
    i.NetworkQueue_Enqueue                   0x0800175c   Section        0  servercomm.o(i.NetworkQueue_Enqueue)
    i.NetworkQueue_GetCount                  0x08001864   Section        0  servercomm.o(i.NetworkQueue_GetCount)
    i.NetworkQueue_Init                      0x0800186c   Section        0  servercomm.o(i.NetworkQueue_Init)
    i.NetworkQueue_IsEmpty                   0x080018c4   Section        0  servercomm.o(i.NetworkQueue_IsEmpty)
    i.NetworkQueue_IsFull                    0x080018d4   Section        0  servercomm.o(i.NetworkQueue_IsFull)
    i.OLED_Clear                             0x080018e6   Section        0  oled.o(i.OLED_Clear)
    i.OLED_Display_ActuatorStatus            0x08001910   Section        0  oled_display.o(i.OLED_Display_ActuatorStatus)
    i.OLED_Display_CycleMode                 0x080019b0   Section        0  oled_display.o(i.OLED_Display_CycleMode)
    i.OLED_Display_Init                      0x08001a74   Section        0  oled_display.o(i.OLED_Display_Init)
    i.OLED_Display_NetworkStatus             0x08001b08   Section        0  oled_display.o(i.OLED_Display_NetworkStatus)
    i.OLED_Display_SensorData                0x08001bc0   Section        0  oled_display.o(i.OLED_Display_SensorData)
    i.OLED_Display_SystemStatus              0x08001ed4   Section        0  oled_display.o(i.OLED_Display_SystemStatus)
    i.OLED_Display_Update                    0x08001fc8   Section        0  oled_display.o(i.OLED_Display_Update)
    i.OLED_I2C_Init                          0x08002018   Section        0  oled.o(i.OLED_I2C_Init)
    i.OLED_I2C_SendByte                      0x08002064   Section        0  oled.o(i.OLED_I2C_SendByte)
    i.OLED_I2C_Start                         0x080020b4   Section        0  oled.o(i.OLED_I2C_Start)
    i.OLED_I2C_Stop                          0x080020e4   Section        0  oled.o(i.OLED_I2C_Stop)
    i.OLED_Init                              0x0800210c   Section        0  oled.o(i.OLED_Init)
    i.OLED_SetCursor                         0x080021ba   Section        0  oled.o(i.OLED_SetCursor)
    i.OLED_ShowChar                          0x080021dc   Section        0  oled.o(i.OLED_ShowChar)
    i.OLED_ShowString                        0x08002250   Section        0  oled.o(i.OLED_ShowString)
    i.OLED_WriteCommand                      0x08002278   Section        0  oled.o(i.OLED_WriteCommand)
    i.OLED_WriteData                         0x08002298   Section        0  oled.o(i.OLED_WriteData)
    i.PendSV_Handler                         0x080022b8   Section        0  stm32f10x_it.o(i.PendSV_Handler)
    i.PrintManager_Init                      0x080022bc   Section        0  printmanager.o(i.PrintManager_Init)
    i.PrintManager_Printf                    0x08002330   Section        0  printmanager.o(i.PrintManager_Printf)
    i.PrintManager_SetLevel                  0x08002494   Section        0  printmanager.o(i.PrintManager_SetLevel)
    i.PrintManager_SetModule                 0x080024cc   Section        0  printmanager.o(i.PrintManager_SetModule)
    i.RCC_APB1PeriphClockCmd                 0x08002564   Section        0  stm32f10x_rcc.o(i.RCC_APB1PeriphClockCmd)
    i.RCC_APB2PeriphClockCmd                 0x08002584   Section        0  stm32f10x_rcc.o(i.RCC_APB2PeriphClockCmd)
    i.RCC_GetClocksFreq                      0x080025a4   Section        0  stm32f10x_rcc.o(i.RCC_GetClocksFreq)
    i.RELAY_1                                0x08002678   Section        0  relay.o(i.RELAY_1)
    i.RELAY_2                                0x08002690   Section        0  relay.o(i.RELAY_2)
    i.RELAY_GetState                         0x080026a8   Section        0  oled_display.o(i.RELAY_GetState)
    i.RELAY_Init                             0x080026d0   Section        0  relay.o(i.RELAY_Init)
    i.RS485_Init                             0x08002714   Section        0  rs485.o(i.RS485_Init)
    i.RS485_SendHex                          0x08002754   Section        0  rs485.o(i.RS485_SendHex)
    i.SVC_Handler                            0x0800279c   Section        0  stm32f10x_it.o(i.SVC_Handler)
    i.Serial_Printf                          0x0800279e   Section        0  serial.o(i.Serial_Printf)
    i.Serial_SendByte                        0x080027c4   Section        0  serial.o(i.Serial_SendByte)
    i.Serial_SendString                      0x080027e4   Section        0  serial.o(i.Serial_SendString)
    i.ServerComm_CheckAndExecuteCommand      0x08002800   Section        0  servercomm.o(i.ServerComm_CheckAndExecuteCommand)
    i.ServerComm_CheckRealConnection         0x08002b50   Section        0  servercomm.o(i.ServerComm_CheckRealConnection)
    ServerComm_CheckRealConnection           0x08002b51   Thumb Code    76  servercomm.o(i.ServerComm_CheckRealConnection)
    i.ServerComm_ConfirmCommand              0x08002bdc   Section        0  servercomm.o(i.ServerComm_ConfirmCommand)
    i.ServerComm_Connect                     0x08002df0   Section        0  servercomm.o(i.ServerComm_Connect)
    i.ServerComm_EnsureConnection            0x080030ac   Section        0  servercomm.o(i.ServerComm_EnsureConnection)
    ServerComm_EnsureConnection              0x080030ad   Thumb Code    24  servercomm.o(i.ServerComm_EnsureConnection)
    i.ServerComm_ExecuteCommand              0x080030f8   Section        0  servercomm.o(i.ServerComm_ExecuteCommand)
    i.ServerComm_Init                        0x0800326c   Section        0  servercomm.o(i.ServerComm_Init)
    i.ServerComm_InitCommandQueue            0x0800340c   Section        0  servercomm.o(i.ServerComm_InitCommandQueue)
    i.ServerComm_IsConnected                 0x08003468   Section        0  servercomm.o(i.ServerComm_IsConnected)
    i.ServerComm_ProcessBatch                0x08003488   Section        0  servercomm.o(i.ServerComm_ProcessBatch)
    i.ServerComm_ProcessCommandQueue         0x080037b8   Section        0  servercomm.o(i.ServerComm_ProcessCommandQueue)
    i.ServerComm_ProcessRequest              0x0800386c   Section        0  servercomm.o(i.ServerComm_ProcessRequest)
    ServerComm_ProcessRequest                0x0800386d   Thumb Code   728  servercomm.o(i.ServerComm_ProcessRequest)
    i.ServerComm_UploadActuatorStatus        0x08003db4   Section        0  servercomm.o(i.ServerComm_UploadActuatorStatus)
    i.ServerComm_UploadAllSensors            0x08003f4c   Section        0  servercomm.o(i.ServerComm_UploadAllSensors)
    i.ServerComm_UploadSensorData            0x08004214   Section        0  servercomm.o(i.ServerComm_UploadSensorData)
    i.SetSysClock                            0x080042b0   Section        0  system_stm32f10x.o(i.SetSysClock)
    SetSysClock                              0x080042b1   Thumb Code     8  system_stm32f10x.o(i.SetSysClock)
    i.SetSysClockTo72                        0x080042b8   Section        0  system_stm32f10x.o(i.SetSysClockTo72)
    SetSysClockTo72                          0x080042b9   Thumb Code   214  system_stm32f10x.o(i.SetSysClockTo72)
    i.SoilSensor_CalculateCRC16              0x08004398   Section        0  soilsensor.o(i.SoilSensor_CalculateCRC16)
    i.SoilSensor_ReadData                    0x080043d4   Section        0  soilsensor.o(i.SoilSensor_ReadData)
    i.SoilSensor_VerifyCRC16                 0x0800452c   Section        0  soilsensor.o(i.SoilSensor_VerifyCRC16)
    i.SysTick_CLKSourceConfig                0x0800455e   Section        0  misc.o(i.SysTick_CLKSourceConfig)
    i.SysTick_Handler                        0x08004586   Section        0  stm32f10x_it.o(i.SysTick_Handler)
    i.SystemInit                             0x08004588   Section        0  system_stm32f10x.o(i.SystemInit)
    i.TIM2_IRQHandler                        0x080045e8   Section        0  atk_mb026_uart.o(i.TIM2_IRQHandler)
    i.TIM_ClearITPendingBit                  0x0800461c   Section        0  stm32f10x_tim.o(i.TIM_ClearITPendingBit)
    i.TIM_Cmd                                0x08004622   Section        0  stm32f10x_tim.o(i.TIM_Cmd)
    i.TIM_GetITStatus                        0x0800463a   Section        0  stm32f10x_tim.o(i.TIM_GetITStatus)
    i.TIM_ITConfig                           0x0800465c   Section        0  stm32f10x_tim.o(i.TIM_ITConfig)
    i.TIM_SetCounter                         0x0800466e   Section        0  stm32f10x_tim.o(i.TIM_SetCounter)
    i.TIM_TimeBaseInit                       0x08004674   Section        0  stm32f10x_tim.o(i.TIM_TimeBaseInit)
    i.TOUCH_KEY_Scan                         0x08004718   Section        0  touch_key.o(i.TOUCH_KEY_Scan)
    i.USART1_IRQHandler                      0x08004834   Section        0  usart.o(i.USART1_IRQHandler)
    i.USART2_IRQHandler                      0x080048bc   Section        0  atk_mb026_uart.o(i.USART2_IRQHandler)
    i.USART3_IRQHandler                      0x080049cc   Section        0  stm32f10x_it.o(i.USART3_IRQHandler)
    i.USART3_Init                            0x08004a38   Section        0  rs485.o(i.USART3_Init)
    i.USART_ClearITPendingBit                0x08004ae0   Section        0  stm32f10x_usart.o(i.USART_ClearITPendingBit)
    i.USART_Cmd                              0x08004afe   Section        0  stm32f10x_usart.o(i.USART_Cmd)
    i.USART_GetFlagStatus                    0x08004b16   Section        0  stm32f10x_usart.o(i.USART_GetFlagStatus)
    i.USART_GetITStatus                      0x08004b30   Section        0  stm32f10x_usart.o(i.USART_GetITStatus)
    i.USART_ITConfig                         0x08004b84   Section        0  stm32f10x_usart.o(i.USART_ITConfig)
    i.USART_Init                             0x08004bd0   Section        0  stm32f10x_usart.o(i.USART_Init)
    i.USART_ReceiveData                      0x08004ca8   Section        0  stm32f10x_usart.o(i.USART_ReceiveData)
    i.USART_SendData                         0x08004cb2   Section        0  stm32f10x_usart.o(i.USART_SendData)
    i.UsageFault_Handler                     0x08004cba   Section        0  stm32f10x_it.o(i.UsageFault_Handler)
    i.__0printf                              0x08004cc0   Section        0  printfa.o(i.__0printf)
    i.__0sprintf                             0x08004ce0   Section        0  printfa.o(i.__0sprintf)
    i.__0vsnprintf                           0x08004d08   Section        0  printfa.o(i.__0vsnprintf)
    i.__0vsprintf                            0x08004d3c   Section        0  printfa.o(i.__0vsprintf)
    i.__scatterload_copy                     0x08004d60   Section       14  handlers.o(i.__scatterload_copy)
    i.__scatterload_null                     0x08004d6e   Section        2  handlers.o(i.__scatterload_null)
    i.__scatterload_zeroinit                 0x08004d70   Section       14  handlers.o(i.__scatterload_zeroinit)
    i._fp_digits                             0x08004d80   Section        0  printfa.o(i._fp_digits)
    _fp_digits                               0x08004d81   Thumb Code   366  printfa.o(i._fp_digits)
    i._printf_core                           0x08004f04   Section        0  printfa.o(i._printf_core)
    _printf_core                             0x08004f05   Thumb Code  1704  printfa.o(i._printf_core)
    i._printf_post_padding                   0x080055b8   Section        0  printfa.o(i._printf_post_padding)
    _printf_post_padding                     0x080055b9   Thumb Code    36  printfa.o(i._printf_post_padding)
    i._printf_pre_padding                    0x080055dc   Section        0  printfa.o(i._printf_pre_padding)
    _printf_pre_padding                      0x080055dd   Thumb Code    46  printfa.o(i._printf_pre_padding)
    i._snputc                                0x0800560a   Section        0  printfa.o(i._snputc)
    _snputc                                  0x0800560b   Thumb Code    22  printfa.o(i._snputc)
    i._sputc                                 0x08005620   Section        0  printfa.o(i._sputc)
    _sputc                                   0x08005621   Thumb Code    10  printfa.o(i._sputc)
    i.atk_mb026_connect_tcp_server           0x0800562c   Section        0  atk_mb026.o(i.atk_mb026_connect_tcp_server)
    i.atk_mb026_enter_unvarnished            0x08005864   Section        0  atk_mb026.o(i.atk_mb026_enter_unvarnished)
    i.atk_mb026_send_at_cmd                  0x08005b5c   Section        0  atk_mb026.o(i.atk_mb026_send_at_cmd)
    i.atk_mb026_uart_init                    0x08005bb4   Section        0  atk_mb026_uart.o(i.atk_mb026_uart_init)
    i.atk_mb026_uart_printf                  0x0800640c   Section        0  atk_mb026_uart.o(i.atk_mb026_uart_printf)
    i.atk_mb026_uart_printf_blocking         0x08006480   Section        0  atk_mb026_uart.o(i.atk_mb026_uart_printf_blocking)
    i.atk_mb026_uart_rx_get_frame            0x080064b8   Section        0  atk_mb026_uart.o(i.atk_mb026_uart_rx_get_frame)
    i.atk_mb026_uart_rx_restart              0x080064e4   Section        0  atk_mb026_uart.o(i.atk_mb026_uart_rx_restart)
    i.delay_init                             0x08006500   Section        0  delay.o(i.delay_init)
    i.delay_ms                               0x08006520   Section        0  delay.o(i.delay_ms)
    i.delay_us                               0x08006574   Section        0  delay.o(i.delay_us)
    i.dtu_config_init                        0x080065c0   Section        0  atk_d43.o(i.dtu_config_init)
    i.dtu_config_work_param                  0x08006700   Section        0  atk_d43.o(i.dtu_config_work_param)
    dtu_config_work_param                    0x08006701   Thumb Code   124  atk_d43.o(i.dtu_config_work_param)
    i.dtu_enter_configmode                   0x08006780   Section        0  atk_d43.o(i.dtu_enter_configmode)
    dtu_enter_configmode                     0x08006781   Thumb Code    48  atk_d43.o(i.dtu_enter_configmode)
    i.dtu_enter_transfermode                 0x080067bc   Section        0  atk_d43.o(i.dtu_enter_transfermode)
    dtu_enter_transfermode                   0x080067bd   Thumb Code    26  atk_d43.o(i.dtu_enter_transfermode)
    i.fputc                                  0x080067e4   Section        0  usart.o(i.fputc)
    i.init_4g_module                         0x08006800   Section        0  main.o(i.init_4g_module)
    i.main                                   0x08006908   Section        0  main.o(i.main)
    i.send_cmd_to_dtu                        0x08006c84   Section        0  atk_d43.o(i.send_cmd_to_dtu)
    send_cmd_to_dtu                          0x08006c85   Thumb Code   132  atk_d43.o(i.send_cmd_to_dtu)
    i.send_data_to_dtu                       0x08006d18   Section        0  atk_d43.o(i.send_data_to_dtu)
    i.usart2_send_data                       0x08006d28   Section        0  atk_mb026_uart.o(i.usart2_send_data)
    i.usart2_send_data_blocking              0x08006d74   Section        0  atk_mb026_uart.o(i.usart2_send_data_blocking)
    i.usart_init                             0x08006db0   Section        0  usart.o(i.usart_init)
    .constdata                               0x08006e50   Section     1520  oled.o(.constdata)
    .constdata                               0x08007440   Section     1764  atk_d43.o(.constdata)
    dtu_basic_conf_param_info                0x08007440   Data         144  atk_d43.o(.constdata)
    dtu_net_param_info                       0x080074d0   Data         192  atk_d43.o(.constdata)
    dtu_http_param_info                      0x08007590   Data          72  atk_d43.o(.constdata)
    dtu_mqtt_param_info                      0x080075d8   Data         204  atk_d43.o(.constdata)
    dtu_aliyun_param_info                    0x080076a4   Data         204  atk_d43.o(.constdata)
    dtu_onenet_param_info                    0x08007770   Data         204  atk_d43.o(.constdata)
    dtu_yuanziyun_param_info                 0x0800783c   Data          48  atk_d43.o(.constdata)
    dtu_collect_disable_param_info           0x0800786c   Data          12  atk_d43.o(.constdata)
    dtu_collect_trans_poll_param_info        0x08007878   Data         168  atk_d43.o(.constdata)
    dtu_collect_modbus_user_param_info       0x08007920   Data         180  atk_d43.o(.constdata)
    dtu_collect_modbus_ali_param_info        0x080079d4   Data         168  atk_d43.o(.constdata)
    dtu_collect_modbus_onenet_param_info     0x08007a7c   Data         168  atk_d43.o(.constdata)
    .constdata                               0x08007b24   Section      129  ctype_o.o(.constdata)
    .constdata                               0x08007ba8   Section        4  ctype_o.o(.constdata)
    table                                    0x08007ba8   Data           4  ctype_o.o(.constdata)
    .conststring                             0x08007bac   Section      142  touch_key.o(.conststring)
    .conststring                             0x08007c3c   Section       67  servercomm.o(.conststring)
    .conststring                             0x08007c80   Section     5524  atk_d43.o(.conststring)
    .conststring                             0x08009214   Section       68  main.o(.conststring)
    .data                                    0x20000000   Section       20  system_stm32f10x.o(.data)
    .data                                    0x20000014   Section       20  stm32f10x_rcc.o(.data)
    APBAHBPrescTable                         0x20000014   Data          16  stm32f10x_rcc.o(.data)
    ADCPrescTable                            0x20000024   Data           4  stm32f10x_rcc.o(.data)
    .data                                    0x20000028   Section        4  delay.o(.data)
    fac_us                                   0x20000028   Data           4  delay.o(.data)
    .data                                    0x2000002c   Section        8  sys.o(.data)
    .data                                    0x20000034   Section        7  usart.o(.data)
    .data                                    0x2000003b   Section        5  dht11.o(.data)
    .data                                    0x20000040   Section        6  atk_mb026_uart.o(.data)
    .data                                    0x20000048   Section        8  touch_key.o(.data)
    key_pressed                              0x20000049   Data           1  touch_key.o(.data)
    last_press_time                          0x2000004c   Data           4  touch_key.o(.data)
    .data                                    0x20000050   Section        2  rs485.o(.data)
    .data                                    0x20000054   Section        8  oled_display.o(.data)
    display_mode                             0x20000054   Data           1  oled_display.o(.data)
    sensor_index                             0x20000055   Data           1  oled_display.o(.data)
    last_display_update                      0x20000058   Data           4  oled_display.o(.data)
    .data                                    0x2000005c   Section       10  servercomm.o(.data)
    g_tcp_connected                          0x2000005c   Data           1  servercomm.o(.data)
    g_transparent_mode                       0x2000005d   Data           1  servercomm.o(.data)
    g_system_time                            0x20000060   Data           4  servercomm.o(.data)
    buffer_index                             0x20000064   Data           2  servercomm.o(.data)
    .data                                    0x20000066   Section        9  printmanager.o(.data)
    g_print_level                            0x20000066   Data           1  printmanager.o(.data)
    g_module_enabled                         0x20000067   Data           8  printmanager.o(.data)
    .data                                    0x20000070   Section        6  main.o(.data)
    .bss                                     0x20000078   Section       16  sys.o(.bss)
    .bss                                     0x20000088   Section      200  usart.o(.bss)
    .bss                                     0x20000150   Section     1152  atk_mb026_uart.o(.bss)
    .bss                                     0x200005d0   Section       64  rs485.o(.bss)
    .bss                                     0x20000610   Section     8206  servercomm.o(.bss)
    response_buffer                          0x20000e1e   Data        2048  servercomm.o(.bss)
    response_buffer                          0x2000161e   Data        2048  servercomm.o(.bss)
    wifi_buffer                              0x20001e1e   Data        2048  servercomm.o(.bss)
    .bss                                     0x2000261e   Section     1536  atk_d43.o(.bss)
    dtu_rxcmdbuf                             0x2000261e   Data         512  atk_d43.o(.bss)
    dtu_sms_buf                              0x2000281e   Data        1024  atk_d43.o(.bss)
    STACK                                    0x20002c20   Section     1024  startup_stm32f10x_md.o(STACK)

    Global Symbols

    Symbol Name                              Value     Ov Type        Size  Object(Section)

    BuildAttributes$$THM_ISAv4$P$D$K$B$S$PE$A:L22UL41UL21$X:L11$S22US41US21$IEEE1$IW$USESV6$~STKCKD$USESV7$~SHL$OTIME$ROPI$IEEEJ$EBA8$MICROLIB$REQ8$PRES8$EABIv2 0x00000000   Number         0  anon$$obj.o ABSOLUTE
    __ARM_use_no_argv                        0x00000000   Number         0  main.o ABSOLUTE
    __use_no_errno                           0x00000000   Number         0  useno.o ABSOLUTE
    __use_no_exception_handling              0x00000000   Number         0  useno.o ABSOLUTE
    __use_no_fp                              0x00000000   Number         0  useno.o ABSOLUTE
    __use_no_heap                            0x00000000   Number         0  useno.o ABSOLUTE
    __use_no_heap_region                     0x00000000   Number         0  useno.o ABSOLUTE
    __use_no_semihosting                     0x00000000   Number         0  useno.o ABSOLUTE
    __use_no_semihosting_swi                 0x00000000   Number         0  useno.o ABSOLUTE
    __use_no_signal_handling                 0x00000000   Number         0  useno.o ABSOLUTE
    _printf_a                                0x00000000   Number         0  stubs.o ABSOLUTE
    _printf_c                                0x00000000   Number         0  stubs.o ABSOLUTE
    _printf_charcount                        0x00000000   Number         0  stubs.o ABSOLUTE
    _printf_d                                0x00000000   Number         0  stubs.o ABSOLUTE
    _printf_e                                0x00000000   Number         0  stubs.o ABSOLUTE
    _printf_f                                0x00000000   Number         0  stubs.o ABSOLUTE
    _printf_flags                            0x00000000   Number         0  stubs.o ABSOLUTE
    _printf_fp_dec                           0x00000000   Number         0  stubs.o ABSOLUTE
    _printf_fp_hex                           0x00000000   Number         0  stubs.o ABSOLUTE
    _printf_g                                0x00000000   Number         0  stubs.o ABSOLUTE
    _printf_i                                0x00000000   Number         0  stubs.o ABSOLUTE
    _printf_int_dec                          0x00000000   Number         0  stubs.o ABSOLUTE
    _printf_l                                0x00000000   Number         0  stubs.o ABSOLUTE
    _printf_lc                               0x00000000   Number         0  stubs.o ABSOLUTE
    _printf_ll                               0x00000000   Number         0  stubs.o ABSOLUTE
    _printf_lld                              0x00000000   Number         0  stubs.o ABSOLUTE
    _printf_lli                              0x00000000   Number         0  stubs.o ABSOLUTE
    _printf_llo                              0x00000000   Number         0  stubs.o ABSOLUTE
    _printf_llu                              0x00000000   Number         0  stubs.o ABSOLUTE
    _printf_llx                              0x00000000   Number         0  stubs.o ABSOLUTE
    _printf_longlong_dec                     0x00000000   Number         0  stubs.o ABSOLUTE
    _printf_longlong_hex                     0x00000000   Number         0  stubs.o ABSOLUTE
    _printf_longlong_oct                     0x00000000   Number         0  stubs.o ABSOLUTE
    _printf_ls                               0x00000000   Number         0  stubs.o ABSOLUTE
    _printf_mbtowc                           0x00000000   Number         0  stubs.o ABSOLUTE
    _printf_n                                0x00000000   Number         0  stubs.o ABSOLUTE
    _printf_o                                0x00000000   Number         0  stubs.o ABSOLUTE
    _printf_p                                0x00000000   Number         0  stubs.o ABSOLUTE
    _printf_percent                          0x00000000   Number         0  stubs.o ABSOLUTE
    _printf_pre_padding                      0x00000000   Number         0  stubs.o ABSOLUTE
    _printf_return_value                     0x00000000   Number         0  stubs.o ABSOLUTE
    _printf_s                                0x00000000   Number         0  stubs.o ABSOLUTE
    _printf_sizespec                         0x00000000   Number         0  stubs.o ABSOLUTE
    _printf_str                              0x00000000   Number         0  stubs.o ABSOLUTE
    _printf_truncate_signed                  0x00000000   Number         0  stubs.o ABSOLUTE
    _printf_truncate_unsigned                0x00000000   Number         0  stubs.o ABSOLUTE
    _printf_u                                0x00000000   Number         0  stubs.o ABSOLUTE
    _printf_wc                               0x00000000   Number         0  stubs.o ABSOLUTE
    _printf_wctomb                           0x00000000   Number         0  stubs.o ABSOLUTE
    _printf_widthprec                        0x00000000   Number         0  stubs.o ABSOLUTE
    _printf_x                                0x00000000   Number         0  stubs.o ABSOLUTE
    __arm_fini_                               - Undefined Weak Reference
    __cpp_initialize__aeabi_                  - Undefined Weak Reference
    __cxa_finalize                            - Undefined Weak Reference
    __decompress                              - Undefined Weak Reference
    _clock_init                               - Undefined Weak Reference
    _microlib_exit                            - Undefined Weak Reference
    _scanf_longlong                           - Undefined Weak Reference
    __Vectors_Size                           0x000000ec   Number         0  startup_stm32f10x_md.o ABSOLUTE
    __Vectors                                0x08000000   Data           4  startup_stm32f10x_md.o(RESET)
    __Vectors_End                            0x080000ec   Data           0  startup_stm32f10x_md.o(RESET)
    __main                                   0x080000ed   Thumb Code     0  entry.o(.ARM.Collect$$$$00000000)
    _main_stk                                0x080000ed   Thumb Code     0  entry2.o(.ARM.Collect$$$$00000001)
    _main_scatterload                        0x080000f1   Thumb Code     0  entry5.o(.ARM.Collect$$$$00000004)
    __main_after_scatterload                 0x080000f5   Thumb Code     0  entry5.o(.ARM.Collect$$$$00000004)
    _main_clock                              0x080000f5   Thumb Code     0  entry7b.o(.ARM.Collect$$$$00000008)
    _main_cpp_init                           0x080000f5   Thumb Code     0  entry8b.o(.ARM.Collect$$$$0000000A)
    _main_init                               0x080000f5   Thumb Code     0  entry9a.o(.ARM.Collect$$$$0000000B)
    __rt_lib_shutdown_fini                   0x080000fd   Thumb Code     0  entry12b.o(.ARM.Collect$$$$0000000E)
    __rt_final_cpp                           0x08000101   Thumb Code     0  entry10a.o(.ARM.Collect$$$$0000000F)
    __rt_final_exit                          0x08000101   Thumb Code     0  entry11a.o(.ARM.Collect$$$$00000011)
    Reset_Handler                            0x08000105   Thumb Code     8  startup_stm32f10x_md.o(.text)
    ADC1_2_IRQHandler                        0x0800011f   Thumb Code     0  startup_stm32f10x_md.o(.text)
    CAN1_RX1_IRQHandler                      0x0800011f   Thumb Code     0  startup_stm32f10x_md.o(.text)
    CAN1_SCE_IRQHandler                      0x0800011f   Thumb Code     0  startup_stm32f10x_md.o(.text)
    DMA1_Channel1_IRQHandler                 0x0800011f   Thumb Code     0  startup_stm32f10x_md.o(.text)
    DMA1_Channel2_IRQHandler                 0x0800011f   Thumb Code     0  startup_stm32f10x_md.o(.text)
    DMA1_Channel3_IRQHandler                 0x0800011f   Thumb Code     0  startup_stm32f10x_md.o(.text)
    DMA1_Channel4_IRQHandler                 0x0800011f   Thumb Code     0  startup_stm32f10x_md.o(.text)
    DMA1_Channel5_IRQHandler                 0x0800011f   Thumb Code     0  startup_stm32f10x_md.o(.text)
    DMA1_Channel6_IRQHandler                 0x0800011f   Thumb Code     0  startup_stm32f10x_md.o(.text)
    DMA1_Channel7_IRQHandler                 0x0800011f   Thumb Code     0  startup_stm32f10x_md.o(.text)
    EXTI15_10_IRQHandler                     0x0800011f   Thumb Code     0  startup_stm32f10x_md.o(.text)
    EXTI1_IRQHandler                         0x0800011f   Thumb Code     0  startup_stm32f10x_md.o(.text)
    EXTI4_IRQHandler                         0x0800011f   Thumb Code     0  startup_stm32f10x_md.o(.text)
    EXTI9_5_IRQHandler                       0x0800011f   Thumb Code     0  startup_stm32f10x_md.o(.text)
    FLASH_IRQHandler                         0x0800011f   Thumb Code     0  startup_stm32f10x_md.o(.text)
    I2C1_ER_IRQHandler                       0x0800011f   Thumb Code     0  startup_stm32f10x_md.o(.text)
    I2C1_EV_IRQHandler                       0x0800011f   Thumb Code     0  startup_stm32f10x_md.o(.text)
    I2C2_ER_IRQHandler                       0x0800011f   Thumb Code     0  startup_stm32f10x_md.o(.text)
    I2C2_EV_IRQHandler                       0x0800011f   Thumb Code     0  startup_stm32f10x_md.o(.text)
    PVD_IRQHandler                           0x0800011f   Thumb Code     0  startup_stm32f10x_md.o(.text)
    RCC_IRQHandler                           0x0800011f   Thumb Code     0  startup_stm32f10x_md.o(.text)
    RTCAlarm_IRQHandler                      0x0800011f   Thumb Code     0  startup_stm32f10x_md.o(.text)
    RTC_IRQHandler                           0x0800011f   Thumb Code     0  startup_stm32f10x_md.o(.text)
    SPI1_IRQHandler                          0x0800011f   Thumb Code     0  startup_stm32f10x_md.o(.text)
    SPI2_IRQHandler                          0x0800011f   Thumb Code     0  startup_stm32f10x_md.o(.text)
    TAMPER_IRQHandler                        0x0800011f   Thumb Code     0  startup_stm32f10x_md.o(.text)
    TIM1_BRK_IRQHandler                      0x0800011f   Thumb Code     0  startup_stm32f10x_md.o(.text)
    TIM1_CC_IRQHandler                       0x0800011f   Thumb Code     0  startup_stm32f10x_md.o(.text)
    TIM1_TRG_COM_IRQHandler                  0x0800011f   Thumb Code     0  startup_stm32f10x_md.o(.text)
    TIM1_UP_IRQHandler                       0x0800011f   Thumb Code     0  startup_stm32f10x_md.o(.text)
    TIM3_IRQHandler                          0x0800011f   Thumb Code     0  startup_stm32f10x_md.o(.text)
    TIM4_IRQHandler                          0x0800011f   Thumb Code     0  startup_stm32f10x_md.o(.text)
    USBWakeUp_IRQHandler                     0x0800011f   Thumb Code     0  startup_stm32f10x_md.o(.text)
    USB_HP_CAN1_TX_IRQHandler                0x0800011f   Thumb Code     0  startup_stm32f10x_md.o(.text)
    USB_LP_CAN1_RX0_IRQHandler               0x0800011f   Thumb Code     0  startup_stm32f10x_md.o(.text)
    WWDG_IRQHandler                          0x0800011f   Thumb Code     0  startup_stm32f10x_md.o(.text)
    __aeabi_memcpy                           0x08000129   Thumb Code    36  memcpya.o(.text)
    __aeabi_memcpy4                          0x08000129   Thumb Code     0  memcpya.o(.text)
    __aeabi_memcpy8                          0x08000129   Thumb Code     0  memcpya.o(.text)
    __aeabi_memset                           0x0800014d   Thumb Code    14  memseta.o(.text)
    __aeabi_memset4                          0x0800014d   Thumb Code     0  memseta.o(.text)
    __aeabi_memset8                          0x0800014d   Thumb Code     0  memseta.o(.text)
    __aeabi_memclr                           0x0800015b   Thumb Code     4  memseta.o(.text)
    __aeabi_memclr4                          0x0800015b   Thumb Code     0  memseta.o(.text)
    __aeabi_memclr8                          0x0800015b   Thumb Code     0  memseta.o(.text)
    _memset$wrapper                          0x0800015f   Thumb Code    18  memseta.o(.text)
    strcat                                   0x08000171   Thumb Code    24  strcat.o(.text)
    strstr                                   0x08000189   Thumb Code    36  strstr.o(.text)
    strncpy                                  0x080001ad   Thumb Code    24  strncpy.o(.text)
    strlen                                   0x080001c5   Thumb Code    14  strlen.o(.text)
    strcmp                                   0x080001d3   Thumb Code    28  strcmp.o(.text)
    strcpy                                   0x080001ef   Thumb Code    18  strcpy.o(.text)
    __0sscanf                                0x08000201   Thumb Code    48  __0sscanf.o(.text)
    _scanf_int                               0x08000239   Thumb Code   332  _scanf_int.o(.text)
    __aeabi_fdiv                             0x08000385   Thumb Code   124  fdiv.o(.text)
    __aeabi_dadd                             0x08000401   Thumb Code   322  dadd.o(.text)
    __aeabi_dsub                             0x08000543   Thumb Code     6  dadd.o(.text)
    __aeabi_drsub                            0x08000549   Thumb Code     6  dadd.o(.text)
    __aeabi_ddiv                             0x0800054f   Thumb Code   222  ddiv.o(.text)
    __aeabi_i2f                              0x0800062d   Thumb Code    18  fflti.o(.text)
    __aeabi_ui2f                             0x0800063f   Thumb Code    10  ffltui.o(.text)
    __aeabi_f2d                              0x08000649   Thumb Code    38  f2d.o(.text)
    __aeabi_cdcmpeq                          0x08000671   Thumb Code     0  cdcmple.o(.text)
    __aeabi_cdcmple                          0x08000671   Thumb Code    48  cdcmple.o(.text)
    __aeabi_cdrcmple                         0x080006a1   Thumb Code    48  cdrcmple.o(.text)
    __aeabi_cfrcmple                         0x080006d1   Thumb Code    20  cfrcmple.o(.text)
    __aeabi_uidiv                            0x080006e5   Thumb Code     0  uidiv.o(.text)
    __aeabi_uidivmod                         0x080006e5   Thumb Code    44  uidiv.o(.text)
    __aeabi_uldivmod                         0x08000711   Thumb Code    98  uldiv.o(.text)
    __aeabi_llsl                             0x08000773   Thumb Code    30  llshl.o(.text)
    _ll_shift_l                              0x08000773   Thumb Code     0  llshl.o(.text)
    __aeabi_lasr                             0x08000791   Thumb Code    36  llsshr.o(.text)
    _ll_sshift_r                             0x08000791   Thumb Code     0  llsshr.o(.text)
    _chval                                   0x080007b5   Thumb Code    28  _chval.o(.text)
    __vfscanf_char                           0x080007dd   Thumb Code    20  scanf_char.o(.text)
    _sgetc                                   0x080007f9   Thumb Code    30  _sgetc.o(.text)
    _sbackspace                              0x08000817   Thumb Code    34  _sgetc.o(.text)
    __I$use$fp                               0x08000839   Thumb Code     0  iusefp.o(.text)
    _float_round                             0x08000839   Thumb Code    18  fepilogue.o(.text)
    _float_epilogue                          0x0800084b   Thumb Code    92  fepilogue.o(.text)
    _double_round                            0x080008a7   Thumb Code    30  depilogue.o(.text)
    _double_epilogue                         0x080008c5   Thumb Code   156  depilogue.o(.text)
    __aeabi_dmul                             0x08000961   Thumb Code   228  dmul.o(.text)
    __aeabi_d2ulz                            0x08000a45   Thumb Code    48  dfixul.o(.text)
    __scatterload                            0x08000a75   Thumb Code    28  init.o(.text)
    __scatterload_rt2                        0x08000a75   Thumb Code     0  init.o(.text)
    __aeabi_llsr                             0x08000a99   Thumb Code    32  llushr.o(.text)
    _ll_ushift_r                             0x08000a99   Thumb Code     0  llushr.o(.text)
    __rt_ctype_table                         0x08000ab9   Thumb Code     4  ctype_o.o(.text)
    isspace                                  0x08000ac1   Thumb Code    18  isspace_o.o(.text)
    __vfscanf                                0x08000ad5   Thumb Code   810  _scanf.o(.text)
    ADC_Cmd                                  0x08000e05   Thumb Code    22  stm32f10x_adc.o(i.ADC_Cmd)
    ADC_GetCalibrationStatus                 0x08000e1b   Thumb Code    20  stm32f10x_adc.o(i.ADC_GetCalibrationStatus)
    ADC_GetConversionValue                   0x08000e2f   Thumb Code     8  stm32f10x_adc.o(i.ADC_GetConversionValue)
    ADC_GetFlagStatus                        0x08000e37   Thumb Code    18  stm32f10x_adc.o(i.ADC_GetFlagStatus)
    ADC_GetResetCalibrationStatus            0x08000e49   Thumb Code    20  stm32f10x_adc.o(i.ADC_GetResetCalibrationStatus)
    ADC_Init                                 0x08000e5d   Thumb Code    70  stm32f10x_adc.o(i.ADC_Init)
    ADC_RegularChannelConfig                 0x08000ead   Thumb Code   184  stm32f10x_adc.o(i.ADC_RegularChannelConfig)
    ADC_ResetCalibration                     0x08000f65   Thumb Code    10  stm32f10x_adc.o(i.ADC_ResetCalibration)
    ADC_SoftwareStartConvCmd                 0x08000f6f   Thumb Code    22  stm32f10x_adc.o(i.ADC_SoftwareStartConvCmd)
    ADC_StartCalibration                     0x08000f85   Thumb Code    10  stm32f10x_adc.o(i.ADC_StartCalibration)
    BusFault_Handler                         0x08000f8f   Thumb Code     4  stm32f10x_it.o(i.BusFault_Handler)
    DHT11_GetHumidity                        0x08000fad   Thumb Code     6  dht11.o(i.DHT11_GetHumidity)
    DHT11_GetTemperature                     0x08000fb9   Thumb Code     6  dht11.o(i.DHT11_GetTemperature)
    DHT11_Init                               0x08000fc5   Thumb Code    44  dht11.o(i.DHT11_Init)
    DHT11_ReadData                           0x08000ff5   Thumb Code   220  dht11.o(i.DHT11_ReadData)
    DHT11_ReadPin                            0x080010d9   Thumb Code    12  dht11.o(i.DHT11_ReadPin)
    DHT11_SetInput                           0x080010e9   Thumb Code    24  dht11.o(i.DHT11_SetInput)
    DHT11_SetOutput                          0x08001105   Thumb Code    28  dht11.o(i.DHT11_SetOutput)
    DebugMon_Handler                         0x08001159   Thumb Code     2  stm32f10x_it.o(i.DebugMon_Handler)
    EXTI0_IRQHandler                         0x0800115d   Thumb Code    46  touch_key.o(i.EXTI0_IRQHandler)
    EXTI2_IRQHandler                         0x080011d9   Thumb Code    96  touch_key.o(i.EXTI2_IRQHandler)
    EXTI3_IRQHandler                         0x08001299   Thumb Code    96  touch_key.o(i.EXTI3_IRQHandler)
    EXTI_ClearITPendingBit                   0x08001359   Thumb Code     6  stm32f10x_exti.o(i.EXTI_ClearITPendingBit)
    EXTI_GetITStatus                         0x08001365   Thumb Code    34  stm32f10x_exti.o(i.EXTI_GetITStatus)
    GPIO_Init                                0x0800138d   Thumb Code   278  stm32f10x_gpio.o(i.GPIO_Init)
    GPIO_PinRemapConfig                      0x080014a5   Thumb Code   138  stm32f10x_gpio.o(i.GPIO_PinRemapConfig)
    GPIO_ReadInputDataBit                    0x08001535   Thumb Code    18  stm32f10x_gpio.o(i.GPIO_ReadInputDataBit)
    GPIO_ReadOutputDataBit                   0x08001547   Thumb Code    18  stm32f10x_gpio.o(i.GPIO_ReadOutputDataBit)
    GPIO_ResetBits                           0x08001559   Thumb Code     4  stm32f10x_gpio.o(i.GPIO_ResetBits)
    GPIO_SetBits                             0x0800155d   Thumb Code     4  stm32f10x_gpio.o(i.GPIO_SetBits)
    GPIO_WriteBit                            0x08001561   Thumb Code    10  stm32f10x_gpio.o(i.GPIO_WriteBit)
    GetSystemTime                            0x0800156d   Thumb Code     6  oled_display.o(i.GetSystemTime)
    HardFault_Handler                        0x08001579   Thumb Code     4  stm32f10x_it.o(i.HardFault_Handler)
    LED_Init                                 0x0800157d   Thumb Code    66  led.o(i.LED_Init)
    LightSensor_GetLux                       0x080015c5   Thumb Code    34  lightsensor.o(i.LightSensor_GetLux)
    LightSensor_Init                         0x080015e9   Thumb Code   118  lightsensor.o(i.LightSensor_Init)
    LightSensor_Read                         0x08001669   Thumb Code    44  lightsensor.o(i.LightSensor_Read)
    MemManage_Handler                        0x08001699   Thumb Code     4  stm32f10x_it.o(i.MemManage_Handler)
    NMI_Handler                              0x0800169d   Thumb Code     2  stm32f10x_it.o(i.NMI_Handler)
    NVIC_Init                                0x080016a1   Thumb Code   100  misc.o(i.NVIC_Init)
    NetworkQueue_Dequeue                     0x08001711   Thumb Code    74  servercomm.o(i.NetworkQueue_Dequeue)
    NetworkQueue_Enqueue                     0x0800175d   Thumb Code   214  servercomm.o(i.NetworkQueue_Enqueue)
    NetworkQueue_GetCount                    0x08001865   Thumb Code     8  servercomm.o(i.NetworkQueue_GetCount)
    NetworkQueue_Init                        0x0800186d   Thumb Code    38  servercomm.o(i.NetworkQueue_Init)
    NetworkQueue_IsEmpty                     0x080018c5   Thumb Code    16  servercomm.o(i.NetworkQueue_IsEmpty)
    NetworkQueue_IsFull                      0x080018d5   Thumb Code    18  servercomm.o(i.NetworkQueue_IsFull)
    OLED_Clear                               0x080018e7   Thumb Code    42  oled.o(i.OLED_Clear)
    OLED_Display_ActuatorStatus              0x08001911   Thumb Code    88  oled_display.o(i.OLED_Display_ActuatorStatus)
    OLED_Display_CycleMode                   0x080019b1   Thumb Code   118  oled_display.o(i.OLED_Display_CycleMode)
    OLED_Display_Init                        0x08001a75   Thumb Code    70  oled_display.o(i.OLED_Display_Init)
    OLED_Display_NetworkStatus               0x08001b09   Thumb Code    84  oled_display.o(i.OLED_Display_NetworkStatus)
    OLED_Display_SensorData                  0x08001bc1   Thumb Code   476  oled_display.o(i.OLED_Display_SensorData)
    OLED_Display_SystemStatus                0x08001ed5   Thumb Code   126  oled_display.o(i.OLED_Display_SystemStatus)
    OLED_Display_Update                      0x08001fc9   Thumb Code    72  oled_display.o(i.OLED_Display_Update)
    OLED_I2C_Init                            0x08002019   Thumb Code    72  oled.o(i.OLED_I2C_Init)
    OLED_I2C_SendByte                        0x08002065   Thumb Code    74  oled.o(i.OLED_I2C_SendByte)
    OLED_I2C_Start                           0x080020b5   Thumb Code    44  oled.o(i.OLED_I2C_Start)
    OLED_I2C_Stop                            0x080020e5   Thumb Code    34  oled.o(i.OLED_I2C_Stop)
    OLED_Init                                0x0800210d   Thumb Code   174  oled.o(i.OLED_Init)
    OLED_SetCursor                           0x080021bb   Thumb Code    34  oled.o(i.OLED_SetCursor)
    OLED_ShowChar                            0x080021dd   Thumb Code   110  oled.o(i.OLED_ShowChar)
    OLED_ShowString                          0x08002251   Thumb Code    40  oled.o(i.OLED_ShowString)
    OLED_WriteCommand                        0x08002279   Thumb Code    32  oled.o(i.OLED_WriteCommand)
    OLED_WriteData                           0x08002299   Thumb Code    32  oled.o(i.OLED_WriteData)
    PendSV_Handler                           0x080022b9   Thumb Code     2  stm32f10x_it.o(i.PendSV_Handler)
    PrintManager_Init                        0x080022bd   Thumb Code    38  printmanager.o(i.PrintManager_Init)
    PrintManager_Printf                      0x08002331   Thumb Code   200  printmanager.o(i.PrintManager_Printf)
    PrintManager_SetLevel                    0x08002495   Thumb Code    22  printmanager.o(i.PrintManager_SetLevel)
    PrintManager_SetModule                   0x080024cd   Thumb Code    78  printmanager.o(i.PrintManager_SetModule)
    RCC_APB1PeriphClockCmd                   0x08002565   Thumb Code    26  stm32f10x_rcc.o(i.RCC_APB1PeriphClockCmd)
    RCC_APB2PeriphClockCmd                   0x08002585   Thumb Code    26  stm32f10x_rcc.o(i.RCC_APB2PeriphClockCmd)
    RCC_GetClocksFreq                        0x080025a5   Thumb Code   192  stm32f10x_rcc.o(i.RCC_GetClocksFreq)
    RELAY_1                                  0x08002679   Thumb Code    18  relay.o(i.RELAY_1)
    RELAY_2                                  0x08002691   Thumb Code    18  relay.o(i.RELAY_2)
    RELAY_GetState                           0x080026a9   Thumb Code    36  oled_display.o(i.RELAY_GetState)
    RELAY_Init                               0x080026d1   Thumb Code    58  relay.o(i.RELAY_Init)
    RS485_Init                               0x08002715   Thumb Code    58  rs485.o(i.RS485_Init)
    RS485_SendHex                            0x08002755   Thumb Code    64  rs485.o(i.RS485_SendHex)
    SVC_Handler                              0x0800279d   Thumb Code     2  stm32f10x_it.o(i.SVC_Handler)
    Serial_Printf                            0x0800279f   Thumb Code    36  serial.o(i.Serial_Printf)
    Serial_SendByte                          0x080027c5   Thumb Code    28  serial.o(i.Serial_SendByte)
    Serial_SendString                        0x080027e5   Thumb Code    26  serial.o(i.Serial_SendString)
    ServerComm_CheckAndExecuteCommand        0x08002801   Thumb Code   576  servercomm.o(i.ServerComm_CheckAndExecuteCommand)
    ServerComm_ConfirmCommand                0x08002bdd   Thumb Code   292  servercomm.o(i.ServerComm_ConfirmCommand)
    ServerComm_Connect                       0x08002df1   Thumb Code   220  servercomm.o(i.ServerComm_Connect)
    ServerComm_ExecuteCommand                0x080030f9   Thumb Code   226  servercomm.o(i.ServerComm_ExecuteCommand)
    ServerComm_Init                          0x0800326d   Thumb Code    84  servercomm.o(i.ServerComm_Init)
    ServerComm_InitCommandQueue              0x0800340d   Thumb Code    42  servercomm.o(i.ServerComm_InitCommandQueue)
    ServerComm_IsConnected                   0x08003469   Thumb Code    24  servercomm.o(i.ServerComm_IsConnected)
    ServerComm_ProcessBatch                  0x08003489   Thumb Code   274  servercomm.o(i.ServerComm_ProcessBatch)
    ServerComm_ProcessCommandQueue           0x080037b9   Thumb Code   124  servercomm.o(i.ServerComm_ProcessCommandQueue)
    ServerComm_UploadActuatorStatus          0x08003db5   Thumb Code   158  servercomm.o(i.ServerComm_UploadActuatorStatus)
    ServerComm_UploadAllSensors              0x08003f4d   Thumb Code   376  servercomm.o(i.ServerComm_UploadAllSensors)
    ServerComm_UploadSensorData              0x08004215   Thumb Code    88  servercomm.o(i.ServerComm_UploadSensorData)
    SoilSensor_CalculateCRC16                0x08004399   Thumb Code    58  soilsensor.o(i.SoilSensor_CalculateCRC16)
    SoilSensor_ReadData                      0x080043d5   Thumb Code   330  soilsensor.o(i.SoilSensor_ReadData)
    SoilSensor_VerifyCRC16                   0x0800452d   Thumb Code    50  soilsensor.o(i.SoilSensor_VerifyCRC16)
    SysTick_CLKSourceConfig                  0x0800455f   Thumb Code    40  misc.o(i.SysTick_CLKSourceConfig)
    SysTick_Handler                          0x08004587   Thumb Code     2  stm32f10x_it.o(i.SysTick_Handler)
    SystemInit                               0x08004589   Thumb Code    78  system_stm32f10x.o(i.SystemInit)
    TIM2_IRQHandler                          0x080045e9   Thumb Code    48  atk_mb026_uart.o(i.TIM2_IRQHandler)
    TIM_ClearITPendingBit                    0x0800461d   Thumb Code     6  stm32f10x_tim.o(i.TIM_ClearITPendingBit)
    TIM_Cmd                                  0x08004623   Thumb Code    24  stm32f10x_tim.o(i.TIM_Cmd)
    TIM_GetITStatus                          0x0800463b   Thumb Code    34  stm32f10x_tim.o(i.TIM_GetITStatus)
    TIM_ITConfig                             0x0800465d   Thumb Code    18  stm32f10x_tim.o(i.TIM_ITConfig)
    TIM_SetCounter                           0x0800466f   Thumb Code     4  stm32f10x_tim.o(i.TIM_SetCounter)
    TIM_TimeBaseInit                         0x08004675   Thumb Code   122  stm32f10x_tim.o(i.TIM_TimeBaseInit)
    TOUCH_KEY_Scan                           0x08004719   Thumb Code   276  touch_key.o(i.TOUCH_KEY_Scan)
    USART1_IRQHandler                        0x08004835   Thumb Code   122  usart.o(i.USART1_IRQHandler)
    USART2_IRQHandler                        0x080048bd   Thumb Code   246  atk_mb026_uart.o(i.USART2_IRQHandler)
    USART3_IRQHandler                        0x080049cd   Thumb Code    96  stm32f10x_it.o(i.USART3_IRQHandler)
    USART3_Init                              0x08004a39   Thumb Code   158  rs485.o(i.USART3_Init)
    USART_ClearITPendingBit                  0x08004ae1   Thumb Code    30  stm32f10x_usart.o(i.USART_ClearITPendingBit)
    USART_Cmd                                0x08004aff   Thumb Code    24  stm32f10x_usart.o(i.USART_Cmd)
    USART_GetFlagStatus                      0x08004b17   Thumb Code    26  stm32f10x_usart.o(i.USART_GetFlagStatus)
    USART_GetITStatus                        0x08004b31   Thumb Code    84  stm32f10x_usart.o(i.USART_GetITStatus)
    USART_ITConfig                           0x08004b85   Thumb Code    74  stm32f10x_usart.o(i.USART_ITConfig)
    USART_Init                               0x08004bd1   Thumb Code   210  stm32f10x_usart.o(i.USART_Init)
    USART_ReceiveData                        0x08004ca9   Thumb Code    10  stm32f10x_usart.o(i.USART_ReceiveData)
    USART_SendData                           0x08004cb3   Thumb Code     8  stm32f10x_usart.o(i.USART_SendData)
    UsageFault_Handler                       0x08004cbb   Thumb Code     4  stm32f10x_it.o(i.UsageFault_Handler)
    __0printf                                0x08004cc1   Thumb Code    22  printfa.o(i.__0printf)
    __1printf                                0x08004cc1   Thumb Code     0  printfa.o(i.__0printf)
    __2printf                                0x08004cc1   Thumb Code     0  printfa.o(i.__0printf)
    __c89printf                              0x08004cc1   Thumb Code     0  printfa.o(i.__0printf)
    printf                                   0x08004cc1   Thumb Code     0  printfa.o(i.__0printf)
    __0sprintf                               0x08004ce1   Thumb Code    34  printfa.o(i.__0sprintf)
    __1sprintf                               0x08004ce1   Thumb Code     0  printfa.o(i.__0sprintf)
    __2sprintf                               0x08004ce1   Thumb Code     0  printfa.o(i.__0sprintf)
    __c89sprintf                             0x08004ce1   Thumb Code     0  printfa.o(i.__0sprintf)
    sprintf                                  0x08004ce1   Thumb Code     0  printfa.o(i.__0sprintf)
    __0vsnprintf                             0x08004d09   Thumb Code    46  printfa.o(i.__0vsnprintf)
    __1vsnprintf                             0x08004d09   Thumb Code     0  printfa.o(i.__0vsnprintf)
    __2vsnprintf                             0x08004d09   Thumb Code     0  printfa.o(i.__0vsnprintf)
    __c89vsnprintf                           0x08004d09   Thumb Code     0  printfa.o(i.__0vsnprintf)
    vsnprintf                                0x08004d09   Thumb Code     0  printfa.o(i.__0vsnprintf)
    __0vsprintf                              0x08004d3d   Thumb Code    30  printfa.o(i.__0vsprintf)
    __1vsprintf                              0x08004d3d   Thumb Code     0  printfa.o(i.__0vsprintf)
    __2vsprintf                              0x08004d3d   Thumb Code     0  printfa.o(i.__0vsprintf)
    __c89vsprintf                            0x08004d3d   Thumb Code     0  printfa.o(i.__0vsprintf)
    vsprintf                                 0x08004d3d   Thumb Code     0  printfa.o(i.__0vsprintf)
    __scatterload_copy                       0x08004d61   Thumb Code    14  handlers.o(i.__scatterload_copy)
    __scatterload_null                       0x08004d6f   Thumb Code     2  handlers.o(i.__scatterload_null)
    __scatterload_zeroinit                   0x08004d71   Thumb Code    14  handlers.o(i.__scatterload_zeroinit)
    atk_mb026_connect_tcp_server             0x0800562d   Thumb Code   288  atk_mb026.o(i.atk_mb026_connect_tcp_server)
    atk_mb026_enter_unvarnished              0x08005865   Thumb Code   198  atk_mb026.o(i.atk_mb026_enter_unvarnished)
    atk_mb026_send_at_cmd                    0x08005b5d   Thumb Code    78  atk_mb026.o(i.atk_mb026_send_at_cmd)
    atk_mb026_uart_init                      0x08005bb5   Thumb Code  1540  atk_mb026_uart.o(i.atk_mb026_uart_init)
    atk_mb026_uart_printf                    0x0800640d   Thumb Code   104  atk_mb026_uart.o(i.atk_mb026_uart_printf)
    atk_mb026_uart_printf_blocking           0x08006481   Thumb Code    54  atk_mb026_uart.o(i.atk_mb026_uart_printf_blocking)
    atk_mb026_uart_rx_get_frame              0x080064b9   Thumb Code    34  atk_mb026_uart.o(i.atk_mb026_uart_rx_get_frame)
    atk_mb026_uart_rx_restart                0x080064e5   Thumb Code    24  atk_mb026_uart.o(i.atk_mb026_uart_rx_restart)
    delay_init                               0x08006501   Thumb Code    28  delay.o(i.delay_init)
    delay_ms                                 0x08006521   Thumb Code    78  delay.o(i.delay_ms)
    delay_us                                 0x08006575   Thumb Code    72  delay.o(i.delay_us)
    dtu_config_init                          0x080065c1   Thumb Code   270  atk_d43.o(i.dtu_config_init)
    fputc                                    0x080067e5   Thumb Code    24  usart.o(i.fputc)
    init_4g_module                           0x08006801   Thumb Code    86  main.o(i.init_4g_module)
    main                                     0x08006909   Thumb Code   464  main.o(i.main)
    send_data_to_dtu                         0x08006d19   Thumb Code    16  atk_d43.o(i.send_data_to_dtu)
    usart2_send_data                         0x08006d29   Thumb Code    64  atk_mb026_uart.o(i.usart2_send_data)
    usart2_send_data_blocking                0x08006d75   Thumb Code    56  atk_mb026_uart.o(i.usart2_send_data_blocking)
    usart_init                               0x08006db1   Thumb Code   138  usart.o(i.usart_init)
    OLED_F8x16                               0x08006e50   Data        1520  oled.o(.constdata)
    __ctype_table                            0x08007b24   Data         129  ctype_o.o(.constdata)
    Region$$Table$$Base                      0x08009258   Number         0  anon$$obj.o(Region$$Table)
    Region$$Table$$Limit                     0x08009278   Number         0  anon$$obj.o(Region$$Table)
    SystemCoreClock                          0x20000000   Data           4  system_stm32f10x.o(.data)
    AHBPrescTable                            0x20000004   Data          16  system_stm32f10x.o(.data)
    GPIO_InitStructure                       0x2000002c   Data           4  sys.o(.data)
    NVIC_InitStructure                       0x20000030   Data           4  sys.o(.data)
    __stdout                                 0x20000034   Data           4  usart.o(.data)
    g_usart_rx_sta                           0x20000038   Data           2  usart.o(.data)
    g_rx_buffer                              0x2000003a   Data           1  usart.o(.data)
    dht11_data                               0x2000003b   Data           5  dht11.o(.data)
    g_sta                                    0x20000040   Data           2  atk_mb026_uart.o(.data)
    tx_head                                  0x20000042   Data           2  atk_mb026_uart.o(.data)
    tx_tail                                  0x20000044   Data           2  atk_mb026_uart.o(.data)
    touch_key_status                         0x20000048   Data           1  touch_key.o(.data)
    USART3_RX_STA                            0x20000050   Data           2  rs485.o(.data)
    timecount                                0x20000070   Data           4  main.o(.data)
    g_4g_connected                           0x20000074   Data           1  main.o(.data)
    g_server_connected                       0x20000075   Data           1  main.o(.data)
    USART_InitStructure                      0x20000078   Data          16  sys.o(.bss)
    g_usart_rx_buf                           0x20000088   Data         200  usart.o(.bss)
    g_uart_rx_frame                          0x20000150   Data        1024  atk_mb026_uart.o(.bss)
    tx_buf                                   0x20000550   Data         128  atk_mb026_uart.o(.bss)
    USART3_RX_BUF                            0x200005d0   Data          64  rs485.o(.bss)
    g_network_queue                          0x20000610   Data        1544  servercomm.o(.bss)
    command_queue                            0x20000c18   Data         518  servercomm.o(.bss)
    __initial_sp                             0x20003020   Data           0  startup_stm32f10x_md.o(STACK)



==============================================================================

Memory Map of the image

  Image Entry point : 0x080000ed

  Load Region LR_IROM1 (Base: 0x08000000, Size: 0x000092f0, Max: 0x00010000, ABSOLUTE)

    Execution Region ER_IROM1 (Exec base: 0x08000000, Load base: 0x08000000, Size: 0x00009278, Max: 0x00010000, ABSOLUTE)

    Exec Addr    Load Addr    Size         Type   Attr      Idx    E Section Name        Object

    0x08000000   0x08000000   0x000000ec   Data   RO            3    RESET               startup_stm32f10x_md.o
    0x080000ec   0x080000ec   0x00000000   Code   RO         5361  * .ARM.Collect$$$$00000000  mc_w.l(entry.o)
    0x080000ec   0x080000ec   0x00000004   Code   RO         5683    .ARM.Collect$$$$00000001  mc_w.l(entry2.o)
    0x080000f0   0x080000f0   0x00000004   Code   RO         5686    .ARM.Collect$$$$00000004  mc_w.l(entry5.o)
    0x080000f4   0x080000f4   0x00000000   Code   RO         5688    .ARM.Collect$$$$00000008  mc_w.l(entry7b.o)
    0x080000f4   0x080000f4   0x00000000   Code   RO         5690    .ARM.Collect$$$$0000000A  mc_w.l(entry8b.o)
    0x080000f4   0x080000f4   0x00000008   Code   RO         5691    .ARM.Collect$$$$0000000B  mc_w.l(entry9a.o)
    0x080000fc   0x080000fc   0x00000004   Code   RO         5698    .ARM.Collect$$$$0000000E  mc_w.l(entry12b.o)
    0x08000100   0x08000100   0x00000000   Code   RO         5693    .ARM.Collect$$$$0000000F  mc_w.l(entry10a.o)
    0x08000100   0x08000100   0x00000000   Code   RO         5695    .ARM.Collect$$$$00000011  mc_w.l(entry11a.o)
    0x08000100   0x08000100   0x00000004   Code   RO         5684    .ARM.Collect$$$$00002712  mc_w.l(entry2.o)
    0x08000104   0x08000104   0x00000024   Code   RO            4    .text               startup_stm32f10x_md.o
    0x08000128   0x08000128   0x00000024   Code   RO         5364    .text               mc_w.l(memcpya.o)
    0x0800014c   0x0800014c   0x00000024   Code   RO         5366    .text               mc_w.l(memseta.o)
    0x08000170   0x08000170   0x00000018   Code   RO         5368    .text               mc_w.l(strcat.o)
    0x08000188   0x08000188   0x00000024   Code   RO         5370    .text               mc_w.l(strstr.o)
    0x080001ac   0x080001ac   0x00000018   Code   RO         5372    .text               mc_w.l(strncpy.o)
    0x080001c4   0x080001c4   0x0000000e   Code   RO         5376    .text               mc_w.l(strlen.o)
    0x080001d2   0x080001d2   0x0000001c   Code   RO         5378    .text               mc_w.l(strcmp.o)
    0x080001ee   0x080001ee   0x00000012   Code   RO         5380    .text               mc_w.l(strcpy.o)
    0x08000200   0x08000200   0x00000038   Code   RO         5645    .text               mc_w.l(__0sscanf.o)
    0x08000238   0x08000238   0x0000014c   Code   RO         5647    .text               mc_w.l(_scanf_int.o)
    0x08000384   0x08000384   0x0000007c   Code   RO         5657    .text               mf_w.l(fdiv.o)
    0x08000400   0x08000400   0x0000014e   Code   RO         5659    .text               mf_w.l(dadd.o)
    0x0800054e   0x0800054e   0x000000de   Code   RO         5661    .text               mf_w.l(ddiv.o)
    0x0800062c   0x0800062c   0x00000012   Code   RO         5663    .text               mf_w.l(fflti.o)
    0x0800063e   0x0800063e   0x0000000a   Code   RO         5665    .text               mf_w.l(ffltui.o)
    0x08000648   0x08000648   0x00000026   Code   RO         5671    .text               mf_w.l(f2d.o)
    0x0800066e   0x0800066e   0x00000002   PAD
    0x08000670   0x08000670   0x00000030   Code   RO         5673    .text               mf_w.l(cdcmple.o)
    0x080006a0   0x080006a0   0x00000030   Code   RO         5675    .text               mf_w.l(cdrcmple.o)
    0x080006d0   0x080006d0   0x00000014   Code   RO         5681    .text               mf_w.l(cfrcmple.o)
    0x080006e4   0x080006e4   0x0000002c   Code   RO         5699    .text               mc_w.l(uidiv.o)
    0x08000710   0x08000710   0x00000062   Code   RO         5701    .text               mc_w.l(uldiv.o)
    0x08000772   0x08000772   0x0000001e   Code   RO         5703    .text               mc_w.l(llshl.o)
    0x08000790   0x08000790   0x00000024   Code   RO         5705    .text               mc_w.l(llsshr.o)
    0x080007b4   0x080007b4   0x0000001c   Code   RO         5714    .text               mc_w.l(_chval.o)
    0x080007d0   0x080007d0   0x00000028   Code   RO         5716    .text               mc_w.l(scanf_char.o)
    0x080007f8   0x080007f8   0x00000040   Code   RO         5718    .text               mc_w.l(_sgetc.o)
    0x08000838   0x08000838   0x00000000   Code   RO         5724    .text               mc_w.l(iusefp.o)
    0x08000838   0x08000838   0x0000006e   Code   RO         5725    .text               mf_w.l(fepilogue.o)
    0x080008a6   0x080008a6   0x000000ba   Code   RO         5727    .text               mf_w.l(depilogue.o)
    0x08000960   0x08000960   0x000000e4   Code   RO         5729    .text               mf_w.l(dmul.o)
    0x08000a44   0x08000a44   0x00000030   Code   RO         5731    .text               mf_w.l(dfixul.o)
    0x08000a74   0x08000a74   0x00000024   Code   RO         5733    .text               mc_w.l(init.o)
    0x08000a98   0x08000a98   0x00000020   Code   RO         5735    .text               mc_w.l(llushr.o)
    0x08000ab8   0x08000ab8   0x00000008   Code   RO         5739    .text               mc_w.l(ctype_o.o)
    0x08000ac0   0x08000ac0   0x00000012   Code   RO         5761    .text               mc_w.l(isspace_o.o)
    0x08000ad2   0x08000ad2   0x00000002   PAD
    0x08000ad4   0x08000ad4   0x00000330   Code   RO         5767    .text               mc_w.l(_scanf.o)
    0x08000e04   0x08000e04   0x00000016   Code   RO          202    i.ADC_Cmd           stm32f10x_adc.o
    0x08000e1a   0x08000e1a   0x00000014   Code   RO          210    i.ADC_GetCalibrationStatus  stm32f10x_adc.o
    0x08000e2e   0x08000e2e   0x00000008   Code   RO          211    i.ADC_GetConversionValue  stm32f10x_adc.o
    0x08000e36   0x08000e36   0x00000012   Code   RO          213    i.ADC_GetFlagStatus  stm32f10x_adc.o
    0x08000e48   0x08000e48   0x00000014   Code   RO          216    i.ADC_GetResetCalibrationStatus  stm32f10x_adc.o
    0x08000e5c   0x08000e5c   0x00000050   Code   RO          220    i.ADC_Init          stm32f10x_adc.o
    0x08000eac   0x08000eac   0x000000b8   Code   RO          224    i.ADC_RegularChannelConfig  stm32f10x_adc.o
    0x08000f64   0x08000f64   0x0000000a   Code   RO          225    i.ADC_ResetCalibration  stm32f10x_adc.o
    0x08000f6e   0x08000f6e   0x00000016   Code   RO          227    i.ADC_SoftwareStartConvCmd  stm32f10x_adc.o
    0x08000f84   0x08000f84   0x0000000a   Code   RO          229    i.ADC_StartCalibration  stm32f10x_adc.o
    0x08000f8e   0x08000f8e   0x00000004   Code   RO         5231    i.BusFault_Handler  stm32f10x_it.o
    0x08000f92   0x08000f92   0x00000002   PAD
    0x08000f94   0x08000f94   0x00000018   Code   RO         4780    i.CyclesToMs        servercomm.o
    0x08000fac   0x08000fac   0x0000000c   Code   RO         3862    i.DHT11_GetHumidity  dht11.o
    0x08000fb8   0x08000fb8   0x0000000c   Code   RO         3863    i.DHT11_GetTemperature  dht11.o
    0x08000fc4   0x08000fc4   0x00000030   Code   RO         3864    i.DHT11_Init        dht11.o
    0x08000ff4   0x08000ff4   0x000000e4   Code   RO         3865    i.DHT11_ReadData    dht11.o
    0x080010d8   0x080010d8   0x00000010   Code   RO         3866    i.DHT11_ReadPin     dht11.o
    0x080010e8   0x080010e8   0x0000001c   Code   RO         3867    i.DHT11_SetInput    dht11.o
    0x08001104   0x08001104   0x00000020   Code   RO         3868    i.DHT11_SetOutput   dht11.o
    0x08001124   0x08001124   0x0000000c   Code   RO         4781    i.DWT_GetCycles     servercomm.o
    0x08001130   0x08001130   0x00000028   Code   RO         4782    i.DWT_Init          servercomm.o
    0x08001158   0x08001158   0x00000002   Code   RO         5232    i.DebugMon_Handler  stm32f10x_it.o
    0x0800115a   0x0800115a   0x00000002   PAD
    0x0800115c   0x0800115c   0x0000007c   Code   RO         4479    i.EXTI0_IRQHandler  touch_key.o
    0x080011d8   0x080011d8   0x000000c0   Code   RO         4480    i.EXTI2_IRQHandler  touch_key.o
    0x08001298   0x08001298   0x000000c0   Code   RO         4481    i.EXTI3_IRQHandler  touch_key.o
    0x08001358   0x08001358   0x0000000c   Code   RO          985    i.EXTI_ClearITPendingBit  stm32f10x_exti.o
    0x08001364   0x08001364   0x00000028   Code   RO          989    i.EXTI_GetITStatus  stm32f10x_exti.o
    0x0800138c   0x0800138c   0x00000116   Code   RO         1347    i.GPIO_Init         stm32f10x_gpio.o
    0x080014a2   0x080014a2   0x00000002   PAD
    0x080014a4   0x080014a4   0x00000090   Code   RO         1349    i.GPIO_PinRemapConfig  stm32f10x_gpio.o
    0x08001534   0x08001534   0x00000012   Code   RO         1351    i.GPIO_ReadInputDataBit  stm32f10x_gpio.o
    0x08001546   0x08001546   0x00000012   Code   RO         1353    i.GPIO_ReadOutputDataBit  stm32f10x_gpio.o
    0x08001558   0x08001558   0x00000004   Code   RO         1354    i.GPIO_ResetBits    stm32f10x_gpio.o
    0x0800155c   0x0800155c   0x00000004   Code   RO         1355    i.GPIO_SetBits      stm32f10x_gpio.o
    0x08001560   0x08001560   0x0000000a   Code   RO         1358    i.GPIO_WriteBit     stm32f10x_gpio.o
    0x0800156a   0x0800156a   0x00000002   PAD
    0x0800156c   0x0800156c   0x0000000c   Code   RO         4702    i.GetSystemTime     oled_display.o
    0x08001578   0x08001578   0x00000004   Code   RO         5233    i.HardFault_Handler  stm32f10x_it.o
    0x0800157c   0x0800157c   0x00000048   Code   RO         3493    i.LED_Init          led.o
    0x080015c4   0x080015c4   0x00000022   Code   RO         4672    i.LightSensor_GetLux  lightsensor.o
    0x080015e6   0x080015e6   0x00000002   PAD
    0x080015e8   0x080015e8   0x00000080   Code   RO         4674    i.LightSensor_Init  lightsensor.o
    0x08001668   0x08001668   0x00000030   Code   RO         4675    i.LightSensor_Read  lightsensor.o
    0x08001698   0x08001698   0x00000004   Code   RO         5234    i.MemManage_Handler  stm32f10x_it.o
    0x0800169c   0x0800169c   0x00000002   Code   RO         5235    i.NMI_Handler       stm32f10x_it.o
    0x0800169e   0x0800169e   0x00000002   PAD
    0x080016a0   0x080016a0   0x00000070   Code   RO          137    i.NVIC_Init         misc.o
    0x08001710   0x08001710   0x0000004a   Code   RO         4784    i.NetworkQueue_Dequeue  servercomm.o
    0x0800175a   0x0800175a   0x00000002   PAD
    0x0800175c   0x0800175c   0x00000108   Code   RO         4785    i.NetworkQueue_Enqueue  servercomm.o
    0x08001864   0x08001864   0x00000008   Code   RO         4786    i.NetworkQueue_GetCount  servercomm.o
    0x0800186c   0x0800186c   0x00000058   Code   RO         4787    i.NetworkQueue_Init  servercomm.o
    0x080018c4   0x080018c4   0x00000010   Code   RO         4788    i.NetworkQueue_IsEmpty  servercomm.o
    0x080018d4   0x080018d4   0x00000012   Code   RO         4789    i.NetworkQueue_IsFull  servercomm.o
    0x080018e6   0x080018e6   0x0000002a   Code   RO         3566    i.OLED_Clear        oled.o
    0x08001910   0x08001910   0x000000a0   Code   RO         4703    i.OLED_Display_ActuatorStatus  oled_display.o
    0x080019b0   0x080019b0   0x000000c4   Code   RO         4704    i.OLED_Display_CycleMode  oled_display.o
    0x08001a74   0x08001a74   0x00000094   Code   RO         4705    i.OLED_Display_Init  oled_display.o
    0x08001b08   0x08001b08   0x000000b8   Code   RO         4706    i.OLED_Display_NetworkStatus  oled_display.o
    0x08001bc0   0x08001bc0   0x00000314   Code   RO         4707    i.OLED_Display_SensorData  oled_display.o
    0x08001ed4   0x08001ed4   0x000000f4   Code   RO         4708    i.OLED_Display_SystemStatus  oled_display.o
    0x08001fc8   0x08001fc8   0x00000050   Code   RO         4709    i.OLED_Display_Update  oled_display.o
    0x08002018   0x08002018   0x0000004c   Code   RO         3567    i.OLED_I2C_Init     oled.o
    0x08002064   0x08002064   0x00000050   Code   RO         3568    i.OLED_I2C_SendByte  oled.o
    0x080020b4   0x080020b4   0x00000030   Code   RO         3569    i.OLED_I2C_Start    oled.o
    0x080020e4   0x080020e4   0x00000028   Code   RO         3570    i.OLED_I2C_Stop     oled.o
    0x0800210c   0x0800210c   0x000000ae   Code   RO         3571    i.OLED_Init         oled.o
    0x080021ba   0x080021ba   0x00000022   Code   RO         3573    i.OLED_SetCursor    oled.o
    0x080021dc   0x080021dc   0x00000074   Code   RO         3575    i.OLED_ShowChar     oled.o
    0x08002250   0x08002250   0x00000028   Code   RO         3579    i.OLED_ShowString   oled.o
    0x08002278   0x08002278   0x00000020   Code   RO         3580    i.OLED_WriteCommand  oled.o
    0x08002298   0x08002298   0x00000020   Code   RO         3581    i.OLED_WriteData    oled.o
    0x080022b8   0x080022b8   0x00000002   Code   RO         5236    i.PendSV_Handler    stm32f10x_it.o
    0x080022ba   0x080022ba   0x00000002   PAD
    0x080022bc   0x080022bc   0x00000074   Code   RO         4987    i.PrintManager_Init  printmanager.o
    0x08002330   0x08002330   0x00000164   Code   RO         4988    i.PrintManager_Printf  printmanager.o
    0x08002494   0x08002494   0x00000038   Code   RO         4989    i.PrintManager_SetLevel  printmanager.o
    0x080024cc   0x080024cc   0x00000098   Code   RO         4990    i.PrintManager_SetModule  printmanager.o
    0x08002564   0x08002564   0x00000020   Code   RO         1775    i.RCC_APB1PeriphClockCmd  stm32f10x_rcc.o
    0x08002584   0x08002584   0x00000020   Code   RO         1777    i.RCC_APB2PeriphClockCmd  stm32f10x_rcc.o
    0x080025a4   0x080025a4   0x000000d4   Code   RO         1785    i.RCC_GetClocksFreq  stm32f10x_rcc.o
    0x08002678   0x08002678   0x00000018   Code   RO         4452    i.RELAY_1           relay.o
    0x08002690   0x08002690   0x00000018   Code   RO         4453    i.RELAY_2           relay.o
    0x080026a8   0x080026a8   0x00000028   Code   RO         4710    i.RELAY_GetState    oled_display.o
    0x080026d0   0x080026d0   0x00000044   Code   RO         4454    i.RELAY_Init        relay.o
    0x08002714   0x08002714   0x00000040   Code   RO         4596    i.RS485_Init        rs485.o
    0x08002754   0x08002754   0x00000048   Code   RO         4597    i.RS485_SendHex     rs485.o
    0x0800279c   0x0800279c   0x00000002   Code   RO         5237    i.SVC_Handler       stm32f10x_it.o
    0x0800279e   0x0800279e   0x00000024   Code   RO         3676    i.Serial_Printf     serial.o
    0x080027c2   0x080027c2   0x00000002   PAD
    0x080027c4   0x080027c4   0x00000020   Code   RO         3678    i.Serial_SendByte   serial.o
    0x080027e4   0x080027e4   0x0000001a   Code   RO         3680    i.Serial_SendString  serial.o
    0x080027fe   0x080027fe   0x00000002   PAD
    0x08002800   0x08002800   0x00000350   Code   RO         4791    i.ServerComm_CheckAndExecuteCommand  servercomm.o
    0x08002b50   0x08002b50   0x0000008c   Code   RO         4792    i.ServerComm_CheckRealConnection  servercomm.o
    0x08002bdc   0x08002bdc   0x00000214   Code   RO         4793    i.ServerComm_ConfirmCommand  servercomm.o
    0x08002df0   0x08002df0   0x000002bc   Code   RO         4794    i.ServerComm_Connect  servercomm.o
    0x080030ac   0x080030ac   0x0000004c   Code   RO         4796    i.ServerComm_EnsureConnection  servercomm.o
    0x080030f8   0x080030f8   0x00000174   Code   RO         4797    i.ServerComm_ExecuteCommand  servercomm.o
    0x0800326c   0x0800326c   0x000001a0   Code   RO         4798    i.ServerComm_Init   servercomm.o
    0x0800340c   0x0800340c   0x0000005c   Code   RO         4799    i.ServerComm_InitCommandQueue  servercomm.o
    0x08003468   0x08003468   0x00000020   Code   RO         4800    i.ServerComm_IsConnected  servercomm.o
    0x08003488   0x08003488   0x00000330   Code   RO         4801    i.ServerComm_ProcessBatch  servercomm.o
    0x080037b8   0x080037b8   0x000000b4   Code   RO         4802    i.ServerComm_ProcessCommandQueue  servercomm.o
    0x0800386c   0x0800386c   0x00000548   Code   RO         4804    i.ServerComm_ProcessRequest  servercomm.o
    0x08003db4   0x08003db4   0x00000198   Code   RO         4809    i.ServerComm_UploadActuatorStatus  servercomm.o
    0x08003f4c   0x08003f4c   0x000002c8   Code   RO         4810    i.ServerComm_UploadAllSensors  servercomm.o
    0x08004214   0x08004214   0x0000009c   Code   RO         4812    i.ServerComm_UploadSensorData  servercomm.o
    0x080042b0   0x080042b0   0x00000008   Code   RO           24    i.SetSysClock       system_stm32f10x.o
    0x080042b8   0x080042b8   0x000000e0   Code   RO           25    i.SetSysClockTo72   system_stm32f10x.o
    0x08004398   0x08004398   0x0000003a   Code   RO         4633    i.SoilSensor_CalculateCRC16  soilsensor.o
    0x080043d2   0x080043d2   0x00000002   PAD
    0x080043d4   0x080043d4   0x00000158   Code   RO         4635    i.SoilSensor_ReadData  soilsensor.o
    0x0800452c   0x0800452c   0x00000032   Code   RO         4636    i.SoilSensor_VerifyCRC16  soilsensor.o
    0x0800455e   0x0800455e   0x00000028   Code   RO          141    i.SysTick_CLKSourceConfig  misc.o
    0x08004586   0x08004586   0x00000002   Code   RO         5238    i.SysTick_Handler   stm32f10x_it.o
    0x08004588   0x08004588   0x00000060   Code   RO           27    i.SystemInit        system_stm32f10x.o
    0x080045e8   0x080045e8   0x00000034   Code   RO         4300    i.TIM2_IRQHandler   atk_mb026_uart.o
    0x0800461c   0x0800461c   0x00000006   Code   RO         2416    i.TIM_ClearITPendingBit  stm32f10x_tim.o
    0x08004622   0x08004622   0x00000018   Code   RO         2421    i.TIM_Cmd           stm32f10x_tim.o
    0x0800463a   0x0800463a   0x00000022   Code   RO         2442    i.TIM_GetITStatus   stm32f10x_tim.o
    0x0800465c   0x0800465c   0x00000012   Code   RO         2446    i.TIM_ITConfig      stm32f10x_tim.o
    0x0800466e   0x0800466e   0x00000004   Code   RO         2486    i.TIM_SetCounter    stm32f10x_tim.o
    0x08004672   0x08004672   0x00000002   PAD
    0x08004674   0x08004674   0x000000a4   Code   RO         2492    i.TIM_TimeBaseInit  stm32f10x_tim.o
    0x08004718   0x08004718   0x0000011c   Code   RO         4484    i.TOUCH_KEY_Scan    touch_key.o
    0x08004834   0x08004834   0x00000088   Code   RO         3371    i.USART1_IRQHandler  usart.o
    0x080048bc   0x080048bc   0x00000110   Code   RO         4301    i.USART2_IRQHandler  atk_mb026_uart.o
    0x080049cc   0x080049cc   0x0000006c   Code   RO         5239    i.USART3_IRQHandler  stm32f10x_it.o
    0x08004a38   0x08004a38   0x000000a8   Code   RO         4599    i.USART3_Init       rs485.o
    0x08004ae0   0x08004ae0   0x0000001e   Code   RO         2957    i.USART_ClearITPendingBit  stm32f10x_usart.o
    0x08004afe   0x08004afe   0x00000018   Code   RO         2960    i.USART_Cmd         stm32f10x_usart.o
    0x08004b16   0x08004b16   0x0000001a   Code   RO         2963    i.USART_GetFlagStatus  stm32f10x_usart.o
    0x08004b30   0x08004b30   0x00000054   Code   RO         2964    i.USART_GetITStatus  stm32f10x_usart.o
    0x08004b84   0x08004b84   0x0000004a   Code   RO         2966    i.USART_ITConfig    stm32f10x_usart.o
    0x08004bce   0x08004bce   0x00000002   PAD
    0x08004bd0   0x08004bd0   0x000000d8   Code   RO         2967    i.USART_Init        stm32f10x_usart.o
    0x08004ca8   0x08004ca8   0x0000000a   Code   RO         2974    i.USART_ReceiveData  stm32f10x_usart.o
    0x08004cb2   0x08004cb2   0x00000008   Code   RO         2977    i.USART_SendData    stm32f10x_usart.o
    0x08004cba   0x08004cba   0x00000004   Code   RO         5240    i.UsageFault_Handler  stm32f10x_it.o
    0x08004cbe   0x08004cbe   0x00000002   PAD
    0x08004cc0   0x08004cc0   0x00000020   Code   RO         5617    i.__0printf         mc_w.l(printfa.o)
    0x08004ce0   0x08004ce0   0x00000028   Code   RO         5619    i.__0sprintf        mc_w.l(printfa.o)
    0x08004d08   0x08004d08   0x00000034   Code   RO         5622    i.__0vsnprintf      mc_w.l(printfa.o)
    0x08004d3c   0x08004d3c   0x00000024   Code   RO         5623    i.__0vsprintf       mc_w.l(printfa.o)
    0x08004d60   0x08004d60   0x0000000e   Code   RO         5782    i.__scatterload_copy  mc_w.l(handlers.o)
    0x08004d6e   0x08004d6e   0x00000002   Code   RO         5783    i.__scatterload_null  mc_w.l(handlers.o)
    0x08004d70   0x08004d70   0x0000000e   Code   RO         5784    i.__scatterload_zeroinit  mc_w.l(handlers.o)
    0x08004d7e   0x08004d7e   0x00000002   PAD
    0x08004d80   0x08004d80   0x00000184   Code   RO         5624    i._fp_digits        mc_w.l(printfa.o)
    0x08004f04   0x08004f04   0x000006b4   Code   RO         5625    i._printf_core      mc_w.l(printfa.o)
    0x080055b8   0x080055b8   0x00000024   Code   RO         5626    i._printf_post_padding  mc_w.l(printfa.o)
    0x080055dc   0x080055dc   0x0000002e   Code   RO         5627    i._printf_pre_padding  mc_w.l(printfa.o)
    0x0800560a   0x0800560a   0x00000016   Code   RO         5628    i._snputc           mc_w.l(printfa.o)
    0x08005620   0x08005620   0x0000000a   Code   RO         5629    i._sputc            mc_w.l(printfa.o)
    0x0800562a   0x0800562a   0x00000002   PAD
    0x0800562c   0x0800562c   0x00000238   Code   RO         4103    i.atk_mb026_connect_tcp_server  atk_mb026.o
    0x08005864   0x08005864   0x000002f8   Code   RO         4105    i.atk_mb026_enter_unvarnished  atk_mb026.o
    0x08005b5c   0x08005b5c   0x00000058   Code   RO         4118    i.atk_mb026_send_at_cmd  atk_mb026.o
    0x08005bb4   0x08005bb4   0x00000858   Code   RO         4302    i.atk_mb026_uart_init  atk_mb026_uart.o
    0x0800640c   0x0800640c   0x00000074   Code   RO         4303    i.atk_mb026_uart_printf  atk_mb026_uart.o
    0x08006480   0x08006480   0x00000036   Code   RO         4304    i.atk_mb026_uart_printf_blocking  atk_mb026_uart.o
    0x080064b6   0x080064b6   0x00000002   PAD
    0x080064b8   0x080064b8   0x0000002c   Code   RO         4305    i.atk_mb026_uart_rx_get_frame  atk_mb026_uart.o
    0x080064e4   0x080064e4   0x0000001c   Code   RO         4307    i.atk_mb026_uart_rx_restart  atk_mb026_uart.o
    0x08006500   0x08006500   0x00000020   Code   RO         3199    i.delay_init        delay.o
    0x08006520   0x08006520   0x00000054   Code   RO         3200    i.delay_ms          delay.o
    0x08006574   0x08006574   0x0000004c   Code   RO         3201    i.delay_us          delay.o
    0x080065c0   0x080065c0   0x00000140   Code   RO         5024    i.dtu_config_init   atk_d43.o
    0x08006700   0x08006700   0x00000080   Code   RO         5025    i.dtu_config_work_param  atk_d43.o
    0x08006780   0x08006780   0x0000003c   Code   RO         5026    i.dtu_enter_configmode  atk_d43.o
    0x080067bc   0x080067bc   0x00000028   Code   RO         5028    i.dtu_enter_transfermode  atk_d43.o
    0x080067e4   0x080067e4   0x0000001c   Code   RO         3375    i.fputc             usart.o
    0x08006800   0x08006800   0x00000108   Code   RO         5137    i.init_4g_module    main.o
    0x08006908   0x08006908   0x0000037c   Code   RO         5138    i.main              main.o
    0x08006c84   0x08006c84   0x00000094   Code   RO         5038    i.send_cmd_to_dtu   atk_d43.o
    0x08006d18   0x08006d18   0x00000010   Code   RO         5040    i.send_data_to_dtu  atk_d43.o
    0x08006d28   0x08006d28   0x0000004c   Code   RO         4309    i.usart2_send_data  atk_mb026_uart.o
    0x08006d74   0x08006d74   0x0000003c   Code   RO         4310    i.usart2_send_data_blocking  atk_mb026_uart.o
    0x08006db0   0x08006db0   0x000000a0   Code   RO         3376    i.usart_init        usart.o
    0x08006e50   0x08006e50   0x000005f0   Data   RO         3582    .constdata          oled.o
    0x08007440   0x08007440   0x000006e4   Data   RO         5042    .constdata          atk_d43.o
    0x08007b24   0x08007b24   0x00000081   Data   RO         5740    .constdata          mc_w.l(ctype_o.o)
    0x08007ba5   0x08007ba5   0x00000003   PAD
    0x08007ba8   0x08007ba8   0x00000004   Data   RO         5741    .constdata          mc_w.l(ctype_o.o)
    0x08007bac   0x08007bac   0x0000008e   Data   RO         4485    .conststring        touch_key.o
    0x08007c3a   0x08007c3a   0x00000002   PAD
    0x08007c3c   0x08007c3c   0x00000043   Data   RO         4814    .conststring        servercomm.o
    0x08007c7f   0x08007c7f   0x00000001   PAD
    0x08007c80   0x08007c80   0x00001594   Data   RO         5043    .conststring        atk_d43.o
    0x08009214   0x08009214   0x00000044   Data   RO         5143    .conststring        main.o
    0x08009258   0x08009258   0x00000020   Data   RO         5780    Region$$Table       anon$$obj.o


    Execution Region RW_IRAM1 (Exec base: 0x20000000, Load base: 0x08009278, Size: 0x00003020, Max: 0x00005000, ABSOLUTE)

    Exec Addr    Load Addr    Size         Type   Attr      Idx    E Section Name        Object

    0x20000000   0x08009278   0x00000014   Data   RW           28    .data               system_stm32f10x.o
    0x20000014   0x0800928c   0x00000014   Data   RW         1805    .data               stm32f10x_rcc.o
    0x20000028   0x080092a0   0x00000004   Data   RW         3202    .data               delay.o
    0x2000002c   0x080092a4   0x00000008   Data   RW         3268    .data               sys.o
    0x20000034   0x080092ac   0x00000007   Data   RW         3378    .data               usart.o
    0x2000003b   0x080092b3   0x00000005   Data   RW         3869    .data               dht11.o
    0x20000040   0x080092b8   0x00000006   Data   RW         4312    .data               atk_mb026_uart.o
    0x20000046   0x080092be   0x00000002   PAD
    0x20000048   0x080092c0   0x00000008   Data   RW         4486    .data               touch_key.o
    0x20000050   0x080092c8   0x00000002   Data   RW         4601    .data               rs485.o
    0x20000052   0x080092ca   0x00000002   PAD
    0x20000054   0x080092cc   0x00000008   Data   RW         4711    .data               oled_display.o
    0x2000005c   0x080092d4   0x0000000a   Data   RW         4815    .data               servercomm.o
    0x20000066   0x080092de   0x00000009   Data   RW         4991    .data               printmanager.o
    0x2000006f   0x080092e7   0x00000001   PAD
    0x20000070   0x080092e8   0x00000006   Data   RW         5144    .data               main.o
    0x20000076   0x080092ee   0x00000002   PAD
    0x20000078        -       0x00000010   Zero   RW         3267    .bss                sys.o
    0x20000088        -       0x000000c8   Zero   RW         3377    .bss                usart.o
    0x20000150        -       0x00000480   Zero   RW         4311    .bss                atk_mb026_uart.o
    0x200005d0        -       0x00000040   Zero   RW         4600    .bss                rs485.o
    0x20000610        -       0x0000200e   Zero   RW         4813    .bss                servercomm.o
    0x2000261e        -       0x00000600   Zero   RW         5041    .bss                atk_d43.o
    0x20002c1e   0x080092ee   0x00000002   PAD
    0x20002c20        -       0x00000400   Zero   RW            1    STACK               startup_stm32f10x_md.o


==============================================================================

Image component sizes


      Code (inc. data)   RO Data    RW Data    ZI Data      Debug   Object Name

       712        108       7288          0       1536       6624   atk_d43.o
      1416        852          0          0          0       2749   atk_mb026.o
      2838       1710          0          6       1152       6241   atk_mb026_uart.o
         0          0          0          0          0       4516   core_cm3.o
       192         14          0          4          0       1539   delay.o
       376         36          0          5          0       3761   dht11.o
        72          6          0          0          0        443   led.o
       210         14          0          0          0       1527   lightsensor.o
      1156        606         68          6          0       1754   main.o
       152         12          0          0          0     213590   misc.o
       714         26       1520          0          0       5963   oled.o
      1852        776          0          8          0       7189   oled_display.o
       680        356          0          9          0       2971   printmanager.o
       116         22          0          0          0       1365   relay.o
       304         24          0          2         64       2189   rs485.o
        94          4          0          0          0       2078   serial.o
      7376       3646         67         10       8206      21419   servercomm.o
       452         14          0          0          0       3107   soilsensor.o
        36          8        236          0       1024        780   startup_stm32f10x_md.o
       394         10          0          0          0      17889   stm32f10x_adc.o
        52         12          0          0          0        996   stm32f10x_exti.o
       476          6          0          0          0      13443   stm32f10x_gpio.o
       134         12          0          0          0       3958   stm32f10x_it.o
       276         32          0         20          0      12782   stm32f10x_rcc.o
       250         42          0          0          0      23891   stm32f10x_tim.o
       472          6          0          0          0      12175   stm32f10x_usart.o
         0          0          0          8         16        316   sys.o
       328         28          0         20          0      45221   system_stm32f10x.o
       792        278        142          8          0       2833   touch_key.o
       324         40          0          7        200       3477   usart.o

    ----------------------------------------------------------------------
     22276       8700       9356        120      12200     426786   Object Totals
         0          0         32          0          0          0   (incl. Generated)
        30          0          3          7          2          0   (incl. Padding)

    ----------------------------------------------------------------------

      Code (inc. data)   RO Data    RW Data    ZI Data      Debug   Library Member Name

        56          8          0          0          0         84   __0sscanf.o
        28          0          0          0          0         68   _chval.o
       816          6          0          0          0        112   _scanf.o
       332          0          0          0          0         96   _scanf_int.o
        64          0          0          0          0         84   _sgetc.o
         8          4        133          0          0         68   ctype_o.o
         0          0          0          0          0          0   entry.o
         0          0          0          0          0          0   entry10a.o
         0          0          0          0          0          0   entry11a.o
         4          0          0          0          0          0   entry12b.o
         8          4          0          0          0          0   entry2.o
         4          0          0          0          0          0   entry5.o
         0          0          0          0          0          0   entry7b.o
         0          0          0          0          0          0   entry8b.o
         8          4          0          0          0          0   entry9a.o
        30          0          0          0          0          0   handlers.o
        36          8          0          0          0         68   init.o
        18          0          0          0          0         76   isspace_o.o
         0          0          0          0          0          0   iusefp.o
        30          0          0          0          0         68   llshl.o
        36          0          0          0          0         68   llsshr.o
        32          0          0          0          0         68   llushr.o
        36          0          0          0          0         68   memcpya.o
        36          0          0          0          0        108   memseta.o
      2378        108          0          0          0        844   printfa.o
        40          8          0          0          0         84   scanf_char.o
        24          0          0          0          0         68   strcat.o
        28          0          0          0          0         76   strcmp.o
        18          0          0          0          0         68   strcpy.o
        14          0          0          0          0         68   strlen.o
        24          0          0          0          0         76   strncpy.o
        36          0          0          0          0         80   strstr.o
        44          0          0          0          0         80   uidiv.o
        98          0          0          0          0         92   uldiv.o
        48          0          0          0          0         68   cdcmple.o
        48          0          0          0          0         68   cdrcmple.o
        20          0          0          0          0         68   cfrcmple.o
       334          0          0          0          0        148   dadd.o
       222          0          0          0          0        100   ddiv.o
       186          0          0          0          0        176   depilogue.o
        48          0          0          0          0         68   dfixul.o
       228          0          0          0          0         96   dmul.o
        38          0          0          0          0         68   f2d.o
       124          0          0          0          0         88   fdiv.o
       110          0          0          0          0        168   fepilogue.o
        18          0          0          0          0         68   fflti.o
        10          0          0          0          0         68   ffltui.o

    ----------------------------------------------------------------------
      5728        150        136          0          0       3824   Library Totals
         8          0          3          0          0          0   (incl. Padding)

    ----------------------------------------------------------------------

      Code (inc. data)   RO Data    RW Data    ZI Data      Debug   Library Name

      4286        150        133          0          0       2572   mc_w.l
      1434          0          0          0          0       1252   mf_w.l

    ----------------------------------------------------------------------
      5728        150        136          0          0       3824   Library Totals

    ----------------------------------------------------------------------

==============================================================================


      Code (inc. data)   RO Data    RW Data    ZI Data      Debug   

     28004       8850       9492        120      12200     420934   Grand Totals
     28004       8850       9492        120      12200     420934   ELF Image Totals
     28004       8850       9492        120          0          0   ROM Totals

==============================================================================

    Total RO  Size (Code + RO Data)                37496 (  36.62kB)
    Total RW  Size (RW Data + ZI Data)             12320 (  12.03kB)
    Total ROM Size (Code + RO Data + RW Data)      37616 (  36.73kB)

==============================================================================

